173.216.153.220 - - [10/Oct/2015:20:24:18 ] "GET /Revlon HTTP/1.0" 200 4045 "-" "Mozilla/5.0 (Macintosh; Intel Mac OS X 10_9_2) AppleWebKit/537.36 (KHTML, like Gecko) Chrome/36.0.1944.0 Safari/537.36"
179.203.132.160 - - [10/Oct/2015:20:26:05 ] "GET /Store/cart.jsp?productID=1460 HTTP/1.0" 200 3277 "-" "Mozilla/5.0 (Windows NT 5.1; rv:31.0) Gecko/20100101 Firefox/31.0"
173.216.153.220 - - [10/Oct/2015:20:27:17 ] "GET /Gucci HTTP/1.0" 200 4417 "-" "Mozilla/5.0 (Windows NT 5.1; rv:31.0) Gecko/20100101 Firefox/31.0"
20.149.200.80 - - [10/Oct/2015:20:31:48 ] "GET /Gucci HTTP/1.0" 200 3477 "-" "Mozilla/5.0 (Windows NT 5.1; rv:31.0) Gecko/20100101 Firefox/31.0"
20.149.200.80 - - [10/Oct/2015:20:36:04 ] "GET /Store/cart.jsp?productID=1341 HTTP/1.0" 200 4296 "http://instagram.com" "Mozilla/5.0 (iPad; CPU OS 6_0 like Mac OS X) AppleWebKit/536.26 (KHTML, like Gecko) Version/6.0 Mobile/10A5355d Safari/8536.25"
154.14.161.138 - - [10/Oct/2015:20:38:13 ] "GET /Bvlgari HTTP/1.0" 200 3306 "http://twitter.com" "Mozilla/5.0 (Linux; U; Android 2.3.5; en-us; HTC Vision Build/GRI40) AppleWebKit/533.1 (KHTML, like Gecko) Version/4.0 Mobile Safari/533.1"
148.12.180.110 - - [10/Oct/2015:20:40:15 ] "GET /Store/cart.jsp?productID=1213 HTTP/1.0" 200 2831 "http://instagram.com" "Mozilla/5.0 (Windows NT 5.1; rv:31.0) Gecko/20100101 Firefox/31.0"
62.112.34.46 - - [10/Oct/2015:20:44:12 ] "GET /Bvlgari HTTP/1.0" 200 3608 "http://www.google.com" "Mozilla/5.0 (Linux; U; Android 2.3.5; en-us; HTC Vision Build/GRI40) AppleWebKit/533.1 (KHTML, like Gecko) Version/4.0 Mobile Safari/533.1"
72.183.126.71 - - [10/Oct/2015:20:48:53 ] "GET /CalvinKlein HTTP/1.0" 200 2761 "http://twitter.com" "Mozilla/5.0 (Linux; U; Android 2.3.5; en-us; HTC Vision Build/GRI40) AppleWebKit/533.1 (KHTML, like Gecko) Version/4.0 Mobile Safari/533.1"
72.183.126.71 - - [10/Oct/2015:20:51:44 ] "GET /Bvlgari HTTP/1.0" 200 4729 "http://instagram.com" "Mozilla/5.0 (Windows; U; Windows NT 6.1; rv:2.2) Gecko/20110201"
137.89.53.3 - - [10/Oct/2015:20:54:14 ] "GET /Bvlgari HTTP/1.0" 200 2921 "http://www.google.com" "Mozilla/5.0 (Windows; U; MSIE 9.0; WIndows NT 9.0; en-US))"
148.12.180.110 - - [10/Oct/2015:20:55:13 ] "GET /Revlon HTTP/1.0" 200 2695 "http://facebook.com/" "Mozilla/5.0 (iPad; CPU OS 6_0 like Mac OS X) AppleWebKit/536.26 (KHTML, like Gecko) Version/6.0 Mobile/10A5355d Safari/8536.25"
148.12.180.110 - - [10/Oct/2015:20:57:25 ] "GET /Chanel HTTP/1.0" 200 4958 "-" "Mozilla/5.0 (Windows; U; MSIE 9.0; WIndows NT 9.0; en-US))"
137.89.53.3 - - [10/Oct/2015:20:58:15 ] "GET /Prada HTTP/1.0" 200 3207 "http://twitter.com" "Mozilla/5.0 (Macintosh; Intel Mac OS X 10_9_2) AppleWebKit/537.36 (KHTML, like Gecko) Chrome/36.0.1944.0 Safari/537.36"
129.205.99.233 - - [10/Oct/2015:21:00:39 ] "GET /Store/cart.jsp?productID=1267 HTTP/1.0" 200 3821 "http://www.google.com" "Mozilla/5.0 (iPad; CPU OS 6_0 like Mac OS X) AppleWebKit/536.26 (KHTML, like Gecko) Version/6.0 Mobile/10A5355d Safari/8536.25"
181.3.249.130 - - [10/Oct/2015:21:05:02 ] "GET /YSL HTTP/1.0" 200 2838 "-" "Mozilla/5.0 (Linux; U; Android 2.3.5; en-us; HTC Vision Build/GRI40) AppleWebKit/533.1 (KHTML, like Gecko) Version/4.0 Mobile Safari/533.1"
72.183.126.71 - - [10/Oct/2015:21:09:00 ] "GET /Prada HTTP/1.0" 200 3003 "-" "Mozilla/5.0 (Windows NT 5.1; rv:31.0) Gecko/20100101 Firefox/31.0"
181.3.249.130 - - [10/Oct/2015:21:13:00 ] "GET /Store/cart.jsp?productID=1115 HTTP/1.0" 200 4343 "http://facebook.com/" "Mozilla/5.0 (Macintosh; Intel Mac OS X 10_9_2) AppleWebKit/537.36 (KHTML, like Gecko) Chrome/36.0.1944.0 Safari/537.36"
148.12.180.110 - - [10/Oct/2015:21:15:36 ] "GET /HugoBoss HTTP/1.0" 200 2216 "http://instagram.com" "Mozilla/5.0 (Windows; U; MSIE 9.0; WIndows NT 9.0; en-US))"
129.205.99.233 - - [10/Oct/2015:21:17:37 ] "GET /Prada HTTP/1.0" 200 2987 "http://instagram.com" "Mozilla/5.0 (iPad; CPU OS 6_0 like Mac OS X) AppleWebKit/536.26 (KHTML, like Gecko) Version/6.0 Mobile/10A5355d Safari/8536.25"
179.203.132.160 - - [10/Oct/2015:21:21:38 ] "GET /Chanel HTTP/1.0" 200 2704 "http://facebook.com/" "Mozilla/5.0 (Windows NT 5.1; rv:31.0) Gecko/20100101 Firefox/31.0"
148.12.180.110 - - [10/Oct/2015:21:24:23 ] "GET /Chanel HTTP/1.0" 200 2723 "http://facebook.com/" "Mozilla/5.0 (Macintosh; Intel Mac OS X 10_9_2) AppleWebKit/537.36 (KHTML, like Gecko) Chrome/36.0.1944.0 Safari/537.36"
179.203.132.160 - - [10/Oct/2015:21:25:06 ] "GET /Prada HTTP/1.0" 200 4591 "http://www.google.com" "Mozilla/5.0 (Linux; U; Android 2.3.5; en-us; HTC Vision Build/GRI40) AppleWebKit/533.1 (KHTML, like Gecko) Version/4.0 Mobile Safari/533.1"
179.203.132.160 - - [10/Oct/2015:21:26:15 ] "GET /YSL HTTP/1.0" 200 3614 "http://instagram.com" "Mozilla/5.0 (Linux; U; Android 2.3.5; en-us; HTC Vision Build/GRI40) AppleWebKit/533.1 (KHTML, like Gecko) Version/4.0 Mobile Safari/533.1"
62.112.34.46 - - [10/Oct/2015:21:27:00 ] "GET /Dior HTTP/1.0" 200 2024 "http://instagram.com" "Mozilla/5.0 (Windows NT 5.1; rv:31.0) Gecko/20100101 Firefox/31.0"
179.203.132.160 - - [10/Oct/2015:21:28:02 ] "GET /Store/cart.jsp?productID=1443 HTTP/1.0" 200 4869 "http://instagram.com" "Mozilla/5.0 (Windows NT 5.1; rv:31.0) Gecko/20100101 Firefox/31.0"
72.183.126.71 - - [10/Oct/2015:21:32:23 ] "GET /Revlon HTTP/1.0" 200 2118 "-" "Mozilla/5.0 (Windows; U; MSIE 9.0; WIndows NT 9.0; en-US))"
148.12.180.110 - - [10/Oct/2015:21:33:52 ] "GET /CalvinKlein HTTP/1.0" 200 2287 "http://instagram.com" "Mozilla/5.0 (Linux; U; Android 2.3.5; en-us; HTC Vision Build/GRI40) AppleWebKit/533.1 (KHTML, like Gecko) Version/4.0 Mobile Safari/533.1"
137.89.53.3 - - [10/Oct/2015:21:38:47 ] "GET /Store/cart.jsp?productID=1457 HTTP/1.0" 200 3115 "-" "Mozilla/5.0 (Linux; U; Android 2.3.5; en-us; HTC Vision Build/GRI40) AppleWebKit/533.1 (KHTML, like Gecko) Version/4.0 Mobile Safari/533.1"
20.149.200.80 - - [10/Oct/2015:21:41:04 ] "GET /YSL HTTP/1.0" 200 2926 "-" "Mozilla/4.0 (compatible; MSIE 7.0; Windows NT 6.0)"
129.205.99.233 - - [10/Oct/2015:21:42:29 ] "GET /CalvinKlein HTTP/1.0" 200 4448 "-" "Mozilla/5.0 (Windows; U; MSIE 9.0; WIndows NT 9.0; en-US))"
72.183.126.71 - - [10/Oct/2015:21:43:18 ] "GET /Revlon HTTP/1.0" 200 4841 "http://instagram.com" "Mozilla/4.0 (compatible; MSIE 7.0; Windows NT 6.0)"
148.12.180.110 - - [10/Oct/2015:21:44:54 ] "GET /Dior HTTP/1.0" 200 4873 "http://facebook.com/" "Mozilla/5.0 (iPad; CPU OS 6_0 like Mac OS X) AppleWebKit/536.26 (KHTML, like Gecko) Version/6.0 Mobile/10A5355d Safari/8536.25"
137.89.53.3 - - [10/Oct/2015:21:48:59 ] "GET /Prada HTTP/1.0" 200 2322 "http://instagram.com" "Mozilla/5.0 (iPad; CPU OS 6_0 like Mac OS X) AppleWebKit/536.26 (KHTML, like Gecko) Version/6.0 Mobile/10A5355d Safari/8536.25"
179.203.132.160 - - [10/Oct/2015:21:50:31 ] "GET /YSL HTTP/1.0" 200 3152 "http://twitter.com" "Mozilla/5.0 (Windows NT 5.1; rv:31.0) Gecko/20100101 Firefox/31.0"
62.112.34.46 - - [10/Oct/2015:21:51:09 ] "GET /Chanel HTTP/1.0" 200 3176 "http://www.google.com" "Mozilla/5.0 (Macintosh; Intel Mac OS X 10_9_2) AppleWebKit/537.36 (KHTML, like Gecko) Chrome/36.0.1944.0 Safari/537.36"
137.89.53.3 - - [10/Oct/2015:21:52:13 ] "GET /Givency HTTP/1.0" 200 2272 "http://twitter.com" "Mozilla/5.0 (iPad; CPU OS 6_0 like Mac OS X) AppleWebKit/536.26 (KHTML, like Gecko) Version/6.0 Mobile/10A5355d Safari/8536.25"
62.112.34.46 - - [10/Oct/2015:21:54:08 ] "GET /Bvlgari HTTP/1.0" 200 3427 "http://facebook.com/" "Mozilla/5.0 (Windows; U; MSIE 9.0; WIndows NT 9.0; en-US))"
179.203.132.160 - - [10/Oct/2015:21:58:46 ] "GET /HugoBoss HTTP/1.0" 200 4835 "http://twitter.com" "Mozilla/5.0 (Windows; U; MSIE 9.0; WIndows NT 9.0; en-US))"
72.183.126.71 - - [10/Oct/2015:22:03:19 ] "GET /Bvlgari HTTP/1.0" 200 2624 "http://www.google.com" "Mozilla/4.0 (compatible; MSIE 7.0; Windows NT 6.0)"
129.205.99.233 - - [10/Oct/2015:22:05:38 ] "GET /YSL HTTP/1.0" 200 2584 "-" "Mozilla/5.0 (iPad; CPU OS 6_0 like Mac OS X) AppleWebKit/536.26 (KHTML, like Gecko) Version/6.0 Mobile/10A5355d Safari/8536.25"
173.216.153.220 - - [10/Oct/2015:22:10:26 ] "GET /HugoBoss HTTP/1.0" 200 2741 "http://instagram.com" "Mozilla/5.0 (Windows NT 5.1; rv:31.0) Gecko/20100101 Firefox/31.0"
129.205.99.233 - - [10/Oct/2015:22:15:26 ] "GET /Store/cart.jsp?productID=1078 HTTP/1.0" 200 4257 "http://facebook.com/" "Mozilla/5.0 (iPad; CPU OS 6_0 like Mac OS X) AppleWebKit/536.26 (KHTML, like Gecko) Version/6.0 Mobile/10A5355d Safari/8536.25"
129.205.99.233 - - [10/Oct/2015:22:16:52 ] "GET /Givency HTTP/1.0" 200 3225 "http://facebook.com/" "Mozilla/4.0 (compatible; MSIE 7.0; Windows NT 6.0)"
148.12.180.110 - - [10/Oct/2015:22:18:31 ] "GET /Revlon HTTP/1.0" 200 4189 "http://www.google.com" "Mozilla/5.0 (Windows; U; Windows NT 6.1; rv:2.2) Gecko/20110201"
62.112.34.46 - - [10/Oct/2015:22:19:40 ] "GET /Gucci HTTP/1.0" 200 3215 "http://www.google.com" "Mozilla/5.0 (Windows; U; Windows NT 6.1; rv:2.2) Gecko/20110201"
179.203.132.160 - - [10/Oct/2015:22:22:23 ] "GET /Store/cart.jsp?productID=1234 HTTP/1.0" 200 3806 "http://twitter.com" "Mozilla/4.0 (compatible; MSIE 7.0; Windows NT 6.0)"
173.216.153.220 - - [10/Oct/2015:22:25:34 ] "GET /Dior HTTP/1.0" 200 4920 "http://www.google.com" "Mozilla/5.0 (Windows; U; Windows NT 6.1; rv:2.2) Gecko/20110201"
129.205.99.233 - - [10/Oct/2015:22:27:49 ] "GET /Prada HTTP/1.0" 200 4344 "http://twitter.com" "Mozilla/5.0 (iPad; CPU OS 6_0 like Mac OS X) AppleWebKit/536.26 (KHTML, like Gecko) Version/6.0 Mobile/10A5355d Safari/8536.25"
137.89.53.3 - - [10/Oct/2015:22:31:05 ] "GET /Prada HTTP/1.0" 200 2156 "http://instagram.com" "Mozilla/5.0 (Linux; U; Android 2.3.5; en-us; HTC Vision Build/GRI40) AppleWebKit/533.1 (KHTML, like Gecko) Version/4.0 Mobile Safari/533.1"
72.183.126.71 - - [10/Oct/2015:22:33:57 ] "GET /Givency HTTP/1.0" 200 2248 "-" "Mozilla/5.0 (iPad; CPU OS 6_0 like Mac OS X) AppleWebKit/536.26 (KHTML, like Gecko) Version/6.0 Mobile/10A5355d Safari/8536.25"
137.89.53.3 - - [10/Oct/2015:22:37:56 ] "GET /YSL HTTP/1.0" 200 2666 "http://www.google.com" "Mozilla/4.0 (compatible; MSIE 7.0; Windows NT 6.0)"
62.112.34.46 - - [10/Oct/2015:22:39:22 ] "GET /CalvinKlein HTTP/1.0" 200 3769 "http://www.google.com" "Mozilla/5.0 (Windows; U; Windows NT 6.1; rv:2.2) Gecko/20110201"
148.12.180.110 - - [10/Oct/2015:22:40:59 ] "GET /CalvinKlein HTTP/1.0" 200 3652 "http://www.google.com" "Mozilla/5.0 (Windows; U; Windows NT 6.1; rv:2.2) Gecko/20110201"
72.183.126.71 - - [10/Oct/2015:22:43:18 ] "GET /Gucci HTTP/1.0" 200 3812 "-" "Mozilla/5.0 (Windows; U; Windows NT 6.1; rv:2.2) Gecko/20110201"
154.14.161.138 - - [10/Oct/2015:22:45:41 ] "GET /CalvinKlein HTTP/1.0" 200 3727 "http://twitter.com" "Mozilla/5.0 (Windows; U; MSIE 9.0; WIndows NT 9.0; en-US))"
20.149.200.80 - - [10/Oct/2015:22:48:51 ] "GET /Chanel HTTP/1.0" 200 3800 "http://twitter.com" "Mozilla/5.0 (Windows NT 5.1; rv:31.0) Gecko/20100101 Firefox/31.0"
181.3.249.130 - - [10/Oct/2015:22:50:46 ] "GET /Givency HTTP/1.0" 200 4582 "http://twitter.com" "Mozilla/4.0 (compatible; MSIE 7.0; Windows NT 6.0)"
154.14.161.138 - - [10/Oct/2015:22:55:37 ] "GET /HugoBoss HTTP/1.0" 200 2431 "http://instagram.com" "Mozilla/5.0 (iPad; CPU OS 6_0 like Mac OS X) AppleWebKit/536.26 (KHTML, like Gecko) Version/6.0 Mobile/10A5355d Safari/8536.25"
179.203.132.160 - - [10/Oct/2015:22:59:04 ] "GET /Store/cart.jsp?productID=1039 HTTP/1.0" 200 4940 "http://www.google.com" "Mozilla/5.0 (iPad; CPU OS 6_0 like Mac OS X) AppleWebKit/536.26 (KHTML, like Gecko) Version/6.0 Mobile/10A5355d Safari/8536.25"
173.216.153.220 - - [10/Oct/2015:23:01:17 ] "GET /CalvinKlein HTTP/1.0" 200 2340 "http://www.google.com" "Mozilla/5.0 (iPad; CPU OS 6_0 like Mac OS X) AppleWebKit/536.26 (KHTML, like Gecko) Version/6.0 Mobile/10A5355d Safari/8536.25"
181.3.249.130 - - [10/Oct/2015:23:05:11 ] "GET /YSL HTTP/1.0" 200 2571 "http://instagram.com" "Mozilla/5.0 (Windows; U; Windows NT 6.1; rv:2.2) Gecko/20110201"
173.216.153.220 - - [10/Oct/2015:23:07:07 ] "GET /Bvlgari HTTP/1.0" 200 4764 "http://facebook.com/" "Mozilla/4.0 (compatible; MSIE 7.0; Windows NT 6.0)"
154.14.161.138 - - [10/Oct/2015:23:11:44 ] "GET /CalvinKlein HTTP/1.0" 200 2698 "http://twitter.com" "Mozilla/5.0 (Windows; U; Windows NT 6.1; rv:2.2) Gecko/20110201"
129.205.99.233 - - [10/Oct/2015:23:14:49 ] "GET /Givency HTTP/1.0" 200 4023 "http://twitter.com" "Mozilla/5.0 (Windows; U; Windows NT 6.1; rv:2.2) Gecko/20110201"
148.12.180.110 - - [10/Oct/2015:23:19:42 ] "GET /Givency HTTP/1.0" 200 2962 "http://twitter.com" "Mozilla/5.0 (Windows; U; MSIE 9.0; WIndows NT 9.0; en-US))"
148.12.180.110 - - [10/Oct/2015:23:21:37 ] "GET /Gucci HTTP/1.0" 200 2710 "http://www.google.com" "Mozilla/4.0 (compatible; MSIE 7.0; Windows NT 6.0)"
137.89.53.3 - - [10/Oct/2015:23:22:21 ] "GET /Bvlgari HTTP/1.0" 200 3259 "http://facebook.com/" "Mozilla/4.0 (compatible; MSIE 7.0; Windows NT 6.0)"
181.3.249.130 - - [10/Oct/2015:23:24:45 ] "GET /YSL HTTP/1.0" 200 3651 "-" "Mozilla/5.0 (Linux; U; Android 2.3.5; en-us; HTC Vision Build/GRI40) AppleWebKit/533.1 (KHTML, like Gecko) Version/4.0 Mobile Safari/533.1"
72.183.126.71 - - [10/Oct/2015:23:26:36 ] "GET /Givency HTTP/1.0" 200 4135 "http://www.google.com" "Mozilla/5.0 (Windows; U; MSIE 9.0; WIndows NT 9.0; en-US))"
181.3.249.130 - - [10/Oct/2015:23:30:20 ] "GET /Dior HTTP/1.0" 200 2716 "http://facebook.com/" "Mozilla/4.0 (compatible; MSIE 7.0; Windows NT 6.0)"
148.12.180.110 - - [10/Oct/2015:23:34:05 ] "GET /Revlon HTTP/1.0" 200 4000 "http://twitter.com" "Mozilla/5.0 (Windows NT 5.1; rv:31.0) Gecko/20100101 Firefox/31.0"
72.183.126.71 - - [10/Oct/2015:23:34:44 ] "GET /Gucci HTTP/1.0" 200 2436 "http://instagram.com" "Mozilla/5.0 (Windows; U; Windows NT 6.1; rv:2.2) Gecko/20110201"
154.14.161.138 - - [10/Oct/2015:23:38:08 ] "GET /CalvinKlein HTTP/1.0" 200 3644 "http://www.google.com" "Mozilla/4.0 (compatible; MSIE 7.0; Windows NT 6.0)"
148.12.180.110 - - [10/Oct/2015:23:41:44 ] "GET /Bvlgari HTTP/1.0" 200 2043 "http://facebook.com/" "Mozilla/5.0 (Windows; U; MSIE 9.0; WIndows NT 9.0; en-US))"
72.183.126.71 - - [10/Oct/2015:23:46:20 ] "GET /Chanel HTTP/1.0" 200 3912 "-" "Mozilla/4.0 (compatible; MSIE 7.0; Windows NT 6.0)"
129.205.99.233 - - [10/Oct/2015:23:49:33 ] "GET /HugoBoss HTTP/1.0" 200 2524 "http://twitter.com" "Mozilla/5.0 (Windows; U; Windows NT 6.1; rv:2.2) Gecko/20110201"
181.3.249.130 - - [10/Oct/2015:23:54:12 ] "GET /Prada HTTP/1.0" 200 3483 "http://facebook.com/" "Mozilla/5.0 (iPad; CPU OS 6_0 like Mac OS X) AppleWebKit/536.26 (KHTML, like Gecko) Version/6.0 Mobile/10A5355d Safari/8536.25"
129.205.99.233 - - [10/Oct/2015:23:58:19 ] "GET /Dior HTTP/1.0" 200 3654 "http://twitter.com" "Mozilla/5.0 (Linux; U; Android 2.3.5; en-us; HTC Vision Build/GRI40) AppleWebKit/533.1 (KHTML, like Gecko) Version/4.0 Mobile Safari/533.1"
72.183.126.71 - - [10/Oct/2015:23:59:40 ] "GET /Bvlgari HTTP/1.0" 200 2081 "http://twitter.com" "Mozilla/4.0 (compatible; MSIE 7.0; Windows NT 6.0)"
181.3.249.130 - - [11/Oct/2015:00:00:41 ] "GET /Revlon HTTP/1.0" 200 3886 "http://twitter.com" "Mozilla/5.0 (Macintosh; Intel Mac OS X 10_9_2) AppleWebKit/537.36 (KHTML, like Gecko) Chrome/36.0.1944.0 Safari/537.36"
129.205.99.233 - - [11/Oct/2015:00:04:46 ] "GET /HugoBoss HTTP/1.0" 200 2415 "-" "Mozilla/5.0 (Linux; U; Android 2.3.5; en-us; HTC Vision Build/GRI40) AppleWebKit/533.1 (KHTML, like Gecko) Version/4.0 Mobile Safari/533.1"
148.12.180.110 - - [11/Oct/2015:00:07:47 ] "GET /Dior HTTP/1.0" 200 3781 "http://facebook.com/" "Mozilla/5.0 (Windows NT 5.1; rv:31.0) Gecko/20100101 Firefox/31.0"
148.12.180.110 - - [11/Oct/2015:00:10:13 ] "GET /Dior HTTP/1.0" 200 3603 "http://instagram.com" "Mozilla/5.0 (Windows NT 5.1; rv:31.0) Gecko/20100101 Firefox/31.0"
129.205.99.233 - - [11/Oct/2015:00:12:39 ] "GET /Gucci HTTP/1.0" 200 4234 "http://instagram.com" "Mozilla/4.0 (compatible; MSIE 7.0; Windows NT 6.0)"
181.3.249.130 - - [11/Oct/2015:00:15:52 ] "GET /Givency HTTP/1.0" 200 4770 "-" "Mozilla/5.0 (Windows NT 5.1; rv:31.0) Gecko/20100101 Firefox/31.0"
72.183.126.71 - - [11/Oct/2015:00:16:45 ] "GET /CalvinKlein HTTP/1.0" 200 2256 "http://www.google.com" "Mozilla/5.0 (iPad; CPU OS 6_0 like Mac OS X) AppleWebKit/536.26 (KHTML, like Gecko) Version/6.0 Mobile/10A5355d Safari/8536.25"
148.12.180.110 - - [11/Oct/2015:00:17:59 ] "GET /Bvlgari HTTP/1.0" 200 4810 "-" "Mozilla/5.0 (Windows; U; Windows NT 6.1; rv:2.2) Gecko/20110201"
173.216.153.220 - - [11/Oct/2015:00:19:30 ] "GET /CalvinKlein HTTP/1.0" 200 3382 "http://www.google.com" "Mozilla/5.0 (Macintosh; Intel Mac OS X 10_9_2) AppleWebKit/537.36 (KHTML, like Gecko) Chrome/36.0.1944.0 Safari/537.36"
20.149.200.80 - - [11/Oct/2015:00:22:25 ] "GET /Gucci HTTP/1.0" 200 2866 "http://facebook.com/" "Mozilla/5.0 (Windows; U; MSIE 9.0; WIndows NT 9.0; en-US))"
129.205.99.233 - - [11/Oct/2015:00:26:24 ] "GET /Store/cart.jsp?productID=1303 HTTP/1.0" 200 3644 "http://facebook.com/" "Mozilla/5.0 (Windows NT 5.1; rv:31.0) Gecko/20100101 Firefox/31.0"
173.216.153.220 - - [11/Oct/2015:00:27:43 ] "GET /Dior HTTP/1.0" 200 4322 "http://twitter.com" "Mozilla/4.0 (compatible; MSIE 7.0; Windows NT 6.0)"
129.205.99.233 - - [11/Oct/2015:00:30:26 ] "GET /CalvinKlein HTTP/1.0" 200 3396 "http://www.google.com" "Mozilla/5.0 (Linux; U; Android 2.3.5; en-us; HTC Vision Build/GRI40) AppleWebKit/533.1 (KHTML, like Gecko) Version/4.0 Mobile Safari/533.1"
129.205.99.233 - - [11/Oct/2015:00:31:08 ] "GET /Chanel HTTP/1.0" 200 4974 "http://www.google.com" "Mozilla/5.0 (Windows; U; Windows NT 6.1; rv:2.2) Gecko/20110201"
20.149.200.80 - - [11/Oct/2015:00:34:13 ] "GET /Store/cart.jsp?productID=1498 HTTP/1.0" 200 3628 "http://www.google.com" "Mozilla/4.0 (compatible; MSIE 7.0; Windows NT 6.0)"
148.12.180.110 - - [11/Oct/2015:00:38:56 ] "GET /Prada HTTP/1.0" 200 3963 "http://instagram.com" "Mozilla/5.0 (Windows; U; MSIE 9.0; WIndows NT 9.0; en-US))"
62.112.34.46 - - [11/Oct/2015:00:40:59 ] "GET /CalvinKlein HTTP/1.0" 200 4602 "http://www.google.com" "Mozilla/4.0 (compatible; MSIE 7.0; Windows NT 6.0)"
181.3.249.130 - - [11/Oct/2015:00:43:48 ] "GET /Store/cart.jsp?productID=1251 HTTP/1.0" 200 3845 "http://instagram.com" "Mozilla/5.0 (Windows; U; MSIE 9.0; WIndows NT 9.0; en-US))"
129.205.99.233 - - [11/Oct/2015:00:48:21 ] "GET /Revlon HTTP/1.0" 200 2776 "http://www.google.com" "Mozilla/5.0 (Windows; U; MSIE 9.0; WIndows NT 9.0; en-US))"
148.12.180.110 - - [11/Oct/2015:00:50:47 ] "GET /Gucci HTTP/1.0" 200 4667 "-" "Mozilla/5.0 (Windows; U; MSIE 9.0; WIndows NT 9.0; en-US))"
62.112.34.46 - - [11/Oct/2015:00:52:32 ] "GET /Dior HTTP/1.0" 200 3228 "http://facebook.com/" "Mozilla/5.0 (iPad; CPU OS 6_0 like Mac OS X) AppleWebKit/536.26 (KHTML, like Gecko) Version/6.0 Mobile/10A5355d Safari/8536.25"
148.12.180.110 - - [11/Oct/2015:00:56:09 ] "GET /CalvinKlein HTTP/1.0" 200 4709 "-" "Mozilla/5.0 (Macintosh; Intel Mac OS X 10_9_2) AppleWebKit/537.36 (KHTML, like Gecko) Chrome/36.0.1944.0 Safari/537.36"
148.12.180.110 - - [11/Oct/2015:00:59:49 ] "GET /Store/cart.jsp?productID=1127 HTTP/1.0" 200 4355 "http://twitter.com" "Mozilla/5.0 (Linux; U; Android 2.3.5; en-us; HTC Vision Build/GRI40) AppleWebKit/533.1 (KHTML, like Gecko) Version/4.0 Mobile Safari/533.1"
62.112.34.46 - - [11/Oct/2015:01:00:25 ] "GET /YSL HTTP/1.0" 200 3209 "http://www.google.com" "Mozilla/5.0 (iPad; CPU OS 6_0 like Mac OS X) AppleWebKit/536.26 (KHTML, like Gecko) Version/6.0 Mobile/10A5355d Safari/8536.25"
72.183.126.71 - - [11/Oct/2015:01:01:32 ] "GET /Chanel HTTP/1.0" 200 2835 "http://instagram.com" "Mozilla/5.0 (iPad; CPU OS 6_0 like Mac OS X) AppleWebKit/536.26 (KHTML, like Gecko) Version/6.0 Mobile/10A5355d Safari/8536.25"
20.149.200.80 - - [11/Oct/2015:01:04:48 ] "GET /Store/cart.jsp?productID=1118 HTTP/1.0" 200 3400 "http://twitter.com" "Mozilla/5.0 (iPad; CPU OS 6_0 like Mac OS X) AppleWebKit/536.26 (KHTML, like Gecko) Version/6.0 Mobile/10A5355d Safari/8536.25"
129.205.99.233 - - [11/Oct/2015:01:08:55 ] "GET /Bvlgari HTTP/1.0" 200 4700 "http://twitter.com" "Mozilla/4.0 (compatible; MSIE 7.0; Windows NT 6.0)"
154.14.161.138 - - [11/Oct/2015:01:13:19 ] "GET /YSL HTTP/1.0" 200 2303 "-" "Mozilla/5.0 (Windows NT 5.1; rv:31.0) Gecko/20100101 Firefox/31.0"
148.12.180.110 - - [11/Oct/2015:01:14:31 ] "GET /Gucci HTTP/1.0" 200 4029 "http://twitter.com" "Mozilla/5.0 (Linux; U; Android 2.3.5; en-us; HTC Vision Build/GRI40) AppleWebKit/533.1 (KHTML, like Gecko) Version/4.0 Mobile Safari/533.1"
20.149.200.80 - - [11/Oct/2015:01:16:21 ] "GET /Bvlgari HTTP/1.0" 200 2979 "http://twitter.com" "Mozilla/5.0 (Windows NT 5.1; rv:31.0) Gecko/20100101 Firefox/31.0"
154.14.161.138 - - [11/Oct/2015:01:17:00 ] "GET /Store/cart.jsp?productID=1010 HTTP/1.0" 200 2804 "http://facebook.com/" "Mozilla/5.0 (Linux; U; Android 2.3.5; en-us; HTC Vision Build/GRI40) AppleWebKit/533.1 (KHTML, like Gecko) Version/4.0 Mobile Safari/533.1"
20.149.200.80 - - [11/Oct/2015:01:17:30 ] "GET /Chanel HTTP/1.0" 200 2012 "-" "Mozilla/5.0 (Linux; U; Android 2.3.5; en-us; HTC Vision Build/GRI40) AppleWebKit/533.1 (KHTML, like Gecko) Version/4.0 Mobile Safari/533.1"
148.12.180.110 - - [11/Oct/2015:01:18:15 ] "GET /Dior HTTP/1.0" 200 2508 "http://twitter.com" "Mozilla/5.0 (Macintosh; Intel Mac OS X 10_9_2) AppleWebKit/537.36 (KHTML, like Gecko) Chrome/36.0.1944.0 Safari/537.36"
72.183.126.71 - - [11/Oct/2015:01:21:39 ] "GET /Gucci HTTP/1.0" 200 4481 "http://twitter.com" "Mozilla/5.0 (Windows; U; MSIE 9.0; WIndows NT 9.0; en-US))"
20.149.200.80 - - [11/Oct/2015:01:25:54 ] "GET /Dior HTTP/1.0" 200 3684 "http://www.google.com" "Mozilla/5.0 (iPad; CPU OS 6_0 like Mac OS X) AppleWebKit/536.26 (KHTML, like Gecko) Version/6.0 Mobile/10A5355d Safari/8536.25"
173.216.153.220 - - [11/Oct/2015:01:29:06 ] "GET /Store/cart.jsp?productID=1398 HTTP/1.0" 200 4940 "-" "Mozilla/5.0 (Macintosh; Intel Mac OS X 10_9_2) AppleWebKit/537.36 (KHTML, like Gecko) Chrome/36.0.1944.0 Safari/537.36"
129.205.99.233 - - [11/Oct/2015:01:33:42 ] "GET /Gucci HTTP/1.0" 200 2416 "-" "Mozilla/5.0 (Linux; U; Android 2.3.5; en-us; HTC Vision Build/GRI40) AppleWebKit/533.1 (KHTML, like Gecko) Version/4.0 Mobile Safari/533.1"
72.183.126.71 - - [11/Oct/2015:01:34:19 ] "GET /Gucci HTTP/1.0" 200 3999 "http://www.google.com" "Mozilla/5.0 (Windows; U; Windows NT 6.1; rv:2.2) Gecko/20110201"
154.14.161.138 - - [11/Oct/2015:01:38:58 ] "GET /Gucci HTTP/1.0" 200 2084 "-" "Mozilla/5.0 (Linux; U; Android 2.3.5; en-us; HTC Vision Build/GRI40) AppleWebKit/533.1 (KHTML, like Gecko) Version/4.0 Mobile Safari/533.1"
173.216.153.220 - - [11/Oct/2015:01:43:40 ] "GET /Prada HTTP/1.0" 200 3220 "http://www.google.com" "Mozilla/5.0 (Windows NT 5.1; rv:31.0) Gecko/20100101 Firefox/31.0"
129.205.99.233 - - [11/Oct/2015:01:47:03 ] "GET /Revlon HTTP/1.0" 200 2837 "http://facebook.com/" "Mozilla/5.0 (Macintosh; Intel Mac OS X 10_9_2) AppleWebKit/537.36 (KHTML, like Gecko) Chrome/36.0.1944.0 Safari/537.36"
137.89.53.3 - - [11/Oct/2015:01:48:53 ] "GET /Chanel HTTP/1.0" 200 4552 "http://www.google.com" "Mozilla/4.0 (compatible; MSIE 7.0; Windows NT 6.0)"
148.12.180.110 - - [11/Oct/2015:01:53:32 ] "GET /Givency HTTP/1.0" 200 3610 "http://instagram.com" "Mozilla/4.0 (compatible; MSIE 7.0; Windows NT 6.0)"
179.203.132.160 - - [11/Oct/2015:01:55:57 ] "GET /Revlon HTTP/1.0" 200 3293 "http://instagram.com" "Mozilla/5.0 (Windows; U; MSIE 9.0; WIndows NT 9.0; en-US))"
181.3.249.130 - - [11/Oct/2015:01:57:37 ] "GET /Bvlgari HTTP/1.0" 200 4479 "http://facebook.com/" "Mozilla/5.0 (iPad; CPU OS 6_0 like Mac OS X) AppleWebKit/536.26 (KHTML, like Gecko) Version/6.0 Mobile/10A5355d Safari/8536.25"
129.205.99.233 - - [11/Oct/2015:02:01:05 ] "GET /Bvlgari HTTP/1.0" 200 4693 "http://www.google.com" "Mozilla/4.0 (compatible; MSIE 7.0; Windows NT 6.0)"
148.12.180.110 - - [11/Oct/2015:02:02:09 ] "GET /Store/cart.jsp?productID=1070 HTTP/1.0" 200 3538 "http://instagram.com" "Mozilla/5.0 (iPad; CPU OS 6_0 like Mac OS X) AppleWebKit/536.26 (KHTML, like Gecko) Version/6.0 Mobile/10A5355d Safari/8536.25"
148.12.180.110 - - [11/Oct/2015:02:03:42 ] "GET /HugoBoss HTTP/1.0" 200 2122 "http://twitter.com" "Mozilla/5.0 (Windows; U; Windows NT 6.1; rv:2.2) Gecko/20110201"
173.216.153.220 - - [11/Oct/2015:02:07:10 ] "GET /Bvlgari HTTP/1.0" 200 4269 "http://www.google.com" "Mozilla/5.0 (iPad; CPU OS 6_0 like Mac OS X) AppleWebKit/536.26 (KHTML, like Gecko) Version/6.0 Mobile/10A5355d Safari/8536.25"
179.203.132.160 - - [11/Oct/2015:02:10:38 ] "GET /YSL HTTP/1.0" 200 3337 "http://twitter.com" "Mozilla/5.0 (Windows; U; Windows NT 6.1; rv:2.2) Gecko/20110201"
173.216.153.220 - - [11/Oct/2015:02:14:13 ] "GET /Revlon HTTP/1.0" 200 4561 "http://facebook.com/" "Mozilla/5.0 (iPad; CPU OS 6_0 like Mac OS X) AppleWebKit/536.26 (KHTML, like Gecko) Version/6.0 Mobile/10A5355d Safari/8536.25"
72.183.126.71 - - [11/Oct/2015:02:17:17 ] "GET /Bvlgari HTTP/1.0" 200 4321 "http://instagram.com" "Mozilla/5.0 (Windows; U; MSIE 9.0; WIndows NT 9.0; en-US))"
20.149.200.80 - - [11/Oct/2015:02:18:21 ] "GET /HugoBoss HTTP/1.0" 200 3995 "-" "Mozilla/5.0 (Windows; U; MSIE 9.0; WIndows NT 9.0; en-US))"
154.14.161.138 - - [11/Oct/2015:02:22:54 ] "GET /Store/cart.jsp?productID=1039 HTTP/1.0" 200 2997 "-" "Mozilla/5.0 (Linux; U; Android 2.3.5; en-us; HTC Vision Build/GRI40) AppleWebKit/533.1 (KHTML, like Gecko) Version/4.0 Mobile Safari/533.1"
179.203.132.160 - - [11/Oct/2015:02:26:02 ] "GET /Gucci HTTP/1.0" 200 2861 "http://facebook.com/" "Mozilla/5.0 (iPad; CPU OS 6_0 like Mac OS X) AppleWebKit/536.26 (KHTML, like Gecko) Version/6.0 Mobile/10A5355d Safari/8536.25"
20.149.200.80 - - [11/Oct/2015:02:28:11 ] "GET /Chanel HTTP/1.0" 200 2731 "http://facebook.com/" "Mozilla/5.0 (Windows; U; Windows NT 6.1; rv:2.2) Gecko/20110201"
181.3.249.130 - - [11/Oct/2015:02:31:31 ] "GET /Gucci HTTP/1.0" 200 2642 "-" "Mozilla/5.0 (Windows NT 5.1; rv:31.0) Gecko/20100101 Firefox/31.0"
179.203.132.160 - - [11/Oct/2015:02:34:29 ] "GET /HugoBoss HTTP/1.0" 200 4198 "http://www.google.com" "Mozilla/5.0 (iPad; CPU OS 6_0 like Mac OS X) AppleWebKit/536.26 (KHTML, like Gecko) Version/6.0 Mobile/10A5355d Safari/8536.25"
20.149.200.80 - - [11/Oct/2015:02:37:24 ] "GET /Gucci HTTP/1.0" 200 3953 "http://www.google.com" "Mozilla/5.0 (Linux; U; Android 2.3.5; en-us; HTC Vision Build/GRI40) AppleWebKit/533.1 (KHTML, like Gecko) Version/4.0 Mobile Safari/533.1"
179.203.132.160 - - [11/Oct/2015:02:39:16 ] "GET /Prada HTTP/1.0" 200 3273 "http://www.google.com" "Mozilla/5.0 (Windows; U; Windows NT 6.1; rv:2.2) Gecko/20110201"
179.203.132.160 - - [11/Oct/2015:02:44:16 ] "GET /Dior HTTP/1.0" 200 2034 "-" "Mozilla/5.0 (Windows; U; Windows NT 6.1; rv:2.2) Gecko/20110201"
173.216.153.220 - - [11/Oct/2015:02:47:17 ] "GET /HugoBoss HTTP/1.0" 200 2218 "http://facebook.com/" "Mozilla/5.0 (iPad; CPU OS 6_0 like Mac OS X) AppleWebKit/536.26 (KHTML, like Gecko) Version/6.0 Mobile/10A5355d Safari/8536.25"
181.3.249.130 - - [11/Oct/2015:02:50:13 ] "GET /HugoBoss HTTP/1.0" 200 3121 "http://www.google.com" "Mozilla/5.0 (Windows; U; MSIE 9.0; WIndows NT 9.0; en-US))"
148.12.180.110 - - [11/Oct/2015:02:52:39 ] "GET /CalvinKlein HTTP/1.0" 200 4431 "http://instagram.com" "Mozilla/5.0 (Windows; U; Windows NT 6.1; rv:2.2) Gecko/20110201"
129.205.99.233 - - [11/Oct/2015:02:54:52 ] "GET /Givency HTTP/1.0" 200 2181 "http://facebook.com/" "Mozilla/5.0 (Windows; U; MSIE 9.0; WIndows NT 9.0; en-US))"
20.149.200.80 - - [11/Oct/2015:02:58:16 ] "GET /Dior HTTP/1.0" 200 2368 "-" "Mozilla/5.0 (iPad; CPU OS 6_0 like Mac OS X) AppleWebKit/536.26 (KHTML, like Gecko) Version/6.0 Mobile/10A5355d Safari/8536.25"
72.183.126.71 - - [11/Oct/2015:03:00:13 ] "GET /Dior HTTP/1.0" 200 3896 "http://facebook.com/" "Mozilla/5.0 (Linux; U; Android 2.3.5; en-us; HTC Vision Build/GRI40) AppleWebKit/533.1 (KHTML, like Gecko) Version/4.0 Mobile Safari/533.1"
154.14.161.138 - - [11/Oct/2015:03:04:46 ] "GET /Givency HTTP/1.0" 200 4523 "http://twitter.com" "Mozilla/5.0 (iPad; CPU OS 6_0 like Mac OS X) AppleWebKit/536.26 (KHTML, like Gecko) Version/6.0 Mobile/10A5355d Safari/8536.25"
62.112.34.46 - - [11/Oct/2015:03:06:46 ] "GET /YSL HTTP/1.0" 200 2765 "http://twitter.com" "Mozilla/5.0 (Windows NT 5.1; rv:31.0) Gecko/20100101 Firefox/31.0"
20.149.200.80 - - [11/Oct/2015:03:11:25 ] "GET /CalvinKlein HTTP/1.0" 200 2142 "http://twitter.com" "Mozilla/5.0 (Windows; U; MSIE 9.0; WIndows NT 9.0; en-US))"
181.3.249.130 - - [11/Oct/2015:03:12:13 ] "GET /Chanel HTTP/1.0" 200 3850 "http://www.google.com" "Mozilla/4.0 (compatible; MSIE 7.0; Windows NT 6.0)"
129.205.99.233 - - [11/Oct/2015:03:12:49 ] "GET /HugoBoss HTTP/1.0" 200 4034 "http://instagram.com" "Mozilla/5.0 (Windows NT 5.1; rv:31.0) Gecko/20100101 Firefox/31.0"
129.205.99.233 - - [11/Oct/2015:03:15:02 ] "GET /Prada HTTP/1.0" 200 3945 "http://twitter.com" "Mozilla/5.0 (Macintosh; Intel Mac OS X 10_9_2) AppleWebKit/537.36 (KHTML, like Gecko) Chrome/36.0.1944.0 Safari/537.36"
154.14.161.138 - - [11/Oct/2015:03:16:12 ] "GET /CalvinKlein HTTP/1.0" 200 2073 "http://www.google.com" "Mozilla/5.0 (iPad; CPU OS 6_0 like Mac OS X) AppleWebKit/536.26 (KHTML, like Gecko) Version/6.0 Mobile/10A5355d Safari/8536.25"
20.149.200.80 - - [11/Oct/2015:03:20:51 ] "GET /Prada HTTP/1.0" 200 3361 "http://www.google.com" "Mozilla/4.0 (compatible; MSIE 7.0; Windows NT 6.0)"
72.183.126.71 - - [11/Oct/2015:03:22:20 ] "GET /Chanel HTTP/1.0" 200 4551 "http://www.google.com" "Mozilla/5.0 (Windows NT 5.1; rv:31.0) Gecko/20100101 Firefox/31.0"
129.205.99.233 - - [11/Oct/2015:03:25:03 ] "GET /Bvlgari HTTP/1.0" 200 2841 "-" "Mozilla/5.0 (iPad; CPU OS 6_0 like Mac OS X) AppleWebKit/536.26 (KHTML, like Gecko) Version/6.0 Mobile/10A5355d Safari/8536.25"
154.14.161.138 - - [11/Oct/2015:03:29:43 ] "GET /Revlon HTTP/1.0" 200 2167 "http://facebook.com/" "Mozilla/5.0 (Macintosh; Intel Mac OS X 10_9_2) AppleWebKit/537.36 (KHTML, like Gecko) Chrome/36.0.1944.0 Safari/537.36"
62.112.34.46 - - [11/Oct/2015:03:32:25 ] "GET /Chanel HTTP/1.0" 200 2740 "http://facebook.com/" "Mozilla/5.0 (Windows; U; Windows NT 6.1; rv:2.2) Gecko/20110201"
137.89.53.3 - - [11/Oct/2015:03:35:25 ] "GET /Dior HTTP/1.0" 200 2089 "http://facebook.com/" "Mozilla/4.0 (compatible; MSIE 7.0; Windows NT 6.0)"
181.3.249.130 - - [11/Oct/2015:03:36:47 ] "GET /Chanel HTTP/1.0" 200 3943 "http://instagram.com" "Mozilla/5.0 (Windows; U; MSIE 9.0; WIndows NT 9.0; en-US))"
20.149.200.80 - - [11/Oct/2015:03:41:32 ] "GET /Revlon HTTP/1.0" 200 2473 "http://www.google.com" "Mozilla/5.0 (Macintosh; Intel Mac OS X 10_9_2) AppleWebKit/537.36 (KHTML, like Gecko) Chrome/36.0.1944.0 Safari/537.36"
181.3.249.130 - - [11/Oct/2015:03:42:45 ] "GET /Chanel HTTP/1.0" 200 4838 "http://instagram.com" "Mozilla/5.0 (Windows; U; MSIE 9.0; WIndows NT 9.0; en-US))"
179.203.132.160 - - [11/Oct/2015:03:44:53 ] "GET /Bvlgari HTTP/1.0" 200 4030 "-" "Mozilla/5.0 (iPad; CPU OS 6_0 like Mac OS X) AppleWebKit/536.26 (KHTML, like Gecko) Version/6.0 Mobile/10A5355d Safari/8536.25"
137.89.53.3 - - [11/Oct/2015:03:47:47 ] "GET /Bvlgari HTTP/1.0" 200 3793 "http://facebook.com/" "Mozilla/5.0 (Macintosh; Intel Mac OS X 10_9_2) AppleWebKit/537.36 (KHTML, like Gecko) Chrome/36.0.1944.0 Safari/537.36"
173.216.153.220 - - [11/Oct/2015:03:48:51 ] "GET /Gucci HTTP/1.0" 200 2859 "-" "Mozilla/5.0 (Macintosh; Intel Mac OS X 10_9_2) AppleWebKit/537.36 (KHTML, like Gecko) Chrome/36.0.1944.0 Safari/537.36"
72.183.126.71 - - [11/Oct/2015:03:50:28 ] "GET /Bvlgari HTTP/1.0" 200 3638 "http://twitter.com" "Mozilla/4.0 (compatible; MSIE 7.0; Windows NT 6.0)"
179.203.132.160 - - [11/Oct/2015:03:53:37 ] "GET /Revlon HTTP/1.0" 200 4247 "http://facebook.com/" "Mozilla/5.0 (Windows; U; Windows NT 6.1; rv:2.2) Gecko/20110201"
137.89.53.3 - - [11/Oct/2015:03:57:09 ] "GET /CalvinKlein HTTP/1.0" 200 3350 "http://instagram.com" "Mozilla/5.0 (Windows; U; Windows NT 6.1; rv:2.2) Gecko/20110201"
154.14.161.138 - - [11/Oct/2015:03:59:04 ] "GET /Bvlgari HTTP/1.0" 200 2100 "http://www.google.com" "Mozilla/4.0 (compatible; MSIE 7.0; Windows NT 6.0)"
181.3.249.130 - - [11/Oct/2015:04:03:27 ] "GET /Bvlgari HTTP/1.0" 200 3255 "http://facebook.com/" "Mozilla/5.0 (Windows; U; Windows NT 6.1; rv:2.2) Gecko/20110201"
129.205.99.233 - - [11/Oct/2015:04:07:35 ] "GET /CalvinKlein HTTP/1.0" 200 2368 "http://instagram.com" "Mozilla/5.0 (iPad; CPU OS 6_0 like Mac OS X) AppleWebKit/536.26 (KHTML, like Gecko) Version/6.0 Mobile/10A5355d Safari/8536.25"
179.203.132.160 - - [11/Oct/2015:04:09:36 ] "GET /HugoBoss HTTP/1.0" 200 2684 "http://facebook.com/" "Mozilla/5.0 (iPad; CPU OS 6_0 like Mac OS X) AppleWebKit/536.26 (KHTML, like Gecko) Version/6.0 Mobile/10A5355d Safari/8536.25"
129.205.99.233 - - [11/Oct/2015:04:11:56 ] "GET /Revlon HTTP/1.0" 200 2978 "-" "Mozilla/5.0 (Windows; U; Windows NT 6.1; rv:2.2) Gecko/20110201"
62.112.34.46 - - [11/Oct/2015:04:12:32 ] "GET /Bvlgari HTTP/1.0" 200 2179 "http://www.google.com" "Mozilla/5.0 (Windows; U; Windows NT 6.1; rv:2.2) Gecko/20110201"
154.14.161.138 - - [11/Oct/2015:04:14:47 ] "GET /HugoBoss HTTP/1.0" 200 4612 "http://www.google.com" "Mozilla/5.0 (Windows; U; Windows NT 6.1; rv:2.2) Gecko/20110201"
20.149.200.80 - - [11/Oct/2015:04:15:54 ] "GET /Chanel HTTP/1.0" 200 3445 "http://twitter.com" "Mozilla/4.0 (compatible; MSIE 7.0; Windows NT 6.0)"
179.203.132.160 - - [11/Oct/2015:04:20:21 ] "GET /Store/cart.jsp?productID=1089 HTTP/1.0" 200 4304 "http://facebook.com/" "Mozilla/5.0 (iPad; CPU OS 6_0 like Mac OS X) AppleWebKit/536.26 (KHTML, like Gecko) Version/6.0 Mobile/10A5355d Safari/8536.25"
148.12.180.110 - - [11/Oct/2015:04:24:59 ] "GET /Store/cart.jsp?productID=1272 HTTP/1.0" 200 3610 "http://twitter.com" "Mozilla/5.0 (Windows; U; Windows NT 6.1; rv:2.2) Gecko/20110201"
20.149.200.80 - - [11/Oct/2015:04:28:37 ] "GET /HugoBoss HTTP/1.0" 200 2309 "-" "Mozilla/5.0 (Macintosh; Intel Mac OS X 10_9_2) AppleWebKit/537.36 (KHTML, like Gecko) Chrome/36.0.1944.0 Safari/537.36"
148.12.180.110 - - [11/Oct/2015:04:32:38 ] "GET /Gucci HTTP/1.0" 200 2557 "http://instagram.com" "Mozilla/4.0 (compatible; MSIE 7.0; Windows NT 6.0)"
179.203.132.160 - - [11/Oct/2015:04:35:15 ] "GET /Store/cart.jsp?productID=1176 HTTP/1.0" 200 2300 "http://instagram.com" "Mozilla/5.0 (Windows; U; MSIE 9.0; WIndows NT 9.0; en-US))"
137.89.53.3 - - [11/Oct/2015:04:39:39 ] "GET /CalvinKlein HTTP/1.0" 200 2846 "http://instagram.com" "Mozilla/5.0 (Windows NT 5.1; rv:31.0) Gecko/20100101 Firefox/31.0"
137.89.53.3 - - [11/Oct/2015:04:43:00 ] "GET /Bvlgari HTTP/1.0" 200 4008 "http://twitter.com" "Mozilla/5.0 (Linux; U; Android 2.3.5; en-us; HTC Vision Build/GRI40) AppleWebKit/533.1 (KHTML, like Gecko) Version/4.0 Mobile Safari/533.1"
154.14.161.138 - - [11/Oct/2015:04:46:04 ] "GET /Store/cart.jsp?productID=1169 HTTP/1.0" 200 2603 "http://facebook.com/" "Mozilla/4.0 (compatible; MSIE 7.0; Windows NT 6.0)"
154.14.161.138 - - [11/Oct/2015:04:47:38 ] "GET /Store/cart.jsp?productID=1076 HTTP/1.0" 200 3208 "http://instagram.com" "Mozilla/4.0 (compatible; MSIE 7.0; Windows NT 6.0)"
20.149.200.80 - - [11/Oct/2015:04:52:25 ] "GET /Revlon HTTP/1.0" 200 2601 "http://www.google.com" "Mozilla/5.0 (iPad; CPU OS 6_0 like Mac OS X) AppleWebKit/536.26 (KHTML, like Gecko) Version/6.0 Mobile/10A5355d Safari/8536.25"
179.203.132.160 - - [11/Oct/2015:04:54:23 ] "GET /Revlon HTTP/1.0" 200 3323 "-" "Mozilla/5.0 (Windows; U; MSIE 9.0; WIndows NT 9.0; en-US))"
179.203.132.160 - - [11/Oct/2015:04:55:31 ] "GET /Bvlgari HTTP/1.0" 200 2628 "http://www.google.com" "Mozilla/5.0 (Macintosh; Intel Mac OS X 10_9_2) AppleWebKit/537.36 (KHTML, like Gecko) Chrome/36.0.1944.0 Safari/537.36"
181.3.249.130 - - [11/Oct/2015:04:58:50 ] "GET /Givency HTTP/1.0" 200 3930 "http://instagram.com" "Mozilla/5.0 (Windows; U; MSIE 9.0; WIndows NT 9.0; en-US))"
62.112.34.46 - - [11/Oct/2015:05:01:58 ] "GET /YSL HTTP/1.0" 200 2847 "http://instagram.com" "Mozilla/5.0 (Macintosh; Intel Mac OS X 10_9_2) AppleWebKit/537.36 (KHTML, like Gecko) Chrome/36.0.1944.0 Safari/537.36"
72.183.126.71 - - [11/Oct/2015:05:06:39 ] "GET /HugoBoss HTTP/1.0" 200 2603 "http://facebook.com/" "Mozilla/5.0 (Windows NT 5.1; rv:31.0) Gecko/20100101 Firefox/31.0"
179.203.132.160 - - [11/Oct/2015:05:07:58 ] "GET /HugoBoss HTTP/1.0" 200 4113 "http://twitter.com" "Mozilla/5.0 (Windows NT 5.1; rv:31.0) Gecko/20100101 Firefox/31.0"
181.3.249.130 - - [11/Oct/2015:05:11:29 ] "GET /CalvinKlein HTTP/1.0" 200 2816 "-" "Mozilla/5.0 (Linux; U; Android 2.3.5; en-us; HTC Vision Build/GRI40) AppleWebKit/533.1 (KHTML, like Gecko) Version/4.0 Mobile Safari/533.1"
129.205.99.233 - - [11/Oct/2015:05:13:30 ] "GET /Gucci HTTP/1.0" 200 3472 "http://facebook.com/" "Mozilla/5.0 (Macintosh; Intel Mac OS X 10_9_2) AppleWebKit/537.36 (KHTML, like Gecko) Chrome/36.0.1944.0 Safari/537.36"
137.89.53.3 - - [11/Oct/2015:05:14:09 ] "GET /Givency HTTP/1.0" 200 2869 "http://instagram.com" "Mozilla/5.0 (Macintosh; Intel Mac OS X 10_9_2) AppleWebKit/537.36 (KHTML, like Gecko) Chrome/36.0.1944.0 Safari/537.36"
129.205.99.233 - - [11/Oct/2015:05:16:14 ] "GET /Revlon HTTP/1.0" 200 4242 "http://www.google.com" "Mozilla/5.0 (Windows; U; MSIE 9.0; WIndows NT 9.0; en-US))"
137.89.53.3 - - [11/Oct/2015:05:19:41 ] "GET /Store/cart.jsp?productID=1418 HTTP/1.0" 200 3426 "http://facebook.com/" "Mozilla/5.0 (Linux; U; Android 2.3.5; en-us; HTC Vision Build/GRI40) AppleWebKit/533.1 (KHTML, like Gecko) Version/4.0 Mobile Safari/533.1"
72.183.126.71 - - [11/Oct/2015:05:24:02 ] "GET /Revlon HTTP/1.0" 200 4171 "http://instagram.com" "Mozilla/5.0 (Windows; U; MSIE 9.0; WIndows NT 9.0; en-US))"
72.183.126.71 - - [11/Oct/2015:05:27:56 ] "GET /Prada HTTP/1.0" 200 2061 "http://www.google.com" "Mozilla/5.0 (Macintosh; Intel Mac OS X 10_9_2) AppleWebKit/537.36 (KHTML, like Gecko) Chrome/36.0.1944.0 Safari/537.36"
137.89.53.3 - - [11/Oct/2015:05:31:42 ] "GET /Prada HTTP/1.0" 200 2793 "-" "Mozilla/5.0 (Macintosh; Intel Mac OS X 10_9_2) AppleWebKit/537.36 (KHTML, like Gecko) Chrome/36.0.1944.0 Safari/537.36"
129.205.99.233 - - [11/Oct/2015:05:34:08 ] "GET /CalvinKlein HTTP/1.0" 200 2684 "http://twitter.com" "Mozilla/5.0 (Linux; U; Android 2.3.5; en-us; HTC Vision Build/GRI40) AppleWebKit/533.1 (KHTML, like Gecko) Version/4.0 Mobile Safari/533.1"
72.183.126.71 - - [11/Oct/2015:05:38:49 ] "GET /Revlon HTTP/1.0" 200 3192 "http://www.google.com" "Mozilla/5.0 (Windows; U; MSIE 9.0; WIndows NT 9.0; en-US))"
137.89.53.3 - - [11/Oct/2015:05:40:48 ] "GET /Bvlgari HTTP/1.0" 200 2623 "http://facebook.com/" "Mozilla/5.0 (Windows NT 5.1; rv:31.0) Gecko/20100101 Firefox/31.0"
129.205.99.233 - - [11/Oct/2015:05:44:02 ] "GET /Givency HTTP/1.0" 200 3215 "http://facebook.com/" "Mozilla/5.0 (Windows NT 5.1; rv:31.0) Gecko/20100101 Firefox/31.0"
179.203.132.160 - - [11/Oct/2015:05:47:59 ] "GET /Dior HTTP/1.0" 200 3615 "-" "Mozilla/5.0 (Windows; U; MSIE 9.0; WIndows NT 9.0; en-US))"
137.89.53.3 - - [11/Oct/2015:05:49:10 ] "GET /Chanel HTTP/1.0" 200 4323 "-" "Mozilla/5.0 (Windows NT 5.1; rv:31.0) Gecko/20100101 Firefox/31.0"
20.149.200.80 - - [11/Oct/2015:05:52:58 ] "GET /Store/cart.jsp?productID=1429 HTTP/1.0" 200 2348 "http://facebook.com/" "Mozilla/5.0 (Windows; U; Windows NT 6.1; rv:2.2) Gecko/20110201"
179.203.132.160 - - [11/Oct/2015:05:53:35 ] "GET /HugoBoss HTTP/1.0" 200 3089 "-" "Mozilla/4.0 (compatible; MSIE 7.0; Windows NT 6.0)"
20.149.200.80 - - [11/Oct/2015:05:57:24 ] "GET /Dior HTTP/1.0" 200 2292 "http://www.google.com" "Mozilla/5.0 (Windows; U; Windows NT 6.1; rv:2.2) Gecko/20110201"
20.149.200.80 - - [11/Oct/2015:06:00:03 ] "GET /HugoBoss HTTP/1.0" 200 2021 "-" "Mozilla/5.0 (Macintosh; Intel Mac OS X 10_9_2) AppleWebKit/537.36 (KHTML, like Gecko) Chrome/36.0.1944.0 Safari/537.36"
179.203.132.160 - - [11/Oct/2015:06:02:29 ] "GET /HugoBoss HTTP/1.0" 200 4573 "http://twitter.com" "Mozilla/5.0 (Linux; U; Android 2.3.5; en-us; HTC Vision Build/GRI40) AppleWebKit/533.1 (KHTML, like Gecko) Version/4.0 Mobile Safari/533.1"
179.203.132.160 - - [11/Oct/2015:06:06:46 ] "GET /Givency HTTP/1.0" 200 2231 "http://www.google.com" "Mozilla/5.0 (Windows NT 5.1; rv:31.0) Gecko/20100101 Firefox/31.0"
154.14.161.138 - - [11/Oct/2015:06:08:57 ] "GET /YSL HTTP/1.0" 200 3260 "http://instagram.com" "Mozilla/5.0 (Windows; U; Windows NT 6.1; rv:2.2) Gecko/20110201"
154.14.161.138 - - [11/Oct/2015:06:10:21 ] "GET /Chanel HTTP/1.0" 200 4264 "http://twitter.com" "Mozilla/5.0 (Windows; U; Windows NT 6.1; rv:2.2) Gecko/20110201"
129.205.99.233 - - [11/Oct/2015:06:12:04 ] "GET /Givency HTTP/1.0" 200 2997 "http://facebook.com/" "Mozilla/4.0 (compatible; MSIE 7.0; Windows NT 6.0)"
20.149.200.80 - - [11/Oct/2015:06:14:36 ] "GET /HugoBoss HTTP/1.0" 200 4932 "http://facebook.com/" "Mozilla/5.0 (Windows; U; Windows NT 6.1; rv:2.2) Gecko/20110201"
181.3.249.130 - - [11/Oct/2015:06:18:15 ] "GET /Gucci HTTP/1.0" 200 2141 "http://facebook.com/" "Mozilla/5.0 (Macintosh; Intel Mac OS X 10_9_2) AppleWebKit/537.36 (KHTML, like Gecko) Chrome/36.0.1944.0 Safari/537.36"
20.149.200.80 - - [11/Oct/2015:06:21:56 ] "GET /Chanel HTTP/1.0" 200 3112 "http://www.google.com" "Mozilla/5.0 (Windows; U; MSIE 9.0; WIndows NT 9.0; en-US))"
72.183.126.71 - - [11/Oct/2015:06:25:59 ] "GET /YSL HTTP/1.0" 200 3417 "http://twitter.com" "Mozilla/4.0 (compatible; MSIE 7.0; Windows NT 6.0)"
181.3.249.130 - - [11/Oct/2015:06:28:05 ] "GET /Prada HTTP/1.0" 200 3269 "http://twitter.com" "Mozilla/5.0 (Windows; U; Windows NT 6.1; rv:2.2) Gecko/20110201"
129.205.99.233 - - [11/Oct/2015:06:31:02 ] "GET /HugoBoss HTTP/1.0" 200 2210 "http://instagram.com" "Mozilla/5.0 (Macintosh; Intel Mac OS X 10_9_2) AppleWebKit/537.36 (KHTML, like Gecko) Chrome/36.0.1944.0 Safari/537.36"
179.203.132.160 - - [11/Oct/2015:06:31:43 ] "GET /CalvinKlein HTTP/1.0" 200 4747 "-" "Mozilla/5.0 (Windows; U; Windows NT 6.1; rv:2.2) Gecko/20110201"
129.205.99.233 - - [11/Oct/2015:06:34:24 ] "GET /Bvlgari HTTP/1.0" 200 3588 "http://facebook.com/" "Mozilla/5.0 (Linux; U; Android 2.3.5; en-us; HTC Vision Build/GRI40) AppleWebKit/533.1 (KHTML, like Gecko) Version/4.0 Mobile Safari/533.1"
20.149.200.80 - - [11/Oct/2015:06:35:29 ] "GET /Prada HTTP/1.0" 200 2240 "http://twitter.com" "Mozilla/5.0 (Macintosh; Intel Mac OS X 10_9_2) AppleWebKit/537.36 (KHTML, like Gecko) Chrome/36.0.1944.0 Safari/537.36"
62.112.34.46 - - [11/Oct/2015:06:39:17 ] "GET /HugoBoss HTTP/1.0" 200 3846 "http://www.google.com" "Mozilla/5.0 (Windows; U; MSIE 9.0; WIndows NT 9.0; en-US))"
129.205.99.233 - - [11/Oct/2015:06:40:31 ] "GET /Prada HTTP/1.0" 200 2988 "http://twitter.com" "Mozilla/5.0 (iPad; CPU OS 6_0 like Mac OS X) AppleWebKit/536.26 (KHTML, like Gecko) Version/6.0 Mobile/10A5355d Safari/8536.25"
20.149.200.80 - - [11/Oct/2015:06:43:49 ] "GET /Gucci HTTP/1.0" 200 3918 "http://instagram.com" "Mozilla/5.0 (Macintosh; Intel Mac OS X 10_9_2) AppleWebKit/537.36 (KHTML, like Gecko) Chrome/36.0.1944.0 Safari/537.36"
72.183.126.71 - - [11/Oct/2015:06:45:24 ] "GET /Chanel HTTP/1.0" 200 2740 "http://instagram.com" "Mozilla/5.0 (Windows; U; Windows NT 6.1; rv:2.2) Gecko/20110201"
72.183.126.71 - - [11/Oct/2015:06:47:15 ] "GET /YSL HTTP/1.0" 200 2874 "http://instagram.com" "Mozilla/5.0 (iPad; CPU OS 6_0 like Mac OS X) AppleWebKit/536.26 (KHTML, like Gecko) Version/6.0 Mobile/10A5355d Safari/8536.25"
173.216.153.220 - - [11/Oct/2015:06:49:14 ] "GET /Chanel HTTP/1.0" 200 4715 "http://facebook.com/" "Mozilla/5.0 (Macintosh; Intel Mac OS X 10_9_2) AppleWebKit/537.36 (KHTML, like Gecko) Chrome/36.0.1944.0 Safari/537.36"
62.112.34.46 - - [11/Oct/2015:06:49:58 ] "GET /Gucci HTTP/1.0" 200 4541 "-" "Mozilla/5.0 (Windows; U; Windows NT 6.1; rv:2.2) Gecko/20110201"
129.205.99.233 - - [11/Oct/2015:06:53:52 ] "GET /Revlon HTTP/1.0" 200 3589 "-" "Mozilla/5.0 (Linux; U; Android 2.3.5; en-us; HTC Vision Build/GRI40) AppleWebKit/533.1 (KHTML, like Gecko) Version/4.0 Mobile Safari/533.1"
181.3.249.130 - - [11/Oct/2015:06:54:36 ] "GET /Dior HTTP/1.0" 200 2999 "-" "Mozilla/5.0 (Windows; U; Windows NT 6.1; rv:2.2) Gecko/20110201"
173.216.153.220 - - [11/Oct/2015:06:57:20 ] "GET /Givency HTTP/1.0" 200 3621 "http://instagram.com" "Mozilla/5.0 (Windows; U; Windows NT 6.1; rv:2.2) Gecko/20110201"
72.183.126.71 - - [11/Oct/2015:07:02:03 ] "GET /Revlon HTTP/1.0" 200 4514 "http://instagram.com" "Mozilla/5.0 (Windows; U; MSIE 9.0; WIndows NT 9.0; en-US))"
181.3.249.130 - - [11/Oct/2015:07:03:52 ] "GET /Revlon HTTP/1.0" 200 4256 "http://twitter.com" "Mozilla/5.0 (Windows; U; MSIE 9.0; WIndows NT 9.0; en-US))"
181.3.249.130 - - [11/Oct/2015:07:07:58 ] "GET /Givency HTTP/1.0" 200 4673 "http://instagram.com" "Mozilla/5.0 (Windows NT 5.1; rv:31.0) Gecko/20100101 Firefox/31.0"
72.183.126.71 - - [11/Oct/2015:07:12:53 ] "GET /HugoBoss HTTP/1.0" 200 2267 "-" "Mozilla/4.0 (compatible; MSIE 7.0; Windows NT 6.0)"
129.205.99.233 - - [11/Oct/2015:07:13:42 ] "GET /Dior HTTP/1.0" 200 3687 "http://facebook.com/" "Mozilla/5.0 (iPad; CPU OS 6_0 like Mac OS X) AppleWebKit/536.26 (KHTML, like Gecko) Version/6.0 Mobile/10A5355d Safari/8536.25"
148.12.180.110 - - [11/Oct/2015:07:17:36 ] "GET /Revlon HTTP/1.0" 200 4324 "http://instagram.com" "Mozilla/5.0 (Macintosh; Intel Mac OS X 10_9_2) AppleWebKit/537.36 (KHTML, like Gecko) Chrome/36.0.1944.0 Safari/537.36"
154.14.161.138 - - [11/Oct/2015:07:22:34 ] "GET /Givency HTTP/1.0" 200 3048 "http://instagram.com" "Mozilla/5.0 (iPad; CPU OS 6_0 like Mac OS X) AppleWebKit/536.26 (KHTML, like Gecko) Version/6.0 Mobile/10A5355d Safari/8536.25"
129.205.99.233 - - [11/Oct/2015:07:25:30 ] "GET /Prada HTTP/1.0" 200 2835 "http://www.google.com" "Mozilla/5.0 (Windows NT 5.1; rv:31.0) Gecko/20100101 Firefox/31.0"
62.112.34.46 - - [11/Oct/2015:07:28:20 ] "GET /Store/cart.jsp?productID=1147 HTTP/1.0" 200 2937 "http://www.google.com" "Mozilla/5.0 (Linux; U; Android 2.3.5; en-us; HTC Vision Build/GRI40) AppleWebKit/533.1 (KHTML, like Gecko) Version/4.0 Mobile Safari/533.1"
181.3.249.130 - - [11/Oct/2015:07:33:02 ] "GET /Givency HTTP/1.0" 200 4990 "http://www.google.com" "Mozilla/5.0 (Windows; U; Windows NT 6.1; rv:2.2) Gecko/20110201"
181.3.249.130 - - [11/Oct/2015:07:37:25 ] "GET /Bvlgari HTTP/1.0" 200 2394 "-" "Mozilla/5.0 (Macintosh; Intel Mac OS X 10_9_2) AppleWebKit/537.36 (KHTML, like Gecko) Chrome/36.0.1944.0 Safari/537.36"
129.205.99.233 - - [11/Oct/2015:07:39:55 ] "GET /Gucci HTTP/1.0" 200 2410 "http://www.google.com" "Mozilla/5.0 (Windows; U; Windows NT 6.1; rv:2.2) Gecko/20110201"
72.183.126.71 - - [11/Oct/2015:07:43:06 ] "GET /Bvlgari HTTP/1.0" 200 2043 "-" "Mozilla/5.0 (Macintosh; Intel Mac OS X 10_9_2) AppleWebKit/537.36 (KHTML, like Gecko) Chrome/36.0.1944.0 Safari/537.36"
179.203.132.160 - - [11/Oct/2015:07:44:37 ] "GET /YSL HTTP/1.0" 200 4759 "http://instagram.com" "Mozilla/5.0 (Windows; U; Windows NT 6.1; rv:2.2) Gecko/20110201"
72.183.126.71 - - [11/Oct/2015:07:47:28 ] "GET /CalvinKlein HTTP/1.0" 200 3215 "http://facebook.com/" "Mozilla/5.0 (Windows; U; MSIE 9.0; WIndows NT 9.0; en-US))"
137.89.53.3 - - [11/Oct/2015:07:50:32 ] "GET /Chanel HTTP/1.0" 200 2687 "http://twitter.com" "Mozilla/5.0 (Windows; U; Windows NT 6.1; rv:2.2) Gecko/20110201"
129.205.99.233 - - [11/Oct/2015:07:54:14 ] "GET /Givency HTTP/1.0" 200 2333 "http://twitter.com" "Mozilla/4.0 (compatible; MSIE 7.0; Windows NT 6.0)"
179.203.132.160 - - [11/Oct/2015:07:57:46 ] "GET /Bvlgari HTTP/1.0" 200 2592 "http://www.google.com" "Mozilla/5.0 (Windows; U; MSIE 9.0; WIndows NT 9.0; en-US))"
129.205.99.233 - - [11/Oct/2015:08:02:03 ] "GET /HugoBoss HTTP/1.0" 200 3069 "http://facebook.com/" "Mozilla/4.0 (compatible; MSIE 7.0; Windows NT 6.0)"
72.183.126.71 - - [11/Oct/2015:08:03:48 ] "GET /HugoBoss HTTP/1.0" 200 4254 "-" "Mozilla/5.0 (Windows; U; MSIE 9.0; WIndows NT 9.0; en-US))"
20.149.200.80 - - [11/Oct/2015:08:04:23 ] "GET /Bvlgari HTTP/1.0" 200 2527 "http://facebook.com/" "Mozilla/5.0 (iPad; CPU OS 6_0 like Mac OS X) AppleWebKit/536.26 (KHTML, like Gecko) Version/6.0 Mobile/10A5355d Safari/8536.25"
181.3.249.130 - - [11/Oct/2015:08:08:24 ] "GET /Store/cart.jsp?productID=1039 HTTP/1.0" 200 2584 "http://www.google.com" "Mozilla/4.0 (compatible; MSIE 7.0; Windows NT 6.0)"
173.216.153.220 - - [11/Oct/2015:08:11:45 ] "GET /Gucci HTTP/1.0" 200 4515 "http://www.google.com" "Mozilla/5.0 (Windows; U; MSIE 9.0; WIndows NT 9.0; en-US))"
62.112.34.46 - - [11/Oct/2015:08:13:54 ] "GET /Givency HTTP/1.0" 200 2628 "http://facebook.com/" "Mozilla/5.0 (Windows NT 5.1; rv:31.0) Gecko/20100101 Firefox/31.0"
62.112.34.46 - - [11/Oct/2015:08:17:59 ] "GET /Bvlgari HTTP/1.0" 200 2972 "-" "Mozilla/5.0 (iPad; CPU OS 6_0 like Mac OS X) AppleWebKit/536.26 (KHTML, like Gecko) Version/6.0 Mobile/10A5355d Safari/8536.25"
137.89.53.3 - - [11/Oct/2015:08:19:53 ] "GET /Bvlgari HTTP/1.0" 200 4212 "http://www.google.com" "Mozilla/5.0 (Windows NT 5.1; rv:31.0) Gecko/20100101 Firefox/31.0"
62.112.34.46 - - [11/Oct/2015:08:23:26 ] "GET /Bvlgari HTTP/1.0" 200 3247 "http://twitter.com" "Mozilla/5.0 (Macintosh; Intel Mac OS X 10_9_2) AppleWebKit/537.36 (KHTML, like Gecko) Chrome/36.0.1944.0 Safari/537.36"
20.149.200.80 - - [11/Oct/2015:08:27:12 ] "GET /Store/cart.jsp?productID=1112 HTTP/1.0" 200 3522 "http://facebook.com/" "Mozilla/5.0 (Windows; U; MSIE 9.0; WIndows NT 9.0; en-US))"
154.14.161.138 - - [11/Oct/2015:08:30:08 ] "GET /YSL HTTP/1.0" 200 3570 "-" "Mozilla/5.0 (Windows; U; MSIE 9.0; WIndows NT 9.0; en-US))"
20.149.200.80 - - [11/Oct/2015:08:32:56 ] "GET /Dior HTTP/1.0" 200 3991 "http://twitter.com" "Mozilla/5.0 (Windows NT 5.1; rv:31.0) Gecko/20100101 Firefox/31.0"
62.112.34.46 - - [11/Oct/2015:08:36:50 ] "GET /Givency HTTP/1.0" 200 3105 "-" "Mozilla/5.0 (Linux; U; Android 2.3.5; en-us; HTC Vision Build/GRI40) AppleWebKit/533.1 (KHTML, like Gecko) Version/4.0 Mobile Safari/533.1"
173.216.153.220 - - [11/Oct/2015:08:38:33 ] "GET /Bvlgari HTTP/1.0" 200 2705 "http://www.google.com" "Mozilla/5.0 (Windows NT 5.1; rv:31.0) Gecko/20100101 Firefox/31.0"
20.149.200.80 - - [11/Oct/2015:08:41:57 ] "GET /Dior HTTP/1.0" 200 3031 "http://twitter.com" "Mozilla/5.0 (Windows; U; Windows NT 6.1; rv:2.2) Gecko/20110201"
179.203.132.160 - - [11/Oct/2015:08:46:08 ] "GET /HugoBoss HTTP/1.0" 200 3423 "http://instagram.com" "Mozilla/5.0 (Linux; U; Android 2.3.5; en-us; HTC Vision Build/GRI40) AppleWebKit/533.1 (KHTML, like Gecko) Version/4.0 Mobile Safari/533.1"
