137.89.53.3 - - [13/Oct/2015:21:21:47 ] "GET /Revlon HTTP/1.0" 200 3090 "http://www.google.com" "Mozilla/5.0 (Windows; U; Windows NT 6.1; rv:2.2) Gecko/20110201"
173.216.153.220 - - [13/Oct/2015:21:25:40 ] "GET /Revlon HTTP/1.0" 200 2023 "http://www.google.com" "Mozilla/4.0 (compatible; MSIE 7.0; Windows NT 6.0)"
148.12.180.110 - - [13/Oct/2015:21:26:18 ] "GET /Givency HTTP/1.0" 200 3527 "http://www.google.com" "Mozilla/5.0 (Macintosh; Intel Mac OS X 10_9_2) AppleWebKit/537.36 (KHTML, like Gecko) Chrome/36.0.1944.0 Safari/537.36"
62.112.34.46 - - [13/Oct/2015:21:30:13 ] "GET /CalvinKlein HTTP/1.0" 200 4349 "http://www.google.com" "Mozilla/5.0 (Windows; U; MSIE 9.0; WIndows NT 9.0; en-US))"
129.205.99.233 - - [13/Oct/2015:21:32:40 ] "GET /CalvinKlein HTTP/1.0" 200 4164 "http://www.google.com" "Mozilla/5.0 (Macintosh; Intel Mac OS X 10_9_2) AppleWebKit/537.36 (KHTML, like Gecko) Chrome/36.0.1944.0 Safari/537.36"
62.112.34.46 - - [13/Oct/2015:21:35:36 ] "GET /Prada HTTP/1.0" 200 4946 "http://instagram.com" "Mozilla/5.0 (iPad; CPU OS 6_0 like Mac OS X) AppleWebKit/536.26 (KHTML, like Gecko) Version/6.0 Mobile/10A5355d Safari/8536.25"
20.149.200.80 - - [13/Oct/2015:21:39:52 ] "GET /Dior HTTP/1.0" 200 3088 "http://facebook.com/" "Mozilla/4.0 (compatible; MSIE 7.0; Windows NT 6.0)"
20.149.200.80 - - [13/Oct/2015:21:42:04 ] "GET /Bvlgari HTTP/1.0" 200 4140 "http://instagram.com" "Mozilla/5.0 (Windows NT 5.1; rv:31.0) Gecko/20100101 Firefox/31.0"
62.112.34.46 - - [13/Oct/2015:21:45:39 ] "GET /Prada HTTP/1.0" 200 4328 "http://instagram.com" "Mozilla/5.0 (Windows NT 5.1; rv:31.0) Gecko/20100101 Firefox/31.0"
72.183.126.71 - - [13/Oct/2015:21:46:40 ] "GET /YSL HTTP/1.0" 200 3322 "http://instagram.com" "Mozilla/5.0 (Windows; U; Windows NT 6.1; rv:2.2) Gecko/20110201"
179.203.132.160 - - [13/Oct/2015:21:48:58 ] "GET /Givency HTTP/1.0" 200 2983 "http://www.google.com" "Mozilla/5.0 (Windows; U; MSIE 9.0; WIndows NT 9.0; en-US))"
20.149.200.80 - - [13/Oct/2015:21:52:30 ] "GET /Revlon HTTP/1.0" 200 2302 "http://instagram.com" "Mozilla/5.0 (iPad; CPU OS 6_0 like Mac OS X) AppleWebKit/536.26 (KHTML, like Gecko) Version/6.0 Mobile/10A5355d Safari/8536.25"
62.112.34.46 - - [13/Oct/2015:21:53:14 ] "GET /HugoBoss HTTP/1.0" 200 4460 "http://twitter.com" "Mozilla/4.0 (compatible; MSIE 7.0; Windows NT 6.0)"
62.112.34.46 - - [13/Oct/2015:21:57:48 ] "GET /Chanel HTTP/1.0" 200 3333 "http://twitter.com" "Mozilla/5.0 (Linux; U; Android 2.3.5; en-us; HTC Vision Build/GRI40) AppleWebKit/533.1 (KHTML, like Gecko) Version/4.0 Mobile Safari/533.1"
137.89.53.3 - - [13/Oct/2015:21:58:28 ] "GET /Prada HTTP/1.0" 200 3262 "http://facebook.com/" "Mozilla/5.0 (Linux; U; Android 2.3.5; en-us; HTC Vision Build/GRI40) AppleWebKit/533.1 (KHTML, like Gecko) Version/4.0 Mobile Safari/533.1"
20.149.200.80 - - [13/Oct/2015:22:01:39 ] "GET /Chanel HTTP/1.0" 200 4310 "http://www.google.com" "Mozilla/5.0 (Macintosh; Intel Mac OS X 10_9_2) AppleWebKit/537.36 (KHTML, like Gecko) Chrome/36.0.1944.0 Safari/537.36"
20.149.200.80 - - [13/Oct/2015:22:04:01 ] "GET /Revlon HTTP/1.0" 200 2429 "http://instagram.com" "Mozilla/5.0 (Macintosh; Intel Mac OS X 10_9_2) AppleWebKit/537.36 (KHTML, like Gecko) Chrome/36.0.1944.0 Safari/537.36"
137.89.53.3 - - [13/Oct/2015:22:05:35 ] "GET /Store/cart.jsp?productID=1305 HTTP/1.0" 200 4450 "-" "Mozilla/4.0 (compatible; MSIE 7.0; Windows NT 6.0)"
154.14.161.138 - - [13/Oct/2015:22:06:59 ] "GET /CalvinKlein HTTP/1.0" 200 2703 "http://instagram.com" "Mozilla/4.0 (compatible; MSIE 7.0; Windows NT 6.0)"
62.112.34.46 - - [13/Oct/2015:22:10:00 ] "GET /HugoBoss HTTP/1.0" 200 4307 "http://instagram.com" "Mozilla/5.0 (Macintosh; Intel Mac OS X 10_9_2) AppleWebKit/537.36 (KHTML, like Gecko) Chrome/36.0.1944.0 Safari/537.36"
72.183.126.71 - - [13/Oct/2015:22:11:32 ] "GET /Gucci HTTP/1.0" 200 2677 "-" "Mozilla/5.0 (iPad; CPU OS 6_0 like Mac OS X) AppleWebKit/536.26 (KHTML, like Gecko) Version/6.0 Mobile/10A5355d Safari/8536.25"
148.12.180.110 - - [13/Oct/2015:22:13:06 ] "GET /Store/cart.jsp?productID=1444 HTTP/1.0" 200 3272 "http://twitter.com" "Mozilla/5.0 (Windows; U; Windows NT 6.1; rv:2.2) Gecko/20110201"
129.205.99.233 - - [13/Oct/2015:22:17:29 ] "GET /Prada HTTP/1.0" 200 3654 "-" "Mozilla/5.0 (iPad; CPU OS 6_0 like Mac OS X) AppleWebKit/536.26 (KHTML, like Gecko) Version/6.0 Mobile/10A5355d Safari/8536.25"
181.3.249.130 - - [13/Oct/2015:22:19:27 ] "GET /Dior HTTP/1.0" 200 4322 "http://facebook.com/" "Mozilla/5.0 (Windows; U; Windows NT 6.1; rv:2.2) Gecko/20110201"
129.205.99.233 - - [13/Oct/2015:22:22:03 ] "GET /HugoBoss HTTP/1.0" 200 2810 "-" "Mozilla/5.0 (Windows; U; MSIE 9.0; WIndows NT 9.0; en-US))"
154.14.161.138 - - [13/Oct/2015:22:26:32 ] "GET /Store/cart.jsp?productID=1175 HTTP/1.0" 200 2353 "http://facebook.com/" "Mozilla/4.0 (compatible; MSIE 7.0; Windows NT 6.0)"
20.149.200.80 - - [13/Oct/2015:22:28:23 ] "GET /Revlon HTTP/1.0" 200 4883 "http://www.google.com" "Mozilla/4.0 (compatible; MSIE 7.0; Windows NT 6.0)"
20.149.200.80 - - [13/Oct/2015:22:31:05 ] "GET /Givency HTTP/1.0" 200 4051 "http://twitter.com" "Mozilla/5.0 (Windows; U; MSIE 9.0; WIndows NT 9.0; en-US))"
129.205.99.233 - - [13/Oct/2015:22:31:42 ] "GET /HugoBoss HTTP/1.0" 200 3151 "http://www.google.com" "Mozilla/5.0 (Windows; U; Windows NT 6.1; rv:2.2) Gecko/20110201"
20.149.200.80 - - [13/Oct/2015:22:33:32 ] "GET /Givency HTTP/1.0" 200 2868 "http://instagram.com" "Mozilla/5.0 (Windows NT 5.1; rv:31.0) Gecko/20100101 Firefox/31.0"
181.3.249.130 - - [13/Oct/2015:22:34:17 ] "GET /Gucci HTTP/1.0" 200 2210 "http://twitter.com" "Mozilla/5.0 (Macintosh; Intel Mac OS X 10_9_2) AppleWebKit/537.36 (KHTML, like Gecko) Chrome/36.0.1944.0 Safari/537.36"
154.14.161.138 - - [13/Oct/2015:22:37:24 ] "GET /Store/cart.jsp?productID=1455 HTTP/1.0" 200 3609 "http://twitter.com" "Mozilla/4.0 (compatible; MSIE 7.0; Windows NT 6.0)"
137.89.53.3 - - [13/Oct/2015:22:40:56 ] "GET /HugoBoss HTTP/1.0" 200 4749 "http://instagram.com" "Mozilla/5.0 (Linux; U; Android 2.3.5; en-us; HTC Vision Build/GRI40) AppleWebKit/533.1 (KHTML, like Gecko) Version/4.0 Mobile Safari/533.1"
181.3.249.130 - - [13/Oct/2015:22:42:48 ] "GET /Givency HTTP/1.0" 200 2553 "http://facebook.com/" "Mozilla/5.0 (Macintosh; Intel Mac OS X 10_9_2) AppleWebKit/537.36 (KHTML, like Gecko) Chrome/36.0.1944.0 Safari/537.36"
148.12.180.110 - - [13/Oct/2015:22:45:28 ] "GET /Dior HTTP/1.0" 200 3783 "http://facebook.com/" "Mozilla/5.0 (Windows NT 5.1; rv:31.0) Gecko/20100101 Firefox/31.0"
181.3.249.130 - - [13/Oct/2015:22:47:41 ] "GET /Bvlgari HTTP/1.0" 200 2759 "-" "Mozilla/5.0 (Macintosh; Intel Mac OS X 10_9_2) AppleWebKit/537.36 (KHTML, like Gecko) Chrome/36.0.1944.0 Safari/537.36"
154.14.161.138 - - [13/Oct/2015:22:49:22 ] "GET /HugoBoss HTTP/1.0" 200 4508 "http://twitter.com" "Mozilla/5.0 (Windows; U; MSIE 9.0; WIndows NT 9.0; en-US))"
179.203.132.160 - - [13/Oct/2015:22:54:18 ] "GET /Revlon HTTP/1.0" 200 2175 "http://instagram.com" "Mozilla/5.0 (Windows; U; Windows NT 6.1; rv:2.2) Gecko/20110201"
179.203.132.160 - - [13/Oct/2015:22:59:03 ] "GET /YSL HTTP/1.0" 200 2845 "http://instagram.com" "Mozilla/4.0 (compatible; MSIE 7.0; Windows NT 6.0)"
129.205.99.233 - - [13/Oct/2015:23:01:27 ] "GET /Gucci HTTP/1.0" 200 3984 "http://www.google.com" "Mozilla/5.0 (Windows; U; MSIE 9.0; WIndows NT 9.0; en-US))"
62.112.34.46 - - [13/Oct/2015:23:04:28 ] "GET /Dior HTTP/1.0" 200 3188 "http://www.google.com" "Mozilla/5.0 (iPad; CPU OS 6_0 like Mac OS X) AppleWebKit/536.26 (KHTML, like Gecko) Version/6.0 Mobile/10A5355d Safari/8536.25"
137.89.53.3 - - [13/Oct/2015:23:05:18 ] "GET /Chanel HTTP/1.0" 200 2729 "-" "Mozilla/5.0 (Macintosh; Intel Mac OS X 10_9_2) AppleWebKit/537.36 (KHTML, like Gecko) Chrome/36.0.1944.0 Safari/537.36"
173.216.153.220 - - [13/Oct/2015:23:08:14 ] "GET /Dior HTTP/1.0" 200 4856 "http://facebook.com/" "Mozilla/5.0 (Windows NT 5.1; rv:31.0) Gecko/20100101 Firefox/31.0"
72.183.126.71 - - [13/Oct/2015:23:12:07 ] "GET /Store/cart.jsp?productID=1031 HTTP/1.0" 200 2127 "-" "Mozilla/5.0 (Windows; U; Windows NT 6.1; rv:2.2) Gecko/20110201"
62.112.34.46 - - [13/Oct/2015:23:15:51 ] "GET /CalvinKlein HTTP/1.0" 200 3267 "-" "Mozilla/5.0 (iPad; CPU OS 6_0 like Mac OS X) AppleWebKit/536.26 (KHTML, like Gecko) Version/6.0 Mobile/10A5355d Safari/8536.25"
62.112.34.46 - - [13/Oct/2015:23:18:55 ] "GET /CalvinKlein HTTP/1.0" 200 4361 "-" "Mozilla/5.0 (Windows; U; MSIE 9.0; WIndows NT 9.0; en-US))"
154.14.161.138 - - [13/Oct/2015:23:22:32 ] "GET /Prada HTTP/1.0" 200 2674 "http://instagram.com" "Mozilla/5.0 (Windows NT 5.1; rv:31.0) Gecko/20100101 Firefox/31.0"
181.3.249.130 - - [13/Oct/2015:23:25:21 ] "GET /Store/cart.jsp?productID=1393 HTTP/1.0" 200 3064 "http://instagram.com" "Mozilla/5.0 (Linux; U; Android 2.3.5; en-us; HTC Vision Build/GRI40) AppleWebKit/533.1 (KHTML, like Gecko) Version/4.0 Mobile Safari/533.1"
137.89.53.3 - - [13/Oct/2015:23:25:51 ] "GET /CalvinKlein HTTP/1.0" 200 3854 "-" "Mozilla/4.0 (compatible; MSIE 7.0; Windows NT 6.0)"
173.216.153.220 - - [13/Oct/2015:23:27:41 ] "GET /Dior HTTP/1.0" 200 2642 "http://instagram.com" "Mozilla/5.0 (Windows; U; Windows NT 6.1; rv:2.2) Gecko/20110201"
173.216.153.220 - - [13/Oct/2015:23:30:59 ] "GET /Dior HTTP/1.0" 200 2937 "http://instagram.com" "Mozilla/5.0 (iPad; CPU OS 6_0 like Mac OS X) AppleWebKit/536.26 (KHTML, like Gecko) Version/6.0 Mobile/10A5355d Safari/8536.25"
148.12.180.110 - - [13/Oct/2015:23:32:11 ] "GET /HugoBoss HTTP/1.0" 200 3350 "http://instagram.com" "Mozilla/5.0 (Linux; U; Android 2.3.5; en-us; HTC Vision Build/GRI40) AppleWebKit/533.1 (KHTML, like Gecko) Version/4.0 Mobile Safari/533.1"
173.216.153.220 - - [13/Oct/2015:23:34:28 ] "GET /Revlon HTTP/1.0" 200 4485 "http://instagram.com" "Mozilla/5.0 (Linux; U; Android 2.3.5; en-us; HTC Vision Build/GRI40) AppleWebKit/533.1 (KHTML, like Gecko) Version/4.0 Mobile Safari/533.1"
154.14.161.138 - - [13/Oct/2015:23:38:10 ] "GET /HugoBoss HTTP/1.0" 200 3707 "http://twitter.com" "Mozilla/4.0 (compatible; MSIE 7.0; Windows NT 6.0)"
148.12.180.110 - - [13/Oct/2015:23:40:33 ] "GET /YSL HTTP/1.0" 200 2057 "http://www.google.com" "Mozilla/5.0 (Windows; U; MSIE 9.0; WIndows NT 9.0; en-US))"
181.3.249.130 - - [13/Oct/2015:23:42:28 ] "GET /Dior HTTP/1.0" 200 3797 "http://twitter.com" "Mozilla/5.0 (Windows; U; Windows NT 6.1; rv:2.2) Gecko/20110201"
129.205.99.233 - - [13/Oct/2015:23:44:39 ] "GET /Store/cart.jsp?productID=1168 HTTP/1.0" 200 4846 "http://facebook.com/" "Mozilla/4.0 (compatible; MSIE 7.0; Windows NT 6.0)"
62.112.34.46 - - [13/Oct/2015:23:46:41 ] "GET /HugoBoss HTTP/1.0" 200 3360 "http://facebook.com/" "Mozilla/5.0 (Windows NT 5.1; rv:31.0) Gecko/20100101 Firefox/31.0"
148.12.180.110 - - [13/Oct/2015:23:50:13 ] "GET /Revlon HTTP/1.0" 200 3320 "http://facebook.com/" "Mozilla/5.0 (Windows; U; MSIE 9.0; WIndows NT 9.0; en-US))"
154.14.161.138 - - [13/Oct/2015:23:51:16 ] "GET /Dior HTTP/1.0" 200 4260 "http://facebook.com/" "Mozilla/5.0 (Windows; U; MSIE 9.0; WIndows NT 9.0; en-US))"
179.203.132.160 - - [13/Oct/2015:23:52:36 ] "GET /CalvinKlein HTTP/1.0" 200 2645 "http://facebook.com/" "Mozilla/5.0 (Linux; U; Android 2.3.5; en-us; HTC Vision Build/GRI40) AppleWebKit/533.1 (KHTML, like Gecko) Version/4.0 Mobile Safari/533.1"
137.89.53.3 - - [13/Oct/2015:23:55:17 ] "GET /HugoBoss HTTP/1.0" 200 3888 "http://facebook.com/" "Mozilla/5.0 (Windows; U; MSIE 9.0; WIndows NT 9.0; en-US))"
137.89.53.3 - - [13/Oct/2015:23:58:04 ] "GET /Dior HTTP/1.0" 200 2757 "http://facebook.com/" "Mozilla/5.0 (Windows; U; Windows NT 6.1; rv:2.2) Gecko/20110201"
20.149.200.80 - - [14/Oct/2015:00:02:45 ] "GET /Givency HTTP/1.0" 200 4045 "http://www.google.com" "Mozilla/5.0 (Windows NT 5.1; rv:31.0) Gecko/20100101 Firefox/31.0"
137.89.53.3 - - [14/Oct/2015:00:04:35 ] "GET /Dior HTTP/1.0" 200 2658 "-" "Mozilla/5.0 (iPad; CPU OS 6_0 like Mac OS X) AppleWebKit/536.26 (KHTML, like Gecko) Version/6.0 Mobile/10A5355d Safari/8536.25"
20.149.200.80 - - [14/Oct/2015:00:06:23 ] "GET /Store/cart.jsp?productID=1349 HTTP/1.0" 200 2756 "-" "Mozilla/5.0 (Linux; U; Android 2.3.5; en-us; HTC Vision Build/GRI40) AppleWebKit/533.1 (KHTML, like Gecko) Version/4.0 Mobile Safari/533.1"
154.14.161.138 - - [14/Oct/2015:00:08:27 ] "GET /Revlon HTTP/1.0" 200 3868 "http://facebook.com/" "Mozilla/5.0 (iPad; CPU OS 6_0 like Mac OS X) AppleWebKit/536.26 (KHTML, like Gecko) Version/6.0 Mobile/10A5355d Safari/8536.25"
173.216.153.220 - - [14/Oct/2015:00:13:07 ] "GET /Givency HTTP/1.0" 200 4778 "-" "Mozilla/5.0 (Macintosh; Intel Mac OS X 10_9_2) AppleWebKit/537.36 (KHTML, like Gecko) Chrome/36.0.1944.0 Safari/537.36"
173.216.153.220 - - [14/Oct/2015:00:14:29 ] "GET /Givency HTTP/1.0" 200 2755 "-" "Mozilla/5.0 (iPad; CPU OS 6_0 like Mac OS X) AppleWebKit/536.26 (KHTML, like Gecko) Version/6.0 Mobile/10A5355d Safari/8536.25"
72.183.126.71 - - [14/Oct/2015:00:15:28 ] "GET /Gucci HTTP/1.0" 200 3882 "http://www.google.com" "Mozilla/5.0 (Windows; U; Windows NT 6.1; rv:2.2) Gecko/20110201"
179.203.132.160 - - [14/Oct/2015:00:18:35 ] "GET /Revlon HTTP/1.0" 200 3709 "http://twitter.com" "Mozilla/5.0 (Windows; U; Windows NT 6.1; rv:2.2) Gecko/20110201"
20.149.200.80 - - [14/Oct/2015:00:20:35 ] "GET /Givency HTTP/1.0" 200 2105 "http://instagram.com" "Mozilla/5.0 (Windows NT 5.1; rv:31.0) Gecko/20100101 Firefox/31.0"
179.203.132.160 - - [14/Oct/2015:00:24:37 ] "GET /Dior HTTP/1.0" 200 4939 "http://instagram.com" "Mozilla/5.0 (Windows; U; Windows NT 6.1; rv:2.2) Gecko/20110201"
154.14.161.138 - - [14/Oct/2015:00:27:21 ] "GET /Bvlgari HTTP/1.0" 200 4527 "http://instagram.com" "Mozilla/5.0 (Windows NT 5.1; rv:31.0) Gecko/20100101 Firefox/31.0"
181.3.249.130 - - [14/Oct/2015:00:29:03 ] "GET /YSL HTTP/1.0" 200 2054 "http://www.google.com" "Mozilla/5.0 (Linux; U; Android 2.3.5; en-us; HTC Vision Build/GRI40) AppleWebKit/533.1 (KHTML, like Gecko) Version/4.0 Mobile Safari/533.1"
179.203.132.160 - - [14/Oct/2015:00:31:35 ] "GET /YSL HTTP/1.0" 200 2792 "-" "Mozilla/5.0 (Windows NT 5.1; rv:31.0) Gecko/20100101 Firefox/31.0"
179.203.132.160 - - [14/Oct/2015:00:36:05 ] "GET /Prada HTTP/1.0" 200 3945 "-" "Mozilla/5.0 (Macintosh; Intel Mac OS X 10_9_2) AppleWebKit/537.36 (KHTML, like Gecko) Chrome/36.0.1944.0 Safari/537.36"
137.89.53.3 - - [14/Oct/2015:00:39:33 ] "GET /YSL HTTP/1.0" 200 2381 "http://instagram.com" "Mozilla/5.0 (Windows; U; MSIE 9.0; WIndows NT 9.0; en-US))"
20.149.200.80 - - [14/Oct/2015:00:44:15 ] "GET /Bvlgari HTTP/1.0" 200 3113 "http://twitter.com" "Mozilla/5.0 (iPad; CPU OS 6_0 like Mac OS X) AppleWebKit/536.26 (KHTML, like Gecko) Version/6.0 Mobile/10A5355d Safari/8536.25"
173.216.153.220 - - [14/Oct/2015:00:45:05 ] "GET /Givency HTTP/1.0" 200 2580 "http://instagram.com" "Mozilla/5.0 (Windows; U; Windows NT 6.1; rv:2.2) Gecko/20110201"
148.12.180.110 - - [14/Oct/2015:00:49:09 ] "GET /HugoBoss HTTP/1.0" 200 4998 "http://instagram.com" "Mozilla/5.0 (Linux; U; Android 2.3.5; en-us; HTC Vision Build/GRI40) AppleWebKit/533.1 (KHTML, like Gecko) Version/4.0 Mobile Safari/533.1"
137.89.53.3 - - [14/Oct/2015:00:50:22 ] "GET /YSL HTTP/1.0" 200 3537 "http://twitter.com" "Mozilla/5.0 (Windows; U; MSIE 9.0; WIndows NT 9.0; en-US))"
154.14.161.138 - - [14/Oct/2015:00:55:12 ] "GET /YSL HTTP/1.0" 200 3687 "http://facebook.com/" "Mozilla/5.0 (Linux; U; Android 2.3.5; en-us; HTC Vision Build/GRI40) AppleWebKit/533.1 (KHTML, like Gecko) Version/4.0 Mobile Safari/533.1"
148.12.180.110 - - [14/Oct/2015:00:56:24 ] "GET /Gucci HTTP/1.0" 200 2983 "http://instagram.com" "Mozilla/5.0 (iPad; CPU OS 6_0 like Mac OS X) AppleWebKit/536.26 (KHTML, like Gecko) Version/6.0 Mobile/10A5355d Safari/8536.25"
20.149.200.80 - - [14/Oct/2015:01:00:43 ] "GET /Gucci HTTP/1.0" 200 2376 "http://www.google.com" "Mozilla/5.0 (iPad; CPU OS 6_0 like Mac OS X) AppleWebKit/536.26 (KHTML, like Gecko) Version/6.0 Mobile/10A5355d Safari/8536.25"
181.3.249.130 - - [14/Oct/2015:01:03:03 ] "GET /YSL HTTP/1.0" 200 2942 "http://instagram.com" "Mozilla/5.0 (Windows; U; Windows NT 6.1; rv:2.2) Gecko/20110201"
148.12.180.110 - - [14/Oct/2015:01:06:45 ] "GET /Chanel HTTP/1.0" 200 4815 "http://twitter.com" "Mozilla/5.0 (iPad; CPU OS 6_0 like Mac OS X) AppleWebKit/536.26 (KHTML, like Gecko) Version/6.0 Mobile/10A5355d Safari/8536.25"
181.3.249.130 - - [14/Oct/2015:01:10:13 ] "GET /YSL HTTP/1.0" 200 4143 "http://instagram.com" "Mozilla/5.0 (Windows; U; MSIE 9.0; WIndows NT 9.0; en-US))"
62.112.34.46 - - [14/Oct/2015:01:11:12 ] "GET /Dior HTTP/1.0" 200 4333 "http://www.google.com" "Mozilla/5.0 (Windows; U; MSIE 9.0; WIndows NT 9.0; en-US))"
181.3.249.130 - - [14/Oct/2015:01:11:49 ] "GET /Prada HTTP/1.0" 200 3190 "http://twitter.com" "Mozilla/5.0 (Windows; U; MSIE 9.0; WIndows NT 9.0; en-US))"
72.183.126.71 - - [14/Oct/2015:01:15:08 ] "GET /YSL HTTP/1.0" 200 3801 "http://facebook.com/" "Mozilla/5.0 (Windows NT 5.1; rv:31.0) Gecko/20100101 Firefox/31.0"
129.205.99.233 - - [14/Oct/2015:01:19:00 ] "GET /Store/cart.jsp?productID=1241 HTTP/1.0" 200 4459 "http://www.google.com" "Mozilla/5.0 (Windows; U; MSIE 9.0; WIndows NT 9.0; en-US))"
179.203.132.160 - - [14/Oct/2015:01:22:10 ] "GET /Prada HTTP/1.0" 200 4796 "http://twitter.com" "Mozilla/5.0 (iPad; CPU OS 6_0 like Mac OS X) AppleWebKit/536.26 (KHTML, like Gecko) Version/6.0 Mobile/10A5355d Safari/8536.25"
62.112.34.46 - - [14/Oct/2015:01:26:30 ] "GET /Givency HTTP/1.0" 200 4305 "http://facebook.com/" "Mozilla/5.0 (Windows; U; MSIE 9.0; WIndows NT 9.0; en-US))"
20.149.200.80 - - [14/Oct/2015:01:29:40 ] "GET /YSL HTTP/1.0" 200 3684 "-" "Mozilla/4.0 (compatible; MSIE 7.0; Windows NT 6.0)"
72.183.126.71 - - [14/Oct/2015:01:30:47 ] "GET /HugoBoss HTTP/1.0" 200 4662 "http://twitter.com" "Mozilla/5.0 (Linux; U; Android 2.3.5; en-us; HTC Vision Build/GRI40) AppleWebKit/533.1 (KHTML, like Gecko) Version/4.0 Mobile Safari/533.1"
72.183.126.71 - - [14/Oct/2015:01:32:04 ] "GET /YSL HTTP/1.0" 200 4589 "http://www.google.com" "Mozilla/5.0 (Windows; U; MSIE 9.0; WIndows NT 9.0; en-US))"
62.112.34.46 - - [14/Oct/2015:01:35:00 ] "GET /Store/cart.jsp?productID=1496 HTTP/1.0" 200 3013 "http://facebook.com/" "Mozilla/5.0 (Windows NT 5.1; rv:31.0) Gecko/20100101 Firefox/31.0"
181.3.249.130 - - [14/Oct/2015:01:35:35 ] "GET /CalvinKlein HTTP/1.0" 200 3916 "-" "Mozilla/5.0 (Linux; U; Android 2.3.5; en-us; HTC Vision Build/GRI40) AppleWebKit/533.1 (KHTML, like Gecko) Version/4.0 Mobile Safari/533.1"
20.149.200.80 - - [14/Oct/2015:01:39:20 ] "GET /YSL HTTP/1.0" 200 2995 "-" "Mozilla/5.0 (Windows; U; MSIE 9.0; WIndows NT 9.0; en-US))"
20.149.200.80 - - [14/Oct/2015:01:40:04 ] "GET /Dior HTTP/1.0" 200 3062 "http://www.google.com" "Mozilla/5.0 (iPad; CPU OS 6_0 like Mac OS X) AppleWebKit/536.26 (KHTML, like Gecko) Version/6.0 Mobile/10A5355d Safari/8536.25"
181.3.249.130 - - [14/Oct/2015:01:44:21 ] "GET /Bvlgari HTTP/1.0" 200 3974 "http://www.google.com" "Mozilla/5.0 (iPad; CPU OS 6_0 like Mac OS X) AppleWebKit/536.26 (KHTML, like Gecko) Version/6.0 Mobile/10A5355d Safari/8536.25"
148.12.180.110 - - [14/Oct/2015:01:48:52 ] "GET /CalvinKlein HTTP/1.0" 200 3015 "-" "Mozilla/5.0 (Windows; U; MSIE 9.0; WIndows NT 9.0; en-US))"
62.112.34.46 - - [14/Oct/2015:01:50:35 ] "GET /Dior HTTP/1.0" 200 4604 "http://twitter.com" "Mozilla/5.0 (Windows; U; Windows NT 6.1; rv:2.2) Gecko/20110201"
148.12.180.110 - - [14/Oct/2015:01:55:11 ] "GET /YSL HTTP/1.0" 200 2024 "http://instagram.com" "Mozilla/5.0 (Windows; U; MSIE 9.0; WIndows NT 9.0; en-US))"
62.112.34.46 - - [14/Oct/2015:01:56:20 ] "GET /Givency HTTP/1.0" 200 2188 "http://instagram.com" "Mozilla/4.0 (compatible; MSIE 7.0; Windows NT 6.0)"
20.149.200.80 - - [14/Oct/2015:01:58:24 ] "GET /YSL HTTP/1.0" 200 4302 "http://facebook.com/" "Mozilla/5.0 (Windows NT 5.1; rv:31.0) Gecko/20100101 Firefox/31.0"
179.203.132.160 - - [14/Oct/2015:02:03:24 ] "GET /YSL HTTP/1.0" 200 4567 "http://www.google.com" "Mozilla/5.0 (Linux; U; Android 2.3.5; en-us; HTC Vision Build/GRI40) AppleWebKit/533.1 (KHTML, like Gecko) Version/4.0 Mobile Safari/533.1"
129.205.99.233 - - [14/Oct/2015:02:05:35 ] "GET /HugoBoss HTTP/1.0" 200 2001 "http://instagram.com" "Mozilla/5.0 (iPad; CPU OS 6_0 like Mac OS X) AppleWebKit/536.26 (KHTML, like Gecko) Version/6.0 Mobile/10A5355d Safari/8536.25"
179.203.132.160 - - [14/Oct/2015:02:10:04 ] "GET /Givency HTTP/1.0" 200 4539 "http://twitter.com" "Mozilla/5.0 (iPad; CPU OS 6_0 like Mac OS X) AppleWebKit/536.26 (KHTML, like Gecko) Version/6.0 Mobile/10A5355d Safari/8536.25"
148.12.180.110 - - [14/Oct/2015:02:13:08 ] "GET /Bvlgari HTTP/1.0" 200 2544 "http://instagram.com" "Mozilla/5.0 (Linux; U; Android 2.3.5; en-us; HTC Vision Build/GRI40) AppleWebKit/533.1 (KHTML, like Gecko) Version/4.0 Mobile Safari/533.1"
72.183.126.71 - - [14/Oct/2015:02:13:56 ] "GET /Prada HTTP/1.0" 200 4405 "http://instagram.com" "Mozilla/5.0 (iPad; CPU OS 6_0 like Mac OS X) AppleWebKit/536.26 (KHTML, like Gecko) Version/6.0 Mobile/10A5355d Safari/8536.25"
179.203.132.160 - - [14/Oct/2015:02:14:49 ] "GET /Revlon HTTP/1.0" 200 2165 "http://instagram.com" "Mozilla/5.0 (Windows NT 5.1; rv:31.0) Gecko/20100101 Firefox/31.0"
20.149.200.80 - - [14/Oct/2015:02:19:03 ] "GET /CalvinKlein HTTP/1.0" 200 3604 "http://www.google.com" "Mozilla/5.0 (Windows; U; Windows NT 6.1; rv:2.2) Gecko/20110201"
154.14.161.138 - - [14/Oct/2015:02:22:37 ] "GET /Prada HTTP/1.0" 200 4342 "http://twitter.com" "Mozilla/5.0 (iPad; CPU OS 6_0 like Mac OS X) AppleWebKit/536.26 (KHTML, like Gecko) Version/6.0 Mobile/10A5355d Safari/8536.25"
137.89.53.3 - - [14/Oct/2015:02:23:47 ] "GET /CalvinKlein HTTP/1.0" 200 3884 "-" "Mozilla/5.0 (iPad; CPU OS 6_0 like Mac OS X) AppleWebKit/536.26 (KHTML, like Gecko) Version/6.0 Mobile/10A5355d Safari/8536.25"
20.149.200.80 - - [14/Oct/2015:02:28:15 ] "GET /Chanel HTTP/1.0" 200 2715 "-" "Mozilla/5.0 (Macintosh; Intel Mac OS X 10_9_2) AppleWebKit/537.36 (KHTML, like Gecko) Chrome/36.0.1944.0 Safari/537.36"
62.112.34.46 - - [14/Oct/2015:02:29:52 ] "GET /CalvinKlein HTTP/1.0" 200 2602 "http://twitter.com" "Mozilla/5.0 (Windows; U; MSIE 9.0; WIndows NT 9.0; en-US))"
179.203.132.160 - - [14/Oct/2015:02:31:30 ] "GET /Bvlgari HTTP/1.0" 200 2459 "-" "Mozilla/5.0 (Windows; U; Windows NT 6.1; rv:2.2) Gecko/20110201"
181.3.249.130 - - [14/Oct/2015:02:36:30 ] "GET /Prada HTTP/1.0" 200 4050 "http://instagram.com" "Mozilla/5.0 (Windows NT 5.1; rv:31.0) Gecko/20100101 Firefox/31.0"
62.112.34.46 - - [14/Oct/2015:02:37:45 ] "GET /Prada HTTP/1.0" 200 4274 "http://www.google.com" "Mozilla/5.0 (Windows NT 5.1; rv:31.0) Gecko/20100101 Firefox/31.0"
137.89.53.3 - - [14/Oct/2015:02:42:01 ] "GET /CalvinKlein HTTP/1.0" 200 2516 "http://twitter.com" "Mozilla/5.0 (iPad; CPU OS 6_0 like Mac OS X) AppleWebKit/536.26 (KHTML, like Gecko) Version/6.0 Mobile/10A5355d Safari/8536.25"
62.112.34.46 - - [14/Oct/2015:02:43:16 ] "GET /YSL HTTP/1.0" 200 2755 "http://instagram.com" "Mozilla/4.0 (compatible; MSIE 7.0; Windows NT 6.0)"
148.12.180.110 - - [14/Oct/2015:02:46:49 ] "GET /YSL HTTP/1.0" 200 4254 "http://facebook.com/" "Mozilla/4.0 (compatible; MSIE 7.0; Windows NT 6.0)"
148.12.180.110 - - [14/Oct/2015:02:49:29 ] "GET /Chanel HTTP/1.0" 200 3413 "http://instagram.com" "Mozilla/5.0 (Windows; U; Windows NT 6.1; rv:2.2) Gecko/20110201"
129.205.99.233 - - [14/Oct/2015:02:51:57 ] "GET /Givency HTTP/1.0" 200 2360 "http://facebook.com/" "Mozilla/5.0 (iPad; CPU OS 6_0 like Mac OS X) AppleWebKit/536.26 (KHTML, like Gecko) Version/6.0 Mobile/10A5355d Safari/8536.25"
181.3.249.130 - - [14/Oct/2015:02:54:37 ] "GET /CalvinKlein HTTP/1.0" 200 3735 "http://www.google.com" "Mozilla/5.0 (Windows; U; MSIE 9.0; WIndows NT 9.0; en-US))"
129.205.99.233 - - [14/Oct/2015:02:57:08 ] "GET /Store/cart.jsp?productID=1022 HTTP/1.0" 200 2022 "http://instagram.com" "Mozilla/5.0 (Windows; U; MSIE 9.0; WIndows NT 9.0; en-US))"
181.3.249.130 - - [14/Oct/2015:02:59:40 ] "GET /CalvinKlein HTTP/1.0" 200 4971 "http://facebook.com/" "Mozilla/5.0 (iPad; CPU OS 6_0 like Mac OS X) AppleWebKit/536.26 (KHTML, like Gecko) Version/6.0 Mobile/10A5355d Safari/8536.25"
181.3.249.130 - - [14/Oct/2015:03:01:08 ] "GET /Store/cart.jsp?productID=1499 HTTP/1.0" 200 2630 "http://www.google.com" "Mozilla/5.0 (iPad; CPU OS 6_0 like Mac OS X) AppleWebKit/536.26 (KHTML, like Gecko) Version/6.0 Mobile/10A5355d Safari/8536.25"
179.203.132.160 - - [14/Oct/2015:03:04:41 ] "GET /Givency HTTP/1.0" 200 4093 "http://instagram.com" "Mozilla/5.0 (Linux; U; Android 2.3.5; en-us; HTC Vision Build/GRI40) AppleWebKit/533.1 (KHTML, like Gecko) Version/4.0 Mobile Safari/533.1"
148.12.180.110 - - [14/Oct/2015:03:08:14 ] "GET /Store/cart.jsp?productID=1028 HTTP/1.0" 200 4947 "http://www.google.com" "Mozilla/5.0 (Windows; U; MSIE 9.0; WIndows NT 9.0; en-US))"
179.203.132.160 - - [14/Oct/2015:03:11:35 ] "GET /Givency HTTP/1.0" 200 4739 "http://www.google.com" "Mozilla/5.0 (Windows; U; MSIE 9.0; WIndows NT 9.0; en-US))"
179.203.132.160 - - [14/Oct/2015:03:13:14 ] "GET /Chanel HTTP/1.0" 200 4624 "-" "Mozilla/5.0 (Linux; U; Android 2.3.5; en-us; HTC Vision Build/GRI40) AppleWebKit/533.1 (KHTML, like Gecko) Version/4.0 Mobile Safari/533.1"
154.14.161.138 - - [14/Oct/2015:03:15:20 ] "GET /Revlon HTTP/1.0" 200 2417 "http://www.google.com" "Mozilla/5.0 (iPad; CPU OS 6_0 like Mac OS X) AppleWebKit/536.26 (KHTML, like Gecko) Version/6.0 Mobile/10A5355d Safari/8536.25"
179.203.132.160 - - [14/Oct/2015:03:20:17 ] "GET /Chanel HTTP/1.0" 200 4474 "http://facebook.com/" "Mozilla/5.0 (Linux; U; Android 2.3.5; en-us; HTC Vision Build/GRI40) AppleWebKit/533.1 (KHTML, like Gecko) Version/4.0 Mobile Safari/533.1"
173.216.153.220 - - [14/Oct/2015:03:25:03 ] "GET /Bvlgari HTTP/1.0" 200 2126 "http://www.google.com" "Mozilla/5.0 (Linux; U; Android 2.3.5; en-us; HTC Vision Build/GRI40) AppleWebKit/533.1 (KHTML, like Gecko) Version/4.0 Mobile Safari/533.1"
148.12.180.110 - - [14/Oct/2015:03:27:20 ] "GET /Givency HTTP/1.0" 200 2256 "-" "Mozilla/5.0 (Windows; U; MSIE 9.0; WIndows NT 9.0; en-US))"
181.3.249.130 - - [14/Oct/2015:03:28:55 ] "GET /Dior HTTP/1.0" 200 3298 "http://twitter.com" "Mozilla/5.0 (Macintosh; Intel Mac OS X 10_9_2) AppleWebKit/537.36 (KHTML, like Gecko) Chrome/36.0.1944.0 Safari/537.36"
154.14.161.138 - - [14/Oct/2015:03:30:23 ] "GET /CalvinKlein HTTP/1.0" 200 2405 "http://twitter.com" "Mozilla/4.0 (compatible; MSIE 7.0; Windows NT 6.0)"
20.149.200.80 - - [14/Oct/2015:03:31:40 ] "GET /HugoBoss HTTP/1.0" 200 4054 "http://instagram.com" "Mozilla/5.0 (Linux; U; Android 2.3.5; en-us; HTC Vision Build/GRI40) AppleWebKit/533.1 (KHTML, like Gecko) Version/4.0 Mobile Safari/533.1"
129.205.99.233 - - [14/Oct/2015:03:36:15 ] "GET /HugoBoss HTTP/1.0" 200 2903 "http://facebook.com/" "Mozilla/5.0 (Linux; U; Android 2.3.5; en-us; HTC Vision Build/GRI40) AppleWebKit/533.1 (KHTML, like Gecko) Version/4.0 Mobile Safari/533.1"
154.14.161.138 - - [14/Oct/2015:03:37:02 ] "GET /Store/cart.jsp?productID=1355 HTTP/1.0" 200 2034 "http://www.google.com" "Mozilla/5.0 (Windows; U; Windows NT 6.1; rv:2.2) Gecko/20110201"
179.203.132.160 - - [14/Oct/2015:03:41:04 ] "GET /CalvinKlein HTTP/1.0" 200 2954 "http://facebook.com/" "Mozilla/5.0 (Linux; U; Android 2.3.5; en-us; HTC Vision Build/GRI40) AppleWebKit/533.1 (KHTML, like Gecko) Version/4.0 Mobile Safari/533.1"
62.112.34.46 - - [14/Oct/2015:03:42:34 ] "GET /YSL HTTP/1.0" 200 2928 "http://facebook.com/" "Mozilla/5.0 (Macintosh; Intel Mac OS X 10_9_2) AppleWebKit/537.36 (KHTML, like Gecko) Chrome/36.0.1944.0 Safari/537.36"
181.3.249.130 - - [14/Oct/2015:03:46:07 ] "GET /YSL HTTP/1.0" 200 3351 "-" "Mozilla/5.0 (Windows NT 5.1; rv:31.0) Gecko/20100101 Firefox/31.0"
62.112.34.46 - - [14/Oct/2015:03:47:40 ] "GET /YSL HTTP/1.0" 200 2965 "http://facebook.com/" "Mozilla/5.0 (Macintosh; Intel Mac OS X 10_9_2) AppleWebKit/537.36 (KHTML, like Gecko) Chrome/36.0.1944.0 Safari/537.36"
154.14.161.138 - - [14/Oct/2015:03:49:40 ] "GET /CalvinKlein HTTP/1.0" 200 3170 "http://www.google.com" "Mozilla/5.0 (Windows NT 5.1; rv:31.0) Gecko/20100101 Firefox/31.0"
179.203.132.160 - - [14/Oct/2015:03:51:23 ] "GET /CalvinKlein HTTP/1.0" 200 3199 "http://www.google.com" "Mozilla/5.0 (Linux; U; Android 2.3.5; en-us; HTC Vision Build/GRI40) AppleWebKit/533.1 (KHTML, like Gecko) Version/4.0 Mobile Safari/533.1"
137.89.53.3 - - [14/Oct/2015:03:54:48 ] "GET /Chanel HTTP/1.0" 200 4492 "http://instagram.com" "Mozilla/5.0 (Windows; U; Windows NT 6.1; rv:2.2) Gecko/20110201"
62.112.34.46 - - [14/Oct/2015:03:57:06 ] "GET /Gucci HTTP/1.0" 200 2698 "http://twitter.com" "Mozilla/5.0 (Macintosh; Intel Mac OS X 10_9_2) AppleWebKit/537.36 (KHTML, like Gecko) Chrome/36.0.1944.0 Safari/537.36"
173.216.153.220 - - [14/Oct/2015:04:00:20 ] "GET /YSL HTTP/1.0" 200 2194 "http://facebook.com/" "Mozilla/5.0 (Windows NT 5.1; rv:31.0) Gecko/20100101 Firefox/31.0"
148.12.180.110 - - [14/Oct/2015:04:03:47 ] "GET /Bvlgari HTTP/1.0" 200 2387 "http://facebook.com/" "Mozilla/5.0 (Windows; U; Windows NT 6.1; rv:2.2) Gecko/20110201"
20.149.200.80 - - [14/Oct/2015:04:06:06 ] "GET /Dior HTTP/1.0" 200 4044 "http://www.google.com" "Mozilla/5.0 (Windows; U; MSIE 9.0; WIndows NT 9.0; en-US))"
72.183.126.71 - - [14/Oct/2015:04:08:24 ] "GET /Gucci HTTP/1.0" 200 4505 "http://twitter.com" "Mozilla/5.0 (Windows; U; MSIE 9.0; WIndows NT 9.0; en-US))"
173.216.153.220 - - [14/Oct/2015:04:10:42 ] "GET /Prada HTTP/1.0" 200 4313 "http://www.google.com" "Mozilla/5.0 (iPad; CPU OS 6_0 like Mac OS X) AppleWebKit/536.26 (KHTML, like Gecko) Version/6.0 Mobile/10A5355d Safari/8536.25"
173.216.153.220 - - [14/Oct/2015:04:11:40 ] "GET /Store/cart.jsp?productID=1452 HTTP/1.0" 200 4583 "-" "Mozilla/5.0 (Windows; U; Windows NT 6.1; rv:2.2) Gecko/20110201"
129.205.99.233 - - [14/Oct/2015:04:13:33 ] "GET /Revlon HTTP/1.0" 200 4203 "http://www.google.com" "Mozilla/5.0 (Linux; U; Android 2.3.5; en-us; HTC Vision Build/GRI40) AppleWebKit/533.1 (KHTML, like Gecko) Version/4.0 Mobile Safari/533.1"
179.203.132.160 - - [14/Oct/2015:04:16:02 ] "GET /YSL HTTP/1.0" 200 2092 "http://www.google.com" "Mozilla/5.0 (Windows; U; Windows NT 6.1; rv:2.2) Gecko/20110201"
179.203.132.160 - - [14/Oct/2015:04:16:52 ] "GET /HugoBoss HTTP/1.0" 200 3895 "http://www.google.com" "Mozilla/5.0 (Windows; U; MSIE 9.0; WIndows NT 9.0; en-US))"
62.112.34.46 - - [14/Oct/2015:04:21:28 ] "GET /CalvinKlein HTTP/1.0" 200 4118 "http://instagram.com" "Mozilla/5.0 (Windows NT 5.1; rv:31.0) Gecko/20100101 Firefox/31.0"
62.112.34.46 - - [14/Oct/2015:04:22:26 ] "GET /Store/cart.jsp?productID=1127 HTTP/1.0" 200 3853 "http://twitter.com" "Mozilla/5.0 (Windows NT 5.1; rv:31.0) Gecko/20100101 Firefox/31.0"
148.12.180.110 - - [14/Oct/2015:04:23:50 ] "GET /Revlon HTTP/1.0" 200 4863 "http://www.google.com" "Mozilla/5.0 (iPad; CPU OS 6_0 like Mac OS X) AppleWebKit/536.26 (KHTML, like Gecko) Version/6.0 Mobile/10A5355d Safari/8536.25"
129.205.99.233 - - [14/Oct/2015:04:25:46 ] "GET /Dior HTTP/1.0" 200 4926 "-" "Mozilla/5.0 (Macintosh; Intel Mac OS X 10_9_2) AppleWebKit/537.36 (KHTML, like Gecko) Chrome/36.0.1944.0 Safari/537.36"
173.216.153.220 - - [14/Oct/2015:04:28:48 ] "GET /CalvinKlein HTTP/1.0" 200 4876 "-" "Mozilla/5.0 (iPad; CPU OS 6_0 like Mac OS X) AppleWebKit/536.26 (KHTML, like Gecko) Version/6.0 Mobile/10A5355d Safari/8536.25"
148.12.180.110 - - [14/Oct/2015:04:32:47 ] "GET /YSL HTTP/1.0" 200 2770 "http://facebook.com/" "Mozilla/5.0 (Windows; U; Windows NT 6.1; rv:2.2) Gecko/20110201"
148.12.180.110 - - [14/Oct/2015:04:36:05 ] "GET /Givency HTTP/1.0" 200 2740 "http://facebook.com/" "Mozilla/5.0 (Windows; U; Windows NT 6.1; rv:2.2) Gecko/20110201"
148.12.180.110 - - [14/Oct/2015:04:40:04 ] "GET /Revlon HTTP/1.0" 200 2255 "http://www.google.com" "Mozilla/5.0 (Linux; U; Android 2.3.5; en-us; HTC Vision Build/GRI40) AppleWebKit/533.1 (KHTML, like Gecko) Version/4.0 Mobile Safari/533.1"
154.14.161.138 - - [14/Oct/2015:04:41:19 ] "GET /Givency HTTP/1.0" 200 3262 "http://facebook.com/" "Mozilla/5.0 (Windows; U; Windows NT 6.1; rv:2.2) Gecko/20110201"
173.216.153.220 - - [14/Oct/2015:04:43:09 ] "GET /Store/cart.jsp?productID=1375 HTTP/1.0" 200 2471 "http://facebook.com/" "Mozilla/5.0 (Windows; U; Windows NT 6.1; rv:2.2) Gecko/20110201"
173.216.153.220 - - [14/Oct/2015:04:47:54 ] "GET /Bvlgari HTTP/1.0" 200 2216 "http://twitter.com" "Mozilla/5.0 (Windows; U; Windows NT 6.1; rv:2.2) Gecko/20110201"
173.216.153.220 - - [14/Oct/2015:04:51:15 ] "GET /HugoBoss HTTP/1.0" 200 2115 "http://www.google.com" "Mozilla/4.0 (compatible; MSIE 7.0; Windows NT 6.0)"
20.149.200.80 - - [14/Oct/2015:04:55:01 ] "GET /Chanel HTTP/1.0" 200 2256 "-" "Mozilla/5.0 (Linux; U; Android 2.3.5; en-us; HTC Vision Build/GRI40) AppleWebKit/533.1 (KHTML, like Gecko) Version/4.0 Mobile Safari/533.1"
154.14.161.138 - - [14/Oct/2015:04:55:43 ] "GET /Revlon HTTP/1.0" 200 2511 "-" "Mozilla/5.0 (Macintosh; Intel Mac OS X 10_9_2) AppleWebKit/537.36 (KHTML, like Gecko) Chrome/36.0.1944.0 Safari/537.36"
72.183.126.71 - - [14/Oct/2015:04:59:28 ] "GET /Gucci HTTP/1.0" 200 4938 "http://instagram.com" "Mozilla/5.0 (Macintosh; Intel Mac OS X 10_9_2) AppleWebKit/537.36 (KHTML, like Gecko) Chrome/36.0.1944.0 Safari/537.36"
148.12.180.110 - - [14/Oct/2015:05:03:46 ] "GET /Chanel HTTP/1.0" 200 2701 "http://instagram.com" "Mozilla/5.0 (iPad; CPU OS 6_0 like Mac OS X) AppleWebKit/536.26 (KHTML, like Gecko) Version/6.0 Mobile/10A5355d Safari/8536.25"
148.12.180.110 - - [14/Oct/2015:05:04:18 ] "GET /Dior HTTP/1.0" 200 4637 "http://instagram.com" "Mozilla/4.0 (compatible; MSIE 7.0; Windows NT 6.0)"
148.12.180.110 - - [14/Oct/2015:05:05:03 ] "GET /Store/cart.jsp?productID=1228 HTTP/1.0" 200 2722 "http://facebook.com/" "Mozilla/5.0 (Windows; U; Windows NT 6.1; rv:2.2) Gecko/20110201"
154.14.161.138 - - [14/Oct/2015:05:05:50 ] "GET /Chanel HTTP/1.0" 200 4446 "http://instagram.com" "Mozilla/5.0 (Windows; U; MSIE 9.0; WIndows NT 9.0; en-US))"
148.12.180.110 - - [14/Oct/2015:05:08:56 ] "GET /Chanel HTTP/1.0" 200 2110 "-" "Mozilla/5.0 (Windows; U; MSIE 9.0; WIndows NT 9.0; en-US))"
137.89.53.3 - - [14/Oct/2015:05:11:30 ] "GET /Store/cart.jsp?productID=1009 HTTP/1.0" 200 2603 "-" "Mozilla/5.0 (Windows; U; Windows NT 6.1; rv:2.2) Gecko/20110201"
72.183.126.71 - - [14/Oct/2015:05:12:38 ] "GET /Chanel HTTP/1.0" 200 3040 "http://instagram.com" "Mozilla/4.0 (compatible; MSIE 7.0; Windows NT 6.0)"
20.149.200.80 - - [14/Oct/2015:05:15:42 ] "GET /Prada HTTP/1.0" 200 4553 "http://twitter.com" "Mozilla/5.0 (iPad; CPU OS 6_0 like Mac OS X) AppleWebKit/536.26 (KHTML, like Gecko) Version/6.0 Mobile/10A5355d Safari/8536.25"
148.12.180.110 - - [14/Oct/2015:05:17:08 ] "GET /Prada HTTP/1.0" 200 4142 "http://instagram.com" "Mozilla/5.0 (Windows NT 5.1; rv:31.0) Gecko/20100101 Firefox/31.0"
20.149.200.80 - - [14/Oct/2015:05:19:53 ] "GET /Bvlgari HTTP/1.0" 200 2777 "http://instagram.com" "Mozilla/5.0 (iPad; CPU OS 6_0 like Mac OS X) AppleWebKit/536.26 (KHTML, like Gecko) Version/6.0 Mobile/10A5355d Safari/8536.25"
129.205.99.233 - - [14/Oct/2015:05:22:22 ] "GET /Givency HTTP/1.0" 200 2132 "http://facebook.com/" "Mozilla/5.0 (iPad; CPU OS 6_0 like Mac OS X) AppleWebKit/536.26 (KHTML, like Gecko) Version/6.0 Mobile/10A5355d Safari/8536.25"
129.205.99.233 - - [14/Oct/2015:05:23:05 ] "GET /Prada HTTP/1.0" 200 4590 "http://facebook.com/" "Mozilla/5.0 (Macintosh; Intel Mac OS X 10_9_2) AppleWebKit/537.36 (KHTML, like Gecko) Chrome/36.0.1944.0 Safari/537.36"
173.216.153.220 - - [14/Oct/2015:05:27:15 ] "GET /CalvinKlein HTTP/1.0" 200 3489 "-" "Mozilla/4.0 (compatible; MSIE 7.0; Windows NT 6.0)"
181.3.249.130 - - [14/Oct/2015:05:29:31 ] "GET /Prada HTTP/1.0" 200 4554 "http://facebook.com/" "Mozilla/5.0 (iPad; CPU OS 6_0 like Mac OS X) AppleWebKit/536.26 (KHTML, like Gecko) Version/6.0 Mobile/10A5355d Safari/8536.25"
148.12.180.110 - - [14/Oct/2015:05:33:28 ] "GET /Bvlgari HTTP/1.0" 200 4756 "http://www.google.com" "Mozilla/5.0 (Windows; U; MSIE 9.0; WIndows NT 9.0; en-US))"
137.89.53.3 - - [14/Oct/2015:05:34:30 ] "GET /Dior HTTP/1.0" 200 2202 "http://twitter.com" "Mozilla/5.0 (Windows; U; MSIE 9.0; WIndows NT 9.0; en-US))"
179.203.132.160 - - [14/Oct/2015:05:36:06 ] "GET /CalvinKlein HTTP/1.0" 200 2973 "http://www.google.com" "Mozilla/5.0 (Macintosh; Intel Mac OS X 10_9_2) AppleWebKit/537.36 (KHTML, like Gecko) Chrome/36.0.1944.0 Safari/537.36"
148.12.180.110 - - [14/Oct/2015:05:37:10 ] "GET /YSL HTTP/1.0" 200 3013 "-" "Mozilla/5.0 (Windows; U; MSIE 9.0; WIndows NT 9.0; en-US))"
154.14.161.138 - - [14/Oct/2015:05:40:05 ] "GET /Prada HTTP/1.0" 200 2426 "http://facebook.com/" "Mozilla/5.0 (iPad; CPU OS 6_0 like Mac OS X) AppleWebKit/536.26 (KHTML, like Gecko) Version/6.0 Mobile/10A5355d Safari/8536.25"
173.216.153.220 - - [14/Oct/2015:05:41:35 ] "GET /Bvlgari HTTP/1.0" 200 3907 "http://www.google.com" "Mozilla/5.0 (Macintosh; Intel Mac OS X 10_9_2) AppleWebKit/537.36 (KHTML, like Gecko) Chrome/36.0.1944.0 Safari/537.36"
181.3.249.130 - - [14/Oct/2015:05:44:02 ] "GET /Givency HTTP/1.0" 200 2848 "http://facebook.com/" "Mozilla/5.0 (Windows; U; Windows NT 6.1; rv:2.2) Gecko/20110201"
179.203.132.160 - - [14/Oct/2015:05:47:01 ] "GET /Bvlgari HTTP/1.0" 200 3202 "http://facebook.com/" "Mozilla/5.0 (iPad; CPU OS 6_0 like Mac OS X) AppleWebKit/536.26 (KHTML, like Gecko) Version/6.0 Mobile/10A5355d Safari/8536.25"
137.89.53.3 - - [14/Oct/2015:05:48:57 ] "GET /Bvlgari HTTP/1.0" 200 3414 "http://twitter.com" "Mozilla/5.0 (iPad; CPU OS 6_0 like Mac OS X) AppleWebKit/536.26 (KHTML, like Gecko) Version/6.0 Mobile/10A5355d Safari/8536.25"
20.149.200.80 - - [14/Oct/2015:05:51:09 ] "GET /Gucci HTTP/1.0" 200 4576 "http://instagram.com" "Mozilla/5.0 (Windows; U; Windows NT 6.1; rv:2.2) Gecko/20110201"
72.183.126.71 - - [14/Oct/2015:05:52:59 ] "GET /Chanel HTTP/1.0" 200 4609 "http://www.google.com" "Mozilla/4.0 (compatible; MSIE 7.0; Windows NT 6.0)"
148.12.180.110 - - [14/Oct/2015:05:53:38 ] "GET /HugoBoss HTTP/1.0" 200 3247 "http://twitter.com" "Mozilla/5.0 (Windows; U; Windows NT 6.1; rv:2.2) Gecko/20110201"
20.149.200.80 - - [14/Oct/2015:05:57:15 ] "GET /Chanel HTTP/1.0" 200 3928 "-" "Mozilla/5.0 (Macintosh; Intel Mac OS X 10_9_2) AppleWebKit/537.36 (KHTML, like Gecko) Chrome/36.0.1944.0 Safari/537.36"
181.3.249.130 - - [14/Oct/2015:06:00:30 ] "GET /HugoBoss HTTP/1.0" 200 4647 "http://twitter.com" "Mozilla/5.0 (Windows; U; MSIE 9.0; WIndows NT 9.0; en-US))"
179.203.132.160 - - [14/Oct/2015:06:01:16 ] "GET /Bvlgari HTTP/1.0" 200 4412 "-" "Mozilla/5.0 (Windows; U; MSIE 9.0; WIndows NT 9.0; en-US))"
154.14.161.138 - - [14/Oct/2015:06:05:03 ] "GET /HugoBoss HTTP/1.0" 200 3833 "http://facebook.com/" "Mozilla/5.0 (Linux; U; Android 2.3.5; en-us; HTC Vision Build/GRI40) AppleWebKit/533.1 (KHTML, like Gecko) Version/4.0 Mobile Safari/533.1"
173.216.153.220 - - [14/Oct/2015:06:08:41 ] "GET /HugoBoss HTTP/1.0" 200 3001 "http://instagram.com" "Mozilla/4.0 (compatible; MSIE 7.0; Windows NT 6.0)"
181.3.249.130 - - [14/Oct/2015:06:09:40 ] "GET /Givency HTTP/1.0" 200 2165 "http://twitter.com" "Mozilla/5.0 (Windows NT 5.1; rv:31.0) Gecko/20100101 Firefox/31.0"
154.14.161.138 - - [14/Oct/2015:06:12:39 ] "GET /Chanel HTTP/1.0" 200 4425 "http://facebook.com/" "Mozilla/5.0 (Windows NT 5.1; rv:31.0) Gecko/20100101 Firefox/31.0"
72.183.126.71 - - [14/Oct/2015:06:14:08 ] "GET /CalvinKlein HTTP/1.0" 200 4700 "http://www.google.com" "Mozilla/5.0 (Windows NT 5.1; rv:31.0) Gecko/20100101 Firefox/31.0"
129.205.99.233 - - [14/Oct/2015:06:18:58 ] "GET /YSL HTTP/1.0" 200 2310 "http://twitter.com" "Mozilla/5.0 (Windows NT 5.1; rv:31.0) Gecko/20100101 Firefox/31.0"
154.14.161.138 - - [14/Oct/2015:06:21:54 ] "GET /Dior HTTP/1.0" 200 2293 "-" "Mozilla/5.0 (Windows; U; Windows NT 6.1; rv:2.2) Gecko/20110201"
72.183.126.71 - - [14/Oct/2015:06:24:38 ] "GET /Givency HTTP/1.0" 200 3264 "http://facebook.com/" "Mozilla/5.0 (iPad; CPU OS 6_0 like Mac OS X) AppleWebKit/536.26 (KHTML, like Gecko) Version/6.0 Mobile/10A5355d Safari/8536.25"
154.14.161.138 - - [14/Oct/2015:06:25:11 ] "GET /CalvinKlein HTTP/1.0" 200 3946 "http://twitter.com" "Mozilla/5.0 (Windows NT 5.1; rv:31.0) Gecko/20100101 Firefox/31.0"
129.205.99.233 - - [14/Oct/2015:06:28:18 ] "GET /Bvlgari HTTP/1.0" 200 2604 "http://facebook.com/" "Mozilla/5.0 (Windows NT 5.1; rv:31.0) Gecko/20100101 Firefox/31.0"
62.112.34.46 - - [14/Oct/2015:06:30:13 ] "GET /Store/cart.jsp?productID=1186 HTTP/1.0" 200 3787 "http://instagram.com" "Mozilla/5.0 (Windows; U; MSIE 9.0; WIndows NT 9.0; en-US))"
181.3.249.130 - - [14/Oct/2015:06:34:18 ] "GET /Store/cart.jsp?productID=1414 HTTP/1.0" 200 4701 "http://www.google.com" "Mozilla/5.0 (iPad; CPU OS 6_0 like Mac OS X) AppleWebKit/536.26 (KHTML, like Gecko) Version/6.0 Mobile/10A5355d Safari/8536.25"
179.203.132.160 - - [14/Oct/2015:06:36:46 ] "GET /Prada HTTP/1.0" 200 2745 "http://www.google.com" "Mozilla/5.0 (Windows; U; Windows NT 6.1; rv:2.2) Gecko/20110201"
181.3.249.130 - - [14/Oct/2015:06:38:05 ] "GET /Store/cart.jsp?productID=1440 HTTP/1.0" 200 3336 "http://instagram.com" "Mozilla/5.0 (iPad; CPU OS 6_0 like Mac OS X) AppleWebKit/536.26 (KHTML, like Gecko) Version/6.0 Mobile/10A5355d Safari/8536.25"
72.183.126.71 - - [14/Oct/2015:06:42:49 ] "GET /Gucci HTTP/1.0" 200 2193 "http://twitter.com" "Mozilla/5.0 (Macintosh; Intel Mac OS X 10_9_2) AppleWebKit/537.36 (KHTML, like Gecko) Chrome/36.0.1944.0 Safari/537.36"
20.149.200.80 - - [14/Oct/2015:06:45:42 ] "GET /Revlon HTTP/1.0" 200 4267 "http://twitter.com" "Mozilla/5.0 (Windows; U; MSIE 9.0; WIndows NT 9.0; en-US))"
148.12.180.110 - - [14/Oct/2015:06:48:43 ] "GET /Prada HTTP/1.0" 200 3453 "-" "Mozilla/5.0 (Macintosh; Intel Mac OS X 10_9_2) AppleWebKit/537.36 (KHTML, like Gecko) Chrome/36.0.1944.0 Safari/537.36"
72.183.126.71 - - [14/Oct/2015:06:53:16 ] "GET /Prada HTTP/1.0" 200 2048 "http://instagram.com" "Mozilla/5.0 (iPad; CPU OS 6_0 like Mac OS X) AppleWebKit/536.26 (KHTML, like Gecko) Version/6.0 Mobile/10A5355d Safari/8536.25"
179.203.132.160 - - [14/Oct/2015:06:55:54 ] "GET /Gucci HTTP/1.0" 200 3569 "http://instagram.com" "Mozilla/4.0 (compatible; MSIE 7.0; Windows NT 6.0)"
20.149.200.80 - - [14/Oct/2015:06:58:32 ] "GET /YSL HTTP/1.0" 200 4111 "http://instagram.com" "Mozilla/5.0 (Windows; U; Windows NT 6.1; rv:2.2) Gecko/20110201"
173.216.153.220 - - [14/Oct/2015:06:59:20 ] "GET /Dior HTTP/1.0" 200 2791 "http://twitter.com" "Mozilla/5.0 (Macintosh; Intel Mac OS X 10_9_2) AppleWebKit/537.36 (KHTML, like Gecko) Chrome/36.0.1944.0 Safari/537.36"
20.149.200.80 - - [14/Oct/2015:07:01:39 ] "GET /HugoBoss HTTP/1.0" 200 4455 "http://twitter.com" "Mozilla/5.0 (Linux; U; Android 2.3.5; en-us; HTC Vision Build/GRI40) AppleWebKit/533.1 (KHTML, like Gecko) Version/4.0 Mobile Safari/533.1"
62.112.34.46 - - [14/Oct/2015:07:03:13 ] "GET /HugoBoss HTTP/1.0" 200 2181 "http://instagram.com" "Mozilla/5.0 (Windows; U; Windows NT 6.1; rv:2.2) Gecko/20110201"
154.14.161.138 - - [14/Oct/2015:07:05:10 ] "GET /CalvinKlein HTTP/1.0" 200 4976 "http://www.google.com" "Mozilla/5.0 (Windows; U; Windows NT 6.1; rv:2.2) Gecko/20110201"
154.14.161.138 - - [14/Oct/2015:07:07:56 ] "GET /Dior HTTP/1.0" 200 3246 "-" "Mozilla/5.0 (Linux; U; Android 2.3.5; en-us; HTC Vision Build/GRI40) AppleWebKit/533.1 (KHTML, like Gecko) Version/4.0 Mobile Safari/533.1"
154.14.161.138 - - [14/Oct/2015:07:12:12 ] "GET /Prada HTTP/1.0" 200 2924 "http://facebook.com/" "Mozilla/5.0 (iPad; CPU OS 6_0 like Mac OS X) AppleWebKit/536.26 (KHTML, like Gecko) Version/6.0 Mobile/10A5355d Safari/8536.25"
129.205.99.233 - - [14/Oct/2015:07:16:44 ] "GET /Bvlgari HTTP/1.0" 200 4486 "http://www.google.com" "Mozilla/5.0 (Windows; U; Windows NT 6.1; rv:2.2) Gecko/20110201"
72.183.126.71 - - [14/Oct/2015:07:18:36 ] "GET /Chanel HTTP/1.0" 200 4591 "http://www.google.com" "Mozilla/5.0 (Windows; U; Windows NT 6.1; rv:2.2) Gecko/20110201"
72.183.126.71 - - [14/Oct/2015:07:21:02 ] "GET /Chanel HTTP/1.0" 200 3094 "http://twitter.com" "Mozilla/5.0 (Linux; U; Android 2.3.5; en-us; HTC Vision Build/GRI40) AppleWebKit/533.1 (KHTML, like Gecko) Version/4.0 Mobile Safari/533.1"
137.89.53.3 - - [14/Oct/2015:07:22:16 ] "GET /Givency HTTP/1.0" 200 2861 "http://twitter.com" "Mozilla/5.0 (Windows NT 5.1; rv:31.0) Gecko/20100101 Firefox/31.0"
20.149.200.80 - - [14/Oct/2015:07:24:25 ] "GET /Chanel HTTP/1.0" 200 2649 "-" "Mozilla/5.0 (Windows; U; MSIE 9.0; WIndows NT 9.0; en-US))"
62.112.34.46 - - [14/Oct/2015:07:28:22 ] "GET /Dior HTTP/1.0" 200 4401 "http://twitter.com" "Mozilla/5.0 (Windows; U; Windows NT 6.1; rv:2.2) Gecko/20110201"
173.216.153.220 - - [14/Oct/2015:07:33:18 ] "GET /Bvlgari HTTP/1.0" 200 4722 "http://instagram.com" "Mozilla/5.0 (Windows; U; Windows NT 6.1; rv:2.2) Gecko/20110201"
62.112.34.46 - - [14/Oct/2015:07:38:07 ] "GET /Givency HTTP/1.0" 200 2277 "http://twitter.com" "Mozilla/4.0 (compatible; MSIE 7.0; Windows NT 6.0)"
129.205.99.233 - - [14/Oct/2015:07:40:57 ] "GET /Givency HTTP/1.0" 200 2862 "-" "Mozilla/5.0 (Windows; U; Windows NT 6.1; rv:2.2) Gecko/20110201"
137.89.53.3 - - [14/Oct/2015:07:43:00 ] "GET /Chanel HTTP/1.0" 200 4920 "http://twitter.com" "Mozilla/5.0 (Windows; U; MSIE 9.0; WIndows NT 9.0; en-US))"
173.216.153.220 - - [14/Oct/2015:07:43:44 ] "GET /Chanel HTTP/1.0" 200 3203 "-" "Mozilla/5.0 (Windows; U; MSIE 9.0; WIndows NT 9.0; en-US))"
62.112.34.46 - - [14/Oct/2015:07:46:45 ] "GET /Bvlgari HTTP/1.0" 200 2223 "http://instagram.com" "Mozilla/5.0 (Macintosh; Intel Mac OS X 10_9_2) AppleWebKit/537.36 (KHTML, like Gecko) Chrome/36.0.1944.0 Safari/537.36"
137.89.53.3 - - [14/Oct/2015:07:48:29 ] "GET /Prada HTTP/1.0" 200 4063 "http://www.google.com" "Mozilla/4.0 (compatible; MSIE 7.0; Windows NT 6.0)"
173.216.153.220 - - [14/Oct/2015:07:49:11 ] "GET /Chanel HTTP/1.0" 200 3957 "http://facebook.com/" "Mozilla/5.0 (Windows; U; Windows NT 6.1; rv:2.2) Gecko/20110201"
62.112.34.46 - - [14/Oct/2015:07:52:13 ] "GET /Dior HTTP/1.0" 200 2693 "-" "Mozilla/5.0 (Windows; U; Windows NT 6.1; rv:2.2) Gecko/20110201"
154.14.161.138 - - [14/Oct/2015:07:56:00 ] "GET /HugoBoss HTTP/1.0" 200 2738 "http://instagram.com" "Mozilla/5.0 (Linux; U; Android 2.3.5; en-us; HTC Vision Build/GRI40) AppleWebKit/533.1 (KHTML, like Gecko) Version/4.0 Mobile Safari/533.1"
173.216.153.220 - - [14/Oct/2015:07:58:18 ] "GET /Dior HTTP/1.0" 200 2174 "http://twitter.com" "Mozilla/5.0 (iPad; CPU OS 6_0 like Mac OS X) AppleWebKit/536.26 (KHTML, like Gecko) Version/6.0 Mobile/10A5355d Safari/8536.25"
129.205.99.233 - - [14/Oct/2015:08:02:59 ] "GET /CalvinKlein HTTP/1.0" 200 4301 "http://instagram.com" "Mozilla/4.0 (compatible; MSIE 7.0; Windows NT 6.0)"
62.112.34.46 - - [14/Oct/2015:08:05:17 ] "GET /Store/cart.jsp?productID=1340 HTTP/1.0" 200 4769 "http://www.google.com" "Mozilla/5.0 (iPad; CPU OS 6_0 like Mac OS X) AppleWebKit/536.26 (KHTML, like Gecko) Version/6.0 Mobile/10A5355d Safari/8536.25"
137.89.53.3 - - [14/Oct/2015:08:07:09 ] "GET /Prada HTTP/1.0" 200 4107 "http://www.google.com" "Mozilla/5.0 (Linux; U; Android 2.3.5; en-us; HTC Vision Build/GRI40) AppleWebKit/533.1 (KHTML, like Gecko) Version/4.0 Mobile Safari/533.1"
62.112.34.46 - - [14/Oct/2015:08:11:08 ] "GET /Gucci HTTP/1.0" 200 3536 "http://instagram.com" "Mozilla/5.0 (Linux; U; Android 2.3.5; en-us; HTC Vision Build/GRI40) AppleWebKit/533.1 (KHTML, like Gecko) Version/4.0 Mobile Safari/533.1"
137.89.53.3 - - [14/Oct/2015:08:15:30 ] "GET /Revlon HTTP/1.0" 200 4948 "http://www.google.com" "Mozilla/5.0 (iPad; CPU OS 6_0 like Mac OS X) AppleWebKit/536.26 (KHTML, like Gecko) Version/6.0 Mobile/10A5355d Safari/8536.25"
20.149.200.80 - - [14/Oct/2015:08:16:52 ] "GET /YSL HTTP/1.0" 200 2246 "http://www.google.com" "Mozilla/5.0 (Linux; U; Android 2.3.5; en-us; HTC Vision Build/GRI40) AppleWebKit/533.1 (KHTML, like Gecko) Version/4.0 Mobile Safari/533.1"
179.203.132.160 - - [14/Oct/2015:08:20:42 ] "GET /HugoBoss HTTP/1.0" 200 4109 "http://instagram.com" "Mozilla/5.0 (Windows NT 5.1; rv:31.0) Gecko/20100101 Firefox/31.0"
154.14.161.138 - - [14/Oct/2015:08:25:07 ] "GET /Revlon HTTP/1.0" 200 3343 "-" "Mozilla/5.0 (Windows; U; MSIE 9.0; WIndows NT 9.0; en-US))"
72.183.126.71 - - [14/Oct/2015:08:28:56 ] "GET /Bvlgari HTTP/1.0" 200 2001 "http://instagram.com" "Mozilla/5.0 (iPad; CPU OS 6_0 like Mac OS X) AppleWebKit/536.26 (KHTML, like Gecko) Version/6.0 Mobile/10A5355d Safari/8536.25"
181.3.249.130 - - [14/Oct/2015:08:30:45 ] "GET /Revlon HTTP/1.0" 200 4509 "http://twitter.com" "Mozilla/5.0 (Macintosh; Intel Mac OS X 10_9_2) AppleWebKit/537.36 (KHTML, like Gecko) Chrome/36.0.1944.0 Safari/537.36"
154.14.161.138 - - [14/Oct/2015:08:34:28 ] "GET /Revlon HTTP/1.0" 200 2932 "-" "Mozilla/5.0 (Macintosh; Intel Mac OS X 10_9_2) AppleWebKit/537.36 (KHTML, like Gecko) Chrome/36.0.1944.0 Safari/537.36"
129.205.99.233 - - [14/Oct/2015:08:35:39 ] "GET /YSL HTTP/1.0" 200 4346 "http://twitter.com" "Mozilla/5.0 (Windows NT 5.1; rv:31.0) Gecko/20100101 Firefox/31.0"
129.205.99.233 - - [14/Oct/2015:08:38:38 ] "GET /YSL HTTP/1.0" 200 2609 "http://instagram.com" "Mozilla/5.0 (iPad; CPU OS 6_0 like Mac OS X) AppleWebKit/536.26 (KHTML, like Gecko) Version/6.0 Mobile/10A5355d Safari/8536.25"
72.183.126.71 - - [14/Oct/2015:08:39:20 ] "GET /Givency HTTP/1.0" 200 3127 "http://www.google.com" "Mozilla/5.0 (Macintosh; Intel Mac OS X 10_9_2) AppleWebKit/537.36 (KHTML, like Gecko) Chrome/36.0.1944.0 Safari/537.36"
173.216.153.220 - - [14/Oct/2015:08:41:43 ] "GET /Givency HTTP/1.0" 200 4959 "http://www.google.com" "Mozilla/5.0 (iPad; CPU OS 6_0 like Mac OS X) AppleWebKit/536.26 (KHTML, like Gecko) Version/6.0 Mobile/10A5355d Safari/8536.25"
179.203.132.160 - - [14/Oct/2015:08:43:13 ] "GET /Givency HTTP/1.0" 200 4570 "http://instagram.com" "Mozilla/5.0 (Windows; U; Windows NT 6.1; rv:2.2) Gecko/20110201"
20.149.200.80 - - [14/Oct/2015:08:44:01 ] "GET /Prada HTTP/1.0" 200 4755 "http://instagram.com" "Mozilla/5.0 (Windows; U; Windows NT 6.1; rv:2.2) Gecko/20110201"
148.12.180.110 - - [14/Oct/2015:08:45:13 ] "GET /Dior HTTP/1.0" 200 4322 "-" "Mozilla/5.0 (Macintosh; Intel Mac OS X 10_9_2) AppleWebKit/537.36 (KHTML, like Gecko) Chrome/36.0.1944.0 Safari/537.36"
