181.3.249.130 - - [14/Oct/2015:21:09:43 ] "GET /Store/cart.jsp?productID=1424 HTTP/1.0" 200 4640 "http://instagram.com" "Mozilla/5.0 (Windows; U; MSIE 9.0; WIndows NT 9.0; en-US))"
72.183.126.71 - - [14/Oct/2015:21:10:44 ] "GET /CalvinKlein HTTP/1.0" 200 3634 "-" "Mozilla/5.0 (iPad; CPU OS 6_0 like Mac OS X) AppleWebKit/536.26 (KHTML, like Gecko) Version/6.0 Mobile/10A5355d Safari/8536.25"
20.149.200.80 - - [14/Oct/2015:21:13:26 ] "GET /YSL HTTP/1.0" 200 4168 "http://facebook.com/" "Mozilla/5.0 (Windows; U; MSIE 9.0; WIndows NT 9.0; en-US))"
181.3.249.130 - - [14/Oct/2015:21:16:11 ] "GET /CalvinKlein HTTP/1.0" 200 2334 "http://twitter.com" "Mozilla/5.0 (Windows; U; MSIE 9.0; WIndows NT 9.0; en-US))"
62.112.34.46 - - [14/Oct/2015:21:19:49 ] "GET /CalvinKlein HTTP/1.0" 200 2299 "http://twitter.com" "Mozilla/5.0 (Windows; U; Windows NT 6.1; rv:2.2) Gecko/20110201"
20.149.200.80 - - [14/Oct/2015:21:20:56 ] "GET /Givency HTTP/1.0" 200 4274 "http://www.google.com" "Mozilla/4.0 (compatible; MSIE 7.0; Windows NT 6.0)"
72.183.126.71 - - [14/Oct/2015:21:24:02 ] "GET /Chanel HTTP/1.0" 200 3358 "-" "Mozilla/5.0 (Windows; U; MSIE 9.0; WIndows NT 9.0; en-US))"
137.89.53.3 - - [14/Oct/2015:21:25:00 ] "GET /Revlon HTTP/1.0" 200 3810 "http://facebook.com/" "Mozilla/5.0 (Windows; U; MSIE 9.0; WIndows NT 9.0; en-US))"
181.3.249.130 - - [14/Oct/2015:21:27:14 ] "GET /Store/cart.jsp?productID=1278 HTTP/1.0" 200 3613 "http://instagram.com" "Mozilla/5.0 (iPad; CPU OS 6_0 like Mac OS X) AppleWebKit/536.26 (KHTML, like Gecko) Version/6.0 Mobile/10A5355d Safari/8536.25"
137.89.53.3 - - [14/Oct/2015:21:30:00 ] "GET /YSL HTTP/1.0" 200 2506 "http://facebook.com/" "Mozilla/5.0 (Windows; U; MSIE 9.0; WIndows NT 9.0; en-US))"
173.216.153.220 - - [14/Oct/2015:21:34:24 ] "GET /Gucci HTTP/1.0" 200 3121 "http://twitter.com" "Mozilla/5.0 (Windows NT 5.1; rv:31.0) Gecko/20100101 Firefox/31.0"
72.183.126.71 - - [14/Oct/2015:21:35:01 ] "GET /Chanel HTTP/1.0" 200 2849 "-" "Mozilla/5.0 (Macintosh; Intel Mac OS X 10_9_2) AppleWebKit/537.36 (KHTML, like Gecko) Chrome/36.0.1944.0 Safari/537.36"
62.112.34.46 - - [14/Oct/2015:21:37:21 ] "GET /Givency HTTP/1.0" 200 2945 "-" "Mozilla/5.0 (Windows NT 5.1; rv:31.0) Gecko/20100101 Firefox/31.0"
20.149.200.80 - - [14/Oct/2015:21:38:42 ] "GET /YSL HTTP/1.0" 200 3658 "-" "Mozilla/5.0 (Linux; U; Android 2.3.5; en-us; HTC Vision Build/GRI40) AppleWebKit/533.1 (KHTML, like Gecko) Version/4.0 Mobile Safari/533.1"
154.14.161.138 - - [14/Oct/2015:21:40:30 ] "GET /Store/cart.jsp?productID=1465 HTTP/1.0" 200 4227 "http://www.google.com" "Mozilla/5.0 (iPad; CPU OS 6_0 like Mac OS X) AppleWebKit/536.26 (KHTML, like Gecko) Version/6.0 Mobile/10A5355d Safari/8536.25"
148.12.180.110 - - [14/Oct/2015:21:43:00 ] "GET /Dior HTTP/1.0" 200 4174 "http://twitter.com" "Mozilla/5.0 (Macintosh; Intel Mac OS X 10_9_2) AppleWebKit/537.36 (KHTML, like Gecko) Chrome/36.0.1944.0 Safari/537.36"
181.3.249.130 - - [14/Oct/2015:21:44:43 ] "GET /YSL HTTP/1.0" 200 4159 "http://facebook.com/" "Mozilla/4.0 (compatible; MSIE 7.0; Windows NT 6.0)"
148.12.180.110 - - [14/Oct/2015:21:48:23 ] "GET /Dior HTTP/1.0" 200 4085 "http://www.google.com" "Mozilla/5.0 (Windows; U; Windows NT 6.1; rv:2.2) Gecko/20110201"
154.14.161.138 - - [14/Oct/2015:21:49:39 ] "GET /HugoBoss HTTP/1.0" 200 4888 "http://twitter.com" "Mozilla/4.0 (compatible; MSIE 7.0; Windows NT 6.0)"
148.12.180.110 - - [14/Oct/2015:21:54:30 ] "GET /CalvinKlein HTTP/1.0" 200 3880 "-" "Mozilla/5.0 (Windows; U; Windows NT 6.1; rv:2.2) Gecko/20110201"
179.203.132.160 - - [14/Oct/2015:21:58:21 ] "GET /Store/cart.jsp?productID=1425 HTTP/1.0" 200 3912 "-" "Mozilla/5.0 (Macintosh; Intel Mac OS X 10_9_2) AppleWebKit/537.36 (KHTML, like Gecko) Chrome/36.0.1944.0 Safari/537.36"
179.203.132.160 - - [14/Oct/2015:21:59:31 ] "GET /Chanel HTTP/1.0" 200 2390 "-" "Mozilla/4.0 (compatible; MSIE 7.0; Windows NT 6.0)"
137.89.53.3 - - [14/Oct/2015:22:01:31 ] "GET /Dior HTTP/1.0" 200 4141 "-" "Mozilla/5.0 (Windows; U; MSIE 9.0; WIndows NT 9.0; en-US))"
137.89.53.3 - - [14/Oct/2015:22:02:12 ] "GET /CalvinKlein HTTP/1.0" 200 3912 "http://facebook.com/" "Mozilla/5.0 (Linux; U; Android 2.3.5; en-us; HTC Vision Build/GRI40) AppleWebKit/533.1 (KHTML, like Gecko) Version/4.0 Mobile Safari/533.1"
137.89.53.3 - - [14/Oct/2015:22:04:57 ] "GET /CalvinKlein HTTP/1.0" 200 2708 "http://instagram.com" "Mozilla/4.0 (compatible; MSIE 7.0; Windows NT 6.0)"
154.14.161.138 - - [14/Oct/2015:22:05:58 ] "GET /Gucci HTTP/1.0" 200 4013 "http://facebook.com/" "Mozilla/5.0 (Windows NT 5.1; rv:31.0) Gecko/20100101 Firefox/31.0"
72.183.126.71 - - [14/Oct/2015:22:06:28 ] "GET /YSL HTTP/1.0" 200 3176 "http://facebook.com/" "Mozilla/5.0 (Windows NT 5.1; rv:31.0) Gecko/20100101 Firefox/31.0"
148.12.180.110 - - [14/Oct/2015:22:07:21 ] "GET /Chanel HTTP/1.0" 200 3125 "http://facebook.com/" "Mozilla/5.0 (Linux; U; Android 2.3.5; en-us; HTC Vision Build/GRI40) AppleWebKit/533.1 (KHTML, like Gecko) Version/4.0 Mobile Safari/533.1"
72.183.126.71 - - [14/Oct/2015:22:10:35 ] "GET /YSL HTTP/1.0" 200 3381 "http://twitter.com" "Mozilla/5.0 (Macintosh; Intel Mac OS X 10_9_2) AppleWebKit/537.36 (KHTML, like Gecko) Chrome/36.0.1944.0 Safari/537.36"
129.205.99.233 - - [14/Oct/2015:22:13:48 ] "GET /Givency HTTP/1.0" 200 2525 "-" "Mozilla/5.0 (iPad; CPU OS 6_0 like Mac OS X) AppleWebKit/536.26 (KHTML, like Gecko) Version/6.0 Mobile/10A5355d Safari/8536.25"
72.183.126.71 - - [14/Oct/2015:22:16:49 ] "GET /Chanel HTTP/1.0" 200 3062 "http://instagram.com" "Mozilla/5.0 (Macintosh; Intel Mac OS X 10_9_2) AppleWebKit/537.36 (KHTML, like Gecko) Chrome/36.0.1944.0 Safari/537.36"
129.205.99.233 - - [14/Oct/2015:22:19:12 ] "GET /Givency HTTP/1.0" 200 4548 "http://facebook.com/" "Mozilla/5.0 (Windows; U; MSIE 9.0; WIndows NT 9.0; en-US))"
129.205.99.233 - - [14/Oct/2015:22:23:57 ] "GET /Dior HTTP/1.0" 200 3505 "http://twitter.com" "Mozilla/5.0 (Windows; U; Windows NT 6.1; rv:2.2) Gecko/20110201"
181.3.249.130 - - [14/Oct/2015:22:25:42 ] "GET /Bvlgari HTTP/1.0" 200 3426 "http://www.google.com" "Mozilla/5.0 (Linux; U; Android 2.3.5; en-us; HTC Vision Build/GRI40) AppleWebKit/533.1 (KHTML, like Gecko) Version/4.0 Mobile Safari/533.1"
179.203.132.160 - - [14/Oct/2015:22:26:20 ] "GET /Chanel HTTP/1.0" 200 4467 "-" "Mozilla/5.0 (Windows; U; MSIE 9.0; WIndows NT 9.0; en-US))"
179.203.132.160 - - [14/Oct/2015:22:30:05 ] "GET /Revlon HTTP/1.0" 200 3616 "http://facebook.com/" "Mozilla/5.0 (iPad; CPU OS 6_0 like Mac OS X) AppleWebKit/536.26 (KHTML, like Gecko) Version/6.0 Mobile/10A5355d Safari/8536.25"
181.3.249.130 - - [14/Oct/2015:22:33:18 ] "GET /Givency HTTP/1.0" 200 3522 "http://instagram.com" "Mozilla/5.0 (Windows; U; MSIE 9.0; WIndows NT 9.0; en-US))"
20.149.200.80 - - [14/Oct/2015:22:34:40 ] "GET /Revlon HTTP/1.0" 200 4115 "http://www.google.com" "Mozilla/5.0 (Macintosh; Intel Mac OS X 10_9_2) AppleWebKit/537.36 (KHTML, like Gecko) Chrome/36.0.1944.0 Safari/537.36"
129.205.99.233 - - [14/Oct/2015:22:35:57 ] "GET /Gucci HTTP/1.0" 200 4463 "http://www.google.com" "Mozilla/5.0 (iPad; CPU OS 6_0 like Mac OS X) AppleWebKit/536.26 (KHTML, like Gecko) Version/6.0 Mobile/10A5355d Safari/8536.25"
181.3.249.130 - - [14/Oct/2015:22:37:00 ] "GET /CalvinKlein HTTP/1.0" 200 4826 "-" "Mozilla/4.0 (compatible; MSIE 7.0; Windows NT 6.0)"
181.3.249.130 - - [14/Oct/2015:22:40:59 ] "GET /YSL HTTP/1.0" 200 2313 "http://www.google.com" "Mozilla/5.0 (iPad; CPU OS 6_0 like Mac OS X) AppleWebKit/536.26 (KHTML, like Gecko) Version/6.0 Mobile/10A5355d Safari/8536.25"
72.183.126.71 - - [14/Oct/2015:22:45:41 ] "GET /Bvlgari HTTP/1.0" 200 4604 "http://www.google.com" "Mozilla/5.0 (Windows; U; MSIE 9.0; WIndows NT 9.0; en-US))"
148.12.180.110 - - [14/Oct/2015:22:50:04 ] "GET /CalvinKlein HTTP/1.0" 200 4305 "http://twitter.com" "Mozilla/5.0 (Windows; U; Windows NT 6.1; rv:2.2) Gecko/20110201"
20.149.200.80 - - [14/Oct/2015:22:54:47 ] "GET /YSL HTTP/1.0" 200 2307 "http://facebook.com/" "Mozilla/5.0 (Linux; U; Android 2.3.5; en-us; HTC Vision Build/GRI40) AppleWebKit/533.1 (KHTML, like Gecko) Version/4.0 Mobile Safari/533.1"
129.205.99.233 - - [14/Oct/2015:22:58:22 ] "GET /Revlon HTTP/1.0" 200 2701 "-" "Mozilla/5.0 (Windows NT 5.1; rv:31.0) Gecko/20100101 Firefox/31.0"
62.112.34.46 - - [14/Oct/2015:23:02:14 ] "GET /Givency HTTP/1.0" 200 2696 "http://twitter.com" "Mozilla/4.0 (compatible; MSIE 7.0; Windows NT 6.0)"
179.203.132.160 - - [14/Oct/2015:23:06:39 ] "GET /Bvlgari HTTP/1.0" 200 4268 "http://www.google.com" "Mozilla/4.0 (compatible; MSIE 7.0; Windows NT 6.0)"
154.14.161.138 - - [14/Oct/2015:23:10:11 ] "GET /CalvinKlein HTTP/1.0" 200 2653 "http://facebook.com/" "Mozilla/5.0 (Windows; U; Windows NT 6.1; rv:2.2) Gecko/20110201"
181.3.249.130 - - [14/Oct/2015:23:11:22 ] "GET /Givency HTTP/1.0" 200 3532 "http://www.google.com" "Mozilla/5.0 (Linux; U; Android 2.3.5; en-us; HTC Vision Build/GRI40) AppleWebKit/533.1 (KHTML, like Gecko) Version/4.0 Mobile Safari/533.1"
20.149.200.80 - - [14/Oct/2015:23:11:56 ] "GET /Dior HTTP/1.0" 200 4404 "http://instagram.com" "Mozilla/5.0 (Windows; U; Windows NT 6.1; rv:2.2) Gecko/20110201"
62.112.34.46 - - [14/Oct/2015:23:15:43 ] "GET /YSL HTTP/1.0" 200 3928 "http://twitter.com" "Mozilla/5.0 (Macintosh; Intel Mac OS X 10_9_2) AppleWebKit/537.36 (KHTML, like Gecko) Chrome/36.0.1944.0 Safari/537.36"
20.149.200.80 - - [14/Oct/2015:23:17:20 ] "GET /Dior HTTP/1.0" 200 4223 "-" "Mozilla/5.0 (Linux; U; Android 2.3.5; en-us; HTC Vision Build/GRI40) AppleWebKit/533.1 (KHTML, like Gecko) Version/4.0 Mobile Safari/533.1"
179.203.132.160 - - [14/Oct/2015:23:19:22 ] "GET /Revlon HTTP/1.0" 200 4405 "http://instagram.com" "Mozilla/5.0 (Linux; U; Android 2.3.5; en-us; HTC Vision Build/GRI40) AppleWebKit/533.1 (KHTML, like Gecko) Version/4.0 Mobile Safari/533.1"
154.14.161.138 - - [14/Oct/2015:23:22:00 ] "GET /Prada HTTP/1.0" 200 2363 "http://twitter.com" "Mozilla/5.0 (Windows; U; Windows NT 6.1; rv:2.2) Gecko/20110201"
148.12.180.110 - - [14/Oct/2015:23:25:30 ] "GET /Prada HTTP/1.0" 200 2786 "http://www.google.com" "Mozilla/5.0 (Linux; U; Android 2.3.5; en-us; HTC Vision Build/GRI40) AppleWebKit/533.1 (KHTML, like Gecko) Version/4.0 Mobile Safari/533.1"
20.149.200.80 - - [14/Oct/2015:23:28:03 ] "GET /Gucci HTTP/1.0" 200 3043 "http://instagram.com" "Mozilla/5.0 (Windows; U; Windows NT 6.1; rv:2.2) Gecko/20110201"
129.205.99.233 - - [14/Oct/2015:23:30:04 ] "GET /Revlon HTTP/1.0" 200 3057 "http://twitter.com" "Mozilla/5.0 (Windows; U; MSIE 9.0; WIndows NT 9.0; en-US))"
129.205.99.233 - - [14/Oct/2015:23:33:29 ] "GET /CalvinKlein HTTP/1.0" 200 2658 "http://twitter.com" "Mozilla/5.0 (Macintosh; Intel Mac OS X 10_9_2) AppleWebKit/537.36 (KHTML, like Gecko) Chrome/36.0.1944.0 Safari/537.36"
129.205.99.233 - - [14/Oct/2015:23:37:39 ] "GET /Revlon HTTP/1.0" 200 3031 "http://twitter.com" "Mozilla/5.0 (Windows; U; Windows NT 6.1; rv:2.2) Gecko/20110201"
62.112.34.46 - - [14/Oct/2015:23:42:17 ] "GET /Givency HTTP/1.0" 200 2374 "http://facebook.com/" "Mozilla/5.0 (Windows; U; Windows NT 6.1; rv:2.2) Gecko/20110201"
72.183.126.71 - - [14/Oct/2015:23:43:35 ] "GET /Revlon HTTP/1.0" 200 2071 "http://instagram.com" "Mozilla/5.0 (Windows; U; Windows NT 6.1; rv:2.2) Gecko/20110201"
20.149.200.80 - - [14/Oct/2015:23:46:01 ] "GET /Gucci HTTP/1.0" 200 3388 "http://twitter.com" "Mozilla/5.0 (Windows; U; Windows NT 6.1; rv:2.2) Gecko/20110201"
179.203.132.160 - - [14/Oct/2015:23:48:21 ] "GET /Prada HTTP/1.0" 200 2798 "http://instagram.com" "Mozilla/5.0 (Windows; U; Windows NT 6.1; rv:2.2) Gecko/20110201"
20.149.200.80 - - [14/Oct/2015:23:52:49 ] "GET /HugoBoss HTTP/1.0" 200 4225 "http://instagram.com" "Mozilla/5.0 (Linux; U; Android 2.3.5; en-us; HTC Vision Build/GRI40) AppleWebKit/533.1 (KHTML, like Gecko) Version/4.0 Mobile Safari/533.1"
72.183.126.71 - - [14/Oct/2015:23:55:22 ] "GET /Revlon HTTP/1.0" 200 2303 "http://www.google.com" "Mozilla/5.0 (Windows NT 5.1; rv:31.0) Gecko/20100101 Firefox/31.0"
137.89.53.3 - - [14/Oct/2015:23:57:49 ] "GET /Givency HTTP/1.0" 200 2165 "http://twitter.com" "Mozilla/5.0 (Linux; U; Android 2.3.5; en-us; HTC Vision Build/GRI40) AppleWebKit/533.1 (KHTML, like Gecko) Version/4.0 Mobile Safari/533.1"
148.12.180.110 - - [14/Oct/2015:23:58:22 ] "GET /CalvinKlein HTTP/1.0" 200 3875 "-" "Mozilla/5.0 (iPad; CPU OS 6_0 like Mac OS X) AppleWebKit/536.26 (KHTML, like Gecko) Version/6.0 Mobile/10A5355d Safari/8536.25"
129.205.99.233 - - [15/Oct/2015:00:00:15 ] "GET /Givency HTTP/1.0" 200 3603 "-" "Mozilla/5.0 (iPad; CPU OS 6_0 like Mac OS X) AppleWebKit/536.26 (KHTML, like Gecko) Version/6.0 Mobile/10A5355d Safari/8536.25"
72.183.126.71 - - [15/Oct/2015:00:01:57 ] "GET /Gucci HTTP/1.0" 200 3660 "-" "Mozilla/5.0 (Windows; U; MSIE 9.0; WIndows NT 9.0; en-US))"
154.14.161.138 - - [15/Oct/2015:00:05:32 ] "GET /Bvlgari HTTP/1.0" 200 3385 "http://twitter.com" "Mozilla/4.0 (compatible; MSIE 7.0; Windows NT 6.0)"
72.183.126.71 - - [15/Oct/2015:00:09:55 ] "GET /Bvlgari HTTP/1.0" 200 3435 "http://facebook.com/" "Mozilla/4.0 (compatible; MSIE 7.0; Windows NT 6.0)"
62.112.34.46 - - [15/Oct/2015:00:11:03 ] "GET /HugoBoss HTTP/1.0" 200 3614 "http://instagram.com" "Mozilla/4.0 (compatible; MSIE 7.0; Windows NT 6.0)"
181.3.249.130 - - [15/Oct/2015:00:14:42 ] "GET /Bvlgari HTTP/1.0" 200 2826 "http://facebook.com/" "Mozilla/5.0 (Macintosh; Intel Mac OS X 10_9_2) AppleWebKit/537.36 (KHTML, like Gecko) Chrome/36.0.1944.0 Safari/537.36"
148.12.180.110 - - [15/Oct/2015:00:17:07 ] "GET /Prada HTTP/1.0" 200 3614 "http://facebook.com/" "Mozilla/5.0 (Linux; U; Android 2.3.5; en-us; HTC Vision Build/GRI40) AppleWebKit/533.1 (KHTML, like Gecko) Version/4.0 Mobile Safari/533.1"
62.112.34.46 - - [15/Oct/2015:00:18:00 ] "GET /Bvlgari HTTP/1.0" 200 4191 "http://www.google.com" "Mozilla/5.0 (Windows NT 5.1; rv:31.0) Gecko/20100101 Firefox/31.0"
137.89.53.3 - - [15/Oct/2015:00:20:12 ] "GET /Dior HTTP/1.0" 200 4679 "http://instagram.com" "Mozilla/5.0 (Windows; U; Windows NT 6.1; rv:2.2) Gecko/20110201"
181.3.249.130 - - [15/Oct/2015:00:23:00 ] "GET /Bvlgari HTTP/1.0" 200 3965 "http://www.google.com" "Mozilla/4.0 (compatible; MSIE 7.0; Windows NT 6.0)"
72.183.126.71 - - [15/Oct/2015:00:27:15 ] "GET /Chanel HTTP/1.0" 200 2336 "http://twitter.com" "Mozilla/4.0 (compatible; MSIE 7.0; Windows NT 6.0)"
129.205.99.233 - - [15/Oct/2015:00:31:16 ] "GET /Prada HTTP/1.0" 200 3575 "http://twitter.com" "Mozilla/5.0 (Linux; U; Android 2.3.5; en-us; HTC Vision Build/GRI40) AppleWebKit/533.1 (KHTML, like Gecko) Version/4.0 Mobile Safari/533.1"
173.216.153.220 - - [15/Oct/2015:00:34:31 ] "GET /Revlon HTTP/1.0" 200 2900 "http://instagram.com" "Mozilla/5.0 (Linux; U; Android 2.3.5; en-us; HTC Vision Build/GRI40) AppleWebKit/533.1 (KHTML, like Gecko) Version/4.0 Mobile Safari/533.1"
154.14.161.138 - - [15/Oct/2015:00:36:01 ] "GET /Store/cart.jsp?productID=1033 HTTP/1.0" 200 3126 "http://facebook.com/" "Mozilla/5.0 (iPad; CPU OS 6_0 like Mac OS X) AppleWebKit/536.26 (KHTML, like Gecko) Version/6.0 Mobile/10A5355d Safari/8536.25"
62.112.34.46 - - [15/Oct/2015:00:38:32 ] "GET /Gucci HTTP/1.0" 200 2988 "-" "Mozilla/5.0 (iPad; CPU OS 6_0 like Mac OS X) AppleWebKit/536.26 (KHTML, like Gecko) Version/6.0 Mobile/10A5355d Safari/8536.25"
154.14.161.138 - - [15/Oct/2015:00:42:25 ] "GET /Dior HTTP/1.0" 200 2429 "-" "Mozilla/5.0 (Windows; U; MSIE 9.0; WIndows NT 9.0; en-US))"
173.216.153.220 - - [15/Oct/2015:00:46:12 ] "GET /Givency HTTP/1.0" 200 2079 "http://www.google.com" "Mozilla/5.0 (Macintosh; Intel Mac OS X 10_9_2) AppleWebKit/537.36 (KHTML, like Gecko) Chrome/36.0.1944.0 Safari/537.36"
129.205.99.233 - - [15/Oct/2015:00:49:42 ] "GET /Gucci HTTP/1.0" 200 4805 "http://www.google.com" "Mozilla/5.0 (Windows NT 5.1; rv:31.0) Gecko/20100101 Firefox/31.0"
173.216.153.220 - - [15/Oct/2015:00:53:17 ] "GET /Prada HTTP/1.0" 200 3196 "http://www.google.com" "Mozilla/5.0 (Windows NT 5.1; rv:31.0) Gecko/20100101 Firefox/31.0"
173.216.153.220 - - [15/Oct/2015:00:56:02 ] "GET /Prada HTTP/1.0" 200 2719 "http://twitter.com" "Mozilla/5.0 (Windows NT 5.1; rv:31.0) Gecko/20100101 Firefox/31.0"
62.112.34.46 - - [15/Oct/2015:01:00:18 ] "GET /Prada HTTP/1.0" 200 3857 "-" "Mozilla/4.0 (compatible; MSIE 7.0; Windows NT 6.0)"
173.216.153.220 - - [15/Oct/2015:01:02:59 ] "GET /HugoBoss HTTP/1.0" 200 2656 "-" "Mozilla/5.0 (Linux; U; Android 2.3.5; en-us; HTC Vision Build/GRI40) AppleWebKit/533.1 (KHTML, like Gecko) Version/4.0 Mobile Safari/533.1"
181.3.249.130 - - [15/Oct/2015:01:05:24 ] "GET /Gucci HTTP/1.0" 200 2431 "http://twitter.com" "Mozilla/5.0 (Windows; U; Windows NT 6.1; rv:2.2) Gecko/20110201"
179.203.132.160 - - [15/Oct/2015:01:09:11 ] "GET /HugoBoss HTTP/1.0" 200 4601 "http://www.google.com" "Mozilla/5.0 (iPad; CPU OS 6_0 like Mac OS X) AppleWebKit/536.26 (KHTML, like Gecko) Version/6.0 Mobile/10A5355d Safari/8536.25"
129.205.99.233 - - [15/Oct/2015:01:13:13 ] "GET /Gucci HTTP/1.0" 200 3193 "http://twitter.com" "Mozilla/5.0 (Macintosh; Intel Mac OS X 10_9_2) AppleWebKit/537.36 (KHTML, like Gecko) Chrome/36.0.1944.0 Safari/537.36"
20.149.200.80 - - [15/Oct/2015:01:17:03 ] "GET /Revlon HTTP/1.0" 200 4254 "http://facebook.com/" "Mozilla/5.0 (iPad; CPU OS 6_0 like Mac OS X) AppleWebKit/536.26 (KHTML, like Gecko) Version/6.0 Mobile/10A5355d Safari/8536.25"
173.216.153.220 - - [15/Oct/2015:01:21:30 ] "GET /Gucci HTTP/1.0" 200 3515 "http://facebook.com/" "Mozilla/5.0 (Macintosh; Intel Mac OS X 10_9_2) AppleWebKit/537.36 (KHTML, like Gecko) Chrome/36.0.1944.0 Safari/537.36"
154.14.161.138 - - [15/Oct/2015:01:25:04 ] "GET /Bvlgari HTTP/1.0" 200 3937 "http://instagram.com" "Mozilla/5.0 (iPad; CPU OS 6_0 like Mac OS X) AppleWebKit/536.26 (KHTML, like Gecko) Version/6.0 Mobile/10A5355d Safari/8536.25"
181.3.249.130 - - [15/Oct/2015:01:27:18 ] "GET /Chanel HTTP/1.0" 200 3789 "http://twitter.com" "Mozilla/4.0 (compatible; MSIE 7.0; Windows NT 6.0)"
20.149.200.80 - - [15/Oct/2015:01:28:39 ] "GET /Chanel HTTP/1.0" 200 3114 "http://facebook.com/" "Mozilla/4.0 (compatible; MSIE 7.0; Windows NT 6.0)"
137.89.53.3 - - [15/Oct/2015:01:31:12 ] "GET /Dior HTTP/1.0" 200 4582 "http://facebook.com/" "Mozilla/5.0 (Windows; U; MSIE 9.0; WIndows NT 9.0; en-US))"
181.3.249.130 - - [15/Oct/2015:01:34:58 ] "GET /Store/cart.jsp?productID=1224 HTTP/1.0" 200 2059 "http://facebook.com/" "Mozilla/5.0 (Linux; U; Android 2.3.5; en-us; HTC Vision Build/GRI40) AppleWebKit/533.1 (KHTML, like Gecko) Version/4.0 Mobile Safari/533.1"
179.203.132.160 - - [15/Oct/2015:01:39:39 ] "GET /Bvlgari HTTP/1.0" 200 2219 "http://facebook.com/" "Mozilla/5.0 (iPad; CPU OS 6_0 like Mac OS X) AppleWebKit/536.26 (KHTML, like Gecko) Version/6.0 Mobile/10A5355d Safari/8536.25"
173.216.153.220 - - [15/Oct/2015:01:41:14 ] "GET /Bvlgari HTTP/1.0" 200 4126 "http://www.google.com" "Mozilla/5.0 (Windows; U; MSIE 9.0; WIndows NT 9.0; en-US))"
129.205.99.233 - - [15/Oct/2015:01:42:23 ] "GET /Prada HTTP/1.0" 200 3489 "-" "Mozilla/5.0 (Macintosh; Intel Mac OS X 10_9_2) AppleWebKit/537.36 (KHTML, like Gecko) Chrome/36.0.1944.0 Safari/537.36"
20.149.200.80 - - [15/Oct/2015:01:46:06 ] "GET /Dior HTTP/1.0" 200 2100 "http://twitter.com" "Mozilla/5.0 (Windows NT 5.1; rv:31.0) Gecko/20100101 Firefox/31.0"
137.89.53.3 - - [15/Oct/2015:01:49:23 ] "GET /Givency HTTP/1.0" 200 3067 "-" "Mozilla/5.0 (Windows; U; Windows NT 6.1; rv:2.2) Gecko/20110201"
181.3.249.130 - - [15/Oct/2015:01:50:24 ] "GET /Bvlgari HTTP/1.0" 200 3219 "http://www.google.com" "Mozilla/5.0 (Macintosh; Intel Mac OS X 10_9_2) AppleWebKit/537.36 (KHTML, like Gecko) Chrome/36.0.1944.0 Safari/537.36"
181.3.249.130 - - [15/Oct/2015:01:54:40 ] "GET /CalvinKlein HTTP/1.0" 200 3784 "http://instagram.com" "Mozilla/5.0 (Windows NT 5.1; rv:31.0) Gecko/20100101 Firefox/31.0"
20.149.200.80 - - [15/Oct/2015:01:56:23 ] "GET /Dior HTTP/1.0" 200 3249 "http://facebook.com/" "Mozilla/5.0 (iPad; CPU OS 6_0 like Mac OS X) AppleWebKit/536.26 (KHTML, like Gecko) Version/6.0 Mobile/10A5355d Safari/8536.25"
154.14.161.138 - - [15/Oct/2015:01:58:20 ] "GET /YSL HTTP/1.0" 200 4799 "-" "Mozilla/4.0 (compatible; MSIE 7.0; Windows NT 6.0)"
129.205.99.233 - - [15/Oct/2015:02:01:19 ] "GET /YSL HTTP/1.0" 200 2175 "-" "Mozilla/5.0 (Macintosh; Intel Mac OS X 10_9_2) AppleWebKit/537.36 (KHTML, like Gecko) Chrome/36.0.1944.0 Safari/537.36"
181.3.249.130 - - [15/Oct/2015:02:05:16 ] "GET /Store/cart.jsp?productID=1193 HTTP/1.0" 200 2871 "http://instagram.com" "Mozilla/5.0 (Windows; U; MSIE 9.0; WIndows NT 9.0; en-US))"
154.14.161.138 - - [15/Oct/2015:02:09:48 ] "GET /Chanel HTTP/1.0" 200 3194 "-" "Mozilla/4.0 (compatible; MSIE 7.0; Windows NT 6.0)"
137.89.53.3 - - [15/Oct/2015:02:10:20 ] "GET /HugoBoss HTTP/1.0" 200 3434 "http://facebook.com/" "Mozilla/5.0 (Linux; U; Android 2.3.5; en-us; HTC Vision Build/GRI40) AppleWebKit/533.1 (KHTML, like Gecko) Version/4.0 Mobile Safari/533.1"
62.112.34.46 - - [15/Oct/2015:02:11:13 ] "GET /Gucci HTTP/1.0" 200 3847 "http://www.google.com" "Mozilla/5.0 (iPad; CPU OS 6_0 like Mac OS X) AppleWebKit/536.26 (KHTML, like Gecko) Version/6.0 Mobile/10A5355d Safari/8536.25"
154.14.161.138 - - [15/Oct/2015:02:12:46 ] "GET /Store/cart.jsp?productID=1410 HTTP/1.0" 200 3316 "http://twitter.com" "Mozilla/5.0 (Windows; U; MSIE 9.0; WIndows NT 9.0; en-US))"
62.112.34.46 - - [15/Oct/2015:02:15:04 ] "GET /HugoBoss HTTP/1.0" 200 3243 "http://instagram.com" "Mozilla/4.0 (compatible; MSIE 7.0; Windows NT 6.0)"
154.14.161.138 - - [15/Oct/2015:02:18:10 ] "GET /Chanel HTTP/1.0" 200 2458 "-" "Mozilla/5.0 (Windows; U; MSIE 9.0; WIndows NT 9.0; en-US))"
179.203.132.160 - - [15/Oct/2015:02:20:01 ] "GET /Dior HTTP/1.0" 200 2239 "http://facebook.com/" "Mozilla/5.0 (Windows NT 5.1; rv:31.0) Gecko/20100101 Firefox/31.0"
173.216.153.220 - - [15/Oct/2015:02:21:27 ] "GET /CalvinKlein HTTP/1.0" 200 2986 "http://www.google.com" "Mozilla/5.0 (iPad; CPU OS 6_0 like Mac OS X) AppleWebKit/536.26 (KHTML, like Gecko) Version/6.0 Mobile/10A5355d Safari/8536.25"
20.149.200.80 - - [15/Oct/2015:02:25:13 ] "GET /YSL HTTP/1.0" 200 4147 "http://twitter.com" "Mozilla/5.0 (iPad; CPU OS 6_0 like Mac OS X) AppleWebKit/536.26 (KHTML, like Gecko) Version/6.0 Mobile/10A5355d Safari/8536.25"
20.149.200.80 - - [15/Oct/2015:02:27:21 ] "GET /Prada HTTP/1.0" 200 4392 "http://facebook.com/" "Mozilla/5.0 (Windows; U; Windows NT 6.1; rv:2.2) Gecko/20110201"
137.89.53.3 - - [15/Oct/2015:02:28:10 ] "GET /Prada HTTP/1.0" 200 3941 "-" "Mozilla/5.0 (Windows NT 5.1; rv:31.0) Gecko/20100101 Firefox/31.0"
72.183.126.71 - - [15/Oct/2015:02:31:02 ] "GET /YSL HTTP/1.0" 200 2782 "http://facebook.com/" "Mozilla/4.0 (compatible; MSIE 7.0; Windows NT 6.0)"
154.14.161.138 - - [15/Oct/2015:02:31:43 ] "GET /Gucci HTTP/1.0" 200 3438 "-" "Mozilla/4.0 (compatible; MSIE 7.0; Windows NT 6.0)"
179.203.132.160 - - [15/Oct/2015:02:32:30 ] "GET /Dior HTTP/1.0" 200 2845 "http://instagram.com" "Mozilla/4.0 (compatible; MSIE 7.0; Windows NT 6.0)"
148.12.180.110 - - [15/Oct/2015:02:37:22 ] "GET /Dior HTTP/1.0" 200 3423 "http://instagram.com" "Mozilla/5.0 (Macintosh; Intel Mac OS X 10_9_2) AppleWebKit/537.36 (KHTML, like Gecko) Chrome/36.0.1944.0 Safari/537.36"
129.205.99.233 - - [15/Oct/2015:02:41:49 ] "GET /Dior HTTP/1.0" 200 3634 "http://instagram.com" "Mozilla/5.0 (Windows; U; Windows NT 6.1; rv:2.2) Gecko/20110201"
173.216.153.220 - - [15/Oct/2015:02:43:40 ] "GET /Prada HTTP/1.0" 200 4973 "http://www.google.com" "Mozilla/4.0 (compatible; MSIE 7.0; Windows NT 6.0)"
181.3.249.130 - - [15/Oct/2015:02:48:13 ] "GET /HugoBoss HTTP/1.0" 200 3049 "-" "Mozilla/5.0 (Macintosh; Intel Mac OS X 10_9_2) AppleWebKit/537.36 (KHTML, like Gecko) Chrome/36.0.1944.0 Safari/537.36"
179.203.132.160 - - [15/Oct/2015:02:52:13 ] "GET /HugoBoss HTTP/1.0" 200 3505 "http://twitter.com" "Mozilla/5.0 (Macintosh; Intel Mac OS X 10_9_2) AppleWebKit/537.36 (KHTML, like Gecko) Chrome/36.0.1944.0 Safari/537.36"
137.89.53.3 - - [15/Oct/2015:02:56:51 ] "GET /Prada HTTP/1.0" 200 2466 "-" "Mozilla/5.0 (Linux; U; Android 2.3.5; en-us; HTC Vision Build/GRI40) AppleWebKit/533.1 (KHTML, like Gecko) Version/4.0 Mobile Safari/533.1"
62.112.34.46 - - [15/Oct/2015:03:00:58 ] "GET /Chanel HTTP/1.0" 200 4914 "http://instagram.com" "Mozilla/5.0 (Windows; U; MSIE 9.0; WIndows NT 9.0; en-US))"
148.12.180.110 - - [15/Oct/2015:03:05:32 ] "GET /Bvlgari HTTP/1.0" 200 3688 "http://instagram.com" "Mozilla/5.0 (Macintosh; Intel Mac OS X 10_9_2) AppleWebKit/537.36 (KHTML, like Gecko) Chrome/36.0.1944.0 Safari/537.36"
137.89.53.3 - - [15/Oct/2015:03:07:50 ] "GET /Dior HTTP/1.0" 200 3589 "http://facebook.com/" "Mozilla/5.0 (Windows; U; Windows NT 6.1; rv:2.2) Gecko/20110201"
62.112.34.46 - - [15/Oct/2015:03:09:30 ] "GET /Bvlgari HTTP/1.0" 200 3286 "http://facebook.com/" "Mozilla/5.0 (iPad; CPU OS 6_0 like Mac OS X) AppleWebKit/536.26 (KHTML, like Gecko) Version/6.0 Mobile/10A5355d Safari/8536.25"
181.3.249.130 - - [15/Oct/2015:03:13:57 ] "GET /Gucci HTTP/1.0" 200 4309 "-" "Mozilla/5.0 (iPad; CPU OS 6_0 like Mac OS X) AppleWebKit/536.26 (KHTML, like Gecko) Version/6.0 Mobile/10A5355d Safari/8536.25"
137.89.53.3 - - [15/Oct/2015:03:15:05 ] "GET /Chanel HTTP/1.0" 200 4420 "http://instagram.com" "Mozilla/5.0 (Macintosh; Intel Mac OS X 10_9_2) AppleWebKit/537.36 (KHTML, like Gecko) Chrome/36.0.1944.0 Safari/537.36"
181.3.249.130 - - [15/Oct/2015:03:16:52 ] "GET /Gucci HTTP/1.0" 200 4873 "http://instagram.com" "Mozilla/5.0 (Windows NT 5.1; rv:31.0) Gecko/20100101 Firefox/31.0"
137.89.53.3 - - [15/Oct/2015:03:21:41 ] "GET /Revlon HTTP/1.0" 200 2057 "http://facebook.com/" "Mozilla/5.0 (iPad; CPU OS 6_0 like Mac OS X) AppleWebKit/536.26 (KHTML, like Gecko) Version/6.0 Mobile/10A5355d Safari/8536.25"
129.205.99.233 - - [15/Oct/2015:03:23:16 ] "GET /HugoBoss HTTP/1.0" 200 4369 "http://instagram.com" "Mozilla/4.0 (compatible; MSIE 7.0; Windows NT 6.0)"
62.112.34.46 - - [15/Oct/2015:03:25:18 ] "GET /YSL HTTP/1.0" 200 3100 "http://instagram.com" "Mozilla/5.0 (Linux; U; Android 2.3.5; en-us; HTC Vision Build/GRI40) AppleWebKit/533.1 (KHTML, like Gecko) Version/4.0 Mobile Safari/533.1"
179.203.132.160 - - [15/Oct/2015:03:29:23 ] "GET /Bvlgari HTTP/1.0" 200 2824 "http://instagram.com" "Mozilla/5.0 (Linux; U; Android 2.3.5; en-us; HTC Vision Build/GRI40) AppleWebKit/533.1 (KHTML, like Gecko) Version/4.0 Mobile Safari/533.1"
137.89.53.3 - - [15/Oct/2015:03:31:45 ] "GET /CalvinKlein HTTP/1.0" 200 4204 "http://facebook.com/" "Mozilla/5.0 (Windows NT 5.1; rv:31.0) Gecko/20100101 Firefox/31.0"
148.12.180.110 - - [15/Oct/2015:03:33:45 ] "GET /Bvlgari HTTP/1.0" 200 3840 "http://instagram.com" "Mozilla/5.0 (iPad; CPU OS 6_0 like Mac OS X) AppleWebKit/536.26 (KHTML, like Gecko) Version/6.0 Mobile/10A5355d Safari/8536.25"
137.89.53.3 - - [15/Oct/2015:03:37:10 ] "GET /Dior HTTP/1.0" 200 4617 "http://www.google.com" "Mozilla/4.0 (compatible; MSIE 7.0; Windows NT 6.0)"
129.205.99.233 - - [15/Oct/2015:03:39:02 ] "GET /Dior HTTP/1.0" 200 2886 "http://facebook.com/" "Mozilla/5.0 (Linux; U; Android 2.3.5; en-us; HTC Vision Build/GRI40) AppleWebKit/533.1 (KHTML, like Gecko) Version/4.0 Mobile Safari/533.1"
154.14.161.138 - - [15/Oct/2015:03:43:04 ] "GET /YSL HTTP/1.0" 200 2376 "http://facebook.com/" "Mozilla/5.0 (Linux; U; Android 2.3.5; en-us; HTC Vision Build/GRI40) AppleWebKit/533.1 (KHTML, like Gecko) Version/4.0 Mobile Safari/533.1"
181.3.249.130 - - [15/Oct/2015:03:44:44 ] "GET /Prada HTTP/1.0" 200 4560 "http://facebook.com/" "Mozilla/5.0 (Macintosh; Intel Mac OS X 10_9_2) AppleWebKit/537.36 (KHTML, like Gecko) Chrome/36.0.1944.0 Safari/537.36"
179.203.132.160 - - [15/Oct/2015:03:46:23 ] "GET /YSL HTTP/1.0" 200 2168 "-" "Mozilla/5.0 (iPad; CPU OS 6_0 like Mac OS X) AppleWebKit/536.26 (KHTML, like Gecko) Version/6.0 Mobile/10A5355d Safari/8536.25"
62.112.34.46 - - [15/Oct/2015:03:50:59 ] "GET /Store/cart.jsp?productID=1302 HTTP/1.0" 200 2346 "http://twitter.com" "Mozilla/5.0 (Macintosh; Intel Mac OS X 10_9_2) AppleWebKit/537.36 (KHTML, like Gecko) Chrome/36.0.1944.0 Safari/537.36"
137.89.53.3 - - [15/Oct/2015:03:52:46 ] "GET /HugoBoss HTTP/1.0" 200 2422 "-" "Mozilla/5.0 (Windows; U; Windows NT 6.1; rv:2.2) Gecko/20110201"
20.149.200.80 - - [15/Oct/2015:03:53:19 ] "GET /CalvinKlein HTTP/1.0" 200 4728 "http://www.google.com" "Mozilla/5.0 (Windows; U; MSIE 9.0; WIndows NT 9.0; en-US))"
137.89.53.3 - - [15/Oct/2015:03:54:03 ] "GET /YSL HTTP/1.0" 200 3888 "http://facebook.com/" "Mozilla/5.0 (Macintosh; Intel Mac OS X 10_9_2) AppleWebKit/537.36 (KHTML, like Gecko) Chrome/36.0.1944.0 Safari/537.36"
181.3.249.130 - - [15/Oct/2015:03:56:07 ] "GET /Chanel HTTP/1.0" 200 2168 "http://facebook.com/" "Mozilla/5.0 (Windows; U; MSIE 9.0; WIndows NT 9.0; en-US))"
62.112.34.46 - - [15/Oct/2015:03:58:54 ] "GET /YSL HTTP/1.0" 200 4125 "-" "Mozilla/4.0 (compatible; MSIE 7.0; Windows NT 6.0)"
179.203.132.160 - - [15/Oct/2015:04:01:49 ] "GET /Dior HTTP/1.0" 200 4412 "http://twitter.com" "Mozilla/5.0 (Windows NT 5.1; rv:31.0) Gecko/20100101 Firefox/31.0"
154.14.161.138 - - [15/Oct/2015:04:03:41 ] "GET /CalvinKlein HTTP/1.0" 200 3196 "-" "Mozilla/5.0 (Windows; U; Windows NT 6.1; rv:2.2) Gecko/20110201"
173.216.153.220 - - [15/Oct/2015:04:05:34 ] "GET /HugoBoss HTTP/1.0" 200 2152 "http://instagram.com" "Mozilla/4.0 (compatible; MSIE 7.0; Windows NT 6.0)"
148.12.180.110 - - [15/Oct/2015:04:10:08 ] "GET /Chanel HTTP/1.0" 200 3348 "http://www.google.com" "Mozilla/5.0 (iPad; CPU OS 6_0 like Mac OS X) AppleWebKit/536.26 (KHTML, like Gecko) Version/6.0 Mobile/10A5355d Safari/8536.25"
72.183.126.71 - - [15/Oct/2015:04:13:20 ] "GET /Bvlgari HTTP/1.0" 200 4297 "http://facebook.com/" "Mozilla/5.0 (Macintosh; Intel Mac OS X 10_9_2) AppleWebKit/537.36 (KHTML, like Gecko) Chrome/36.0.1944.0 Safari/537.36"
129.205.99.233 - - [15/Oct/2015:04:14:25 ] "GET /Gucci HTTP/1.0" 200 2869 "-" "Mozilla/5.0 (Windows; U; Windows NT 6.1; rv:2.2) Gecko/20110201"
179.203.132.160 - - [15/Oct/2015:04:17:56 ] "GET /HugoBoss HTTP/1.0" 200 4523 "-" "Mozilla/5.0 (Linux; U; Android 2.3.5; en-us; HTC Vision Build/GRI40) AppleWebKit/533.1 (KHTML, like Gecko) Version/4.0 Mobile Safari/533.1"
154.14.161.138 - - [15/Oct/2015:04:22:50 ] "GET /Revlon HTTP/1.0" 200 2506 "http://twitter.com" "Mozilla/5.0 (Linux; U; Android 2.3.5; en-us; HTC Vision Build/GRI40) AppleWebKit/533.1 (KHTML, like Gecko) Version/4.0 Mobile Safari/533.1"
62.112.34.46 - - [15/Oct/2015:04:25:54 ] "GET /Gucci HTTP/1.0" 200 3684 "http://www.google.com" "Mozilla/5.0 (iPad; CPU OS 6_0 like Mac OS X) AppleWebKit/536.26 (KHTML, like Gecko) Version/6.0 Mobile/10A5355d Safari/8536.25"
20.149.200.80 - - [15/Oct/2015:04:30:11 ] "GET /Revlon HTTP/1.0" 200 3907 "-" "Mozilla/5.0 (iPad; CPU OS 6_0 like Mac OS X) AppleWebKit/536.26 (KHTML, like Gecko) Version/6.0 Mobile/10A5355d Safari/8536.25"
20.149.200.80 - - [15/Oct/2015:04:31:01 ] "GET /Revlon HTTP/1.0" 200 4858 "http://twitter.com" "Mozilla/5.0 (Linux; U; Android 2.3.5; en-us; HTC Vision Build/GRI40) AppleWebKit/533.1 (KHTML, like Gecko) Version/4.0 Mobile Safari/533.1"
148.12.180.110 - - [15/Oct/2015:04:32:26 ] "GET /HugoBoss HTTP/1.0" 200 4497 "http://instagram.com" "Mozilla/5.0 (Windows; U; MSIE 9.0; WIndows NT 9.0; en-US))"
137.89.53.3 - - [15/Oct/2015:04:35:05 ] "GET /Dior HTTP/1.0" 200 4607 "http://twitter.com" "Mozilla/5.0 (Windows; U; Windows NT 6.1; rv:2.2) Gecko/20110201"
62.112.34.46 - - [15/Oct/2015:04:38:11 ] "GET /Givency HTTP/1.0" 200 4650 "http://twitter.com" "Mozilla/4.0 (compatible; MSIE 7.0; Windows NT 6.0)"
20.149.200.80 - - [15/Oct/2015:04:39:03 ] "GET /Prada HTTP/1.0" 200 2470 "http://facebook.com/" "Mozilla/5.0 (Linux; U; Android 2.3.5; en-us; HTC Vision Build/GRI40) AppleWebKit/533.1 (KHTML, like Gecko) Version/4.0 Mobile Safari/533.1"
137.89.53.3 - - [15/Oct/2015:04:42:15 ] "GET /Store/cart.jsp?productID=1460 HTTP/1.0" 200 2715 "http://facebook.com/" "Mozilla/5.0 (Windows; U; MSIE 9.0; WIndows NT 9.0; en-US))"
72.183.126.71 - - [15/Oct/2015:04:44:28 ] "GET /Bvlgari HTTP/1.0" 200 4679 "http://twitter.com" "Mozilla/4.0 (compatible; MSIE 7.0; Windows NT 6.0)"
72.183.126.71 - - [15/Oct/2015:04:46:48 ] "GET /CalvinKlein HTTP/1.0" 200 3512 "-" "Mozilla/5.0 (Macintosh; Intel Mac OS X 10_9_2) AppleWebKit/537.36 (KHTML, like Gecko) Chrome/36.0.1944.0 Safari/537.36"
129.205.99.233 - - [15/Oct/2015:04:49:38 ] "GET /Chanel HTTP/1.0" 200 4388 "http://instagram.com" "Mozilla/5.0 (Windows; U; MSIE 9.0; WIndows NT 9.0; en-US))"
154.14.161.138 - - [15/Oct/2015:04:54:19 ] "GET /Store/cart.jsp?productID=1484 HTTP/1.0" 200 3210 "http://twitter.com" "Mozilla/5.0 (Windows NT 5.1; rv:31.0) Gecko/20100101 Firefox/31.0"
181.3.249.130 - - [15/Oct/2015:04:57:42 ] "GET /Dior HTTP/1.0" 200 3862 "http://twitter.com" "Mozilla/5.0 (Windows NT 5.1; rv:31.0) Gecko/20100101 Firefox/31.0"
20.149.200.80 - - [15/Oct/2015:04:58:37 ] "GET /Gucci HTTP/1.0" 200 4546 "http://www.google.com" "Mozilla/5.0 (Windows NT 5.1; rv:31.0) Gecko/20100101 Firefox/31.0"
72.183.126.71 - - [15/Oct/2015:05:03:35 ] "GET /Chanel HTTP/1.0" 200 4772 "-" "Mozilla/5.0 (Linux; U; Android 2.3.5; en-us; HTC Vision Build/GRI40) AppleWebKit/533.1 (KHTML, like Gecko) Version/4.0 Mobile Safari/533.1"
179.203.132.160 - - [15/Oct/2015:05:04:36 ] "GET /Bvlgari HTTP/1.0" 200 3586 "http://facebook.com/" "Mozilla/5.0 (Windows NT 5.1; rv:31.0) Gecko/20100101 Firefox/31.0"
137.89.53.3 - - [15/Oct/2015:05:07:01 ] "GET /Revlon HTTP/1.0" 200 3312 "http://facebook.com/" "Mozilla/5.0 (Windows; U; MSIE 9.0; WIndows NT 9.0; en-US))"
62.112.34.46 - - [15/Oct/2015:05:08:42 ] "GET /Givency HTTP/1.0" 200 2817 "http://twitter.com" "Mozilla/5.0 (Linux; U; Android 2.3.5; en-us; HTC Vision Build/GRI40) AppleWebKit/533.1 (KHTML, like Gecko) Version/4.0 Mobile Safari/533.1"
181.3.249.130 - - [15/Oct/2015:05:09:16 ] "GET /Revlon HTTP/1.0" 200 2693 "-" "Mozilla/5.0 (iPad; CPU OS 6_0 like Mac OS X) AppleWebKit/536.26 (KHTML, like Gecko) Version/6.0 Mobile/10A5355d Safari/8536.25"
181.3.249.130 - - [15/Oct/2015:05:11:53 ] "GET /Bvlgari HTTP/1.0" 200 2365 "-" "Mozilla/5.0 (iPad; CPU OS 6_0 like Mac OS X) AppleWebKit/536.26 (KHTML, like Gecko) Version/6.0 Mobile/10A5355d Safari/8536.25"
137.89.53.3 - - [15/Oct/2015:05:12:50 ] "GET /Dior HTTP/1.0" 200 3579 "http://facebook.com/" "Mozilla/4.0 (compatible; MSIE 7.0; Windows NT 6.0)"
154.14.161.138 - - [15/Oct/2015:05:17:30 ] "GET /Dior HTTP/1.0" 200 2928 "http://facebook.com/" "Mozilla/5.0 (Macintosh; Intel Mac OS X 10_9_2) AppleWebKit/537.36 (KHTML, like Gecko) Chrome/36.0.1944.0 Safari/537.36"
173.216.153.220 - - [15/Oct/2015:05:21:49 ] "GET /CalvinKlein HTTP/1.0" 200 4936 "http://twitter.com" "Mozilla/5.0 (Macintosh; Intel Mac OS X 10_9_2) AppleWebKit/537.36 (KHTML, like Gecko) Chrome/36.0.1944.0 Safari/537.36"
20.149.200.80 - - [15/Oct/2015:05:22:57 ] "GET /Store/cart.jsp?productID=1257 HTTP/1.0" 200 2110 "http://instagram.com" "Mozilla/5.0 (iPad; CPU OS 6_0 like Mac OS X) AppleWebKit/536.26 (KHTML, like Gecko) Version/6.0 Mobile/10A5355d Safari/8536.25"
20.149.200.80 - - [15/Oct/2015:05:26:06 ] "GET /YSL HTTP/1.0" 200 2655 "http://www.google.com" "Mozilla/5.0 (Linux; U; Android 2.3.5; en-us; HTC Vision Build/GRI40) AppleWebKit/533.1 (KHTML, like Gecko) Version/4.0 Mobile Safari/533.1"
129.205.99.233 - - [15/Oct/2015:05:31:01 ] "GET /HugoBoss HTTP/1.0" 200 3841 "http://twitter.com" "Mozilla/5.0 (iPad; CPU OS 6_0 like Mac OS X) AppleWebKit/536.26 (KHTML, like Gecko) Version/6.0 Mobile/10A5355d Safari/8536.25"
62.112.34.46 - - [15/Oct/2015:05:35:38 ] "GET /YSL HTTP/1.0" 200 3285 "-" "Mozilla/5.0 (iPad; CPU OS 6_0 like Mac OS X) AppleWebKit/536.26 (KHTML, like Gecko) Version/6.0 Mobile/10A5355d Safari/8536.25"
173.216.153.220 - - [15/Oct/2015:05:39:42 ] "GET /Prada HTTP/1.0" 200 3561 "http://www.google.com" "Mozilla/5.0 (Macintosh; Intel Mac OS X 10_9_2) AppleWebKit/537.36 (KHTML, like Gecko) Chrome/36.0.1944.0 Safari/537.36"
173.216.153.220 - - [15/Oct/2015:05:44:26 ] "GET /Gucci HTTP/1.0" 200 2904 "-" "Mozilla/5.0 (Windows; U; Windows NT 6.1; rv:2.2) Gecko/20110201"
137.89.53.3 - - [15/Oct/2015:05:45:30 ] "GET /CalvinKlein HTTP/1.0" 200 4905 "http://twitter.com" "Mozilla/5.0 (Macintosh; Intel Mac OS X 10_9_2) AppleWebKit/537.36 (KHTML, like Gecko) Chrome/36.0.1944.0 Safari/537.36"
20.149.200.80 - - [15/Oct/2015:05:50:01 ] "GET /Store/cart.jsp?productID=1263 HTTP/1.0" 200 2734 "http://www.google.com" "Mozilla/5.0 (Windows; U; MSIE 9.0; WIndows NT 9.0; en-US))"
173.216.153.220 - - [15/Oct/2015:05:50:45 ] "GET /Gucci HTTP/1.0" 200 2530 "http://instagram.com" "Mozilla/4.0 (compatible; MSIE 7.0; Windows NT 6.0)"
179.203.132.160 - - [15/Oct/2015:05:54:15 ] "GET /HugoBoss HTTP/1.0" 200 2107 "http://twitter.com" "Mozilla/5.0 (Windows NT 5.1; rv:31.0) Gecko/20100101 Firefox/31.0"
154.14.161.138 - - [15/Oct/2015:05:58:07 ] "GET /Chanel HTTP/1.0" 200 3175 "http://facebook.com/" "Mozilla/5.0 (Windows NT 5.1; rv:31.0) Gecko/20100101 Firefox/31.0"
62.112.34.46 - - [15/Oct/2015:05:58:58 ] "GET /Prada HTTP/1.0" 200 4753 "http://instagram.com" "Mozilla/5.0 (Windows; U; Windows NT 6.1; rv:2.2) Gecko/20110201"
20.149.200.80 - - [15/Oct/2015:05:59:30 ] "GET /Dior HTTP/1.0" 200 3225 "http://twitter.com" "Mozilla/5.0 (Windows NT 5.1; rv:31.0) Gecko/20100101 Firefox/31.0"
20.149.200.80 - - [15/Oct/2015:06:02:19 ] "GET /Dior HTTP/1.0" 200 4191 "http://www.google.com" "Mozilla/5.0 (Windows; U; Windows NT 6.1; rv:2.2) Gecko/20110201"
154.14.161.138 - - [15/Oct/2015:06:03:42 ] "GET /Bvlgari HTTP/1.0" 200 3262 "http://www.google.com" "Mozilla/5.0 (iPad; CPU OS 6_0 like Mac OS X) AppleWebKit/536.26 (KHTML, like Gecko) Version/6.0 Mobile/10A5355d Safari/8536.25"
20.149.200.80 - - [15/Oct/2015:06:07:49 ] "GET /Givency HTTP/1.0" 200 3103 "http://twitter.com" "Mozilla/5.0 (Windows NT 5.1; rv:31.0) Gecko/20100101 Firefox/31.0"
20.149.200.80 - - [15/Oct/2015:06:11:23 ] "GET /Chanel HTTP/1.0" 200 4987 "http://facebook.com/" "Mozilla/5.0 (Windows; U; Windows NT 6.1; rv:2.2) Gecko/20110201"
72.183.126.71 - - [15/Oct/2015:06:15:20 ] "GET /Gucci HTTP/1.0" 200 4512 "-" "Mozilla/4.0 (compatible; MSIE 7.0; Windows NT 6.0)"
20.149.200.80 - - [15/Oct/2015:06:18:07 ] "GET /YSL HTTP/1.0" 200 4887 "-" "Mozilla/5.0 (Macintosh; Intel Mac OS X 10_9_2) AppleWebKit/537.36 (KHTML, like Gecko) Chrome/36.0.1944.0 Safari/537.36"
129.205.99.233 - - [15/Oct/2015:06:20:56 ] "GET /Prada HTTP/1.0" 200 4957 "-" "Mozilla/5.0 (iPad; CPU OS 6_0 like Mac OS X) AppleWebKit/536.26 (KHTML, like Gecko) Version/6.0 Mobile/10A5355d Safari/8536.25"
62.112.34.46 - - [15/Oct/2015:06:23:02 ] "GET /Gucci HTTP/1.0" 200 3498 "http://facebook.com/" "Mozilla/5.0 (iPad; CPU OS 6_0 like Mac OS X) AppleWebKit/536.26 (KHTML, like Gecko) Version/6.0 Mobile/10A5355d Safari/8536.25"
129.205.99.233 - - [15/Oct/2015:06:24:41 ] "GET /HugoBoss HTTP/1.0" 200 4888 "http://instagram.com" "Mozilla/5.0 (Linux; U; Android 2.3.5; en-us; HTC Vision Build/GRI40) AppleWebKit/533.1 (KHTML, like Gecko) Version/4.0 Mobile Safari/533.1"
179.203.132.160 - - [15/Oct/2015:06:27:10 ] "GET /HugoBoss HTTP/1.0" 200 2369 "http://instagram.com" "Mozilla/5.0 (Windows; U; MSIE 9.0; WIndows NT 9.0; en-US))"
62.112.34.46 - - [15/Oct/2015:06:28:45 ] "GET /HugoBoss HTTP/1.0" 200 2613 "http://twitter.com" "Mozilla/5.0 (Windows; U; MSIE 9.0; WIndows NT 9.0; en-US))"
154.14.161.138 - - [15/Oct/2015:06:29:31 ] "GET /Bvlgari HTTP/1.0" 200 4993 "http://www.google.com" "Mozilla/5.0 (Macintosh; Intel Mac OS X 10_9_2) AppleWebKit/537.36 (KHTML, like Gecko) Chrome/36.0.1944.0 Safari/537.36"
20.149.200.80 - - [15/Oct/2015:06:32:23 ] "GET /YSL HTTP/1.0" 200 2883 "http://facebook.com/" "Mozilla/5.0 (Windows; U; Windows NT 6.1; rv:2.2) Gecko/20110201"
20.149.200.80 - - [15/Oct/2015:06:33:01 ] "GET /Prada HTTP/1.0" 200 4481 "http://instagram.com" "Mozilla/5.0 (iPad; CPU OS 6_0 like Mac OS X) AppleWebKit/536.26 (KHTML, like Gecko) Version/6.0 Mobile/10A5355d Safari/8536.25"
72.183.126.71 - - [15/Oct/2015:06:34:20 ] "GET /Prada HTTP/1.0" 200 4759 "http://facebook.com/" "Mozilla/5.0 (Macintosh; Intel Mac OS X 10_9_2) AppleWebKit/537.36 (KHTML, like Gecko) Chrome/36.0.1944.0 Safari/537.36"
173.216.153.220 - - [15/Oct/2015:06:35:46 ] "GET /HugoBoss HTTP/1.0" 200 3684 "http://twitter.com" "Mozilla/5.0 (iPad; CPU OS 6_0 like Mac OS X) AppleWebKit/536.26 (KHTML, like Gecko) Version/6.0 Mobile/10A5355d Safari/8536.25"
181.3.249.130 - - [15/Oct/2015:06:40:15 ] "GET /Bvlgari HTTP/1.0" 200 2908 "-" "Mozilla/5.0 (Windows; U; Windows NT 6.1; rv:2.2) Gecko/20110201"
173.216.153.220 - - [15/Oct/2015:06:42:13 ] "GET /Chanel HTTP/1.0" 200 2795 "-" "Mozilla/5.0 (Windows NT 5.1; rv:31.0) Gecko/20100101 Firefox/31.0"
181.3.249.130 - - [15/Oct/2015:06:47:03 ] "GET /Chanel HTTP/1.0" 200 2303 "http://twitter.com" "Mozilla/4.0 (compatible; MSIE 7.0; Windows NT 6.0)"
129.205.99.233 - - [15/Oct/2015:06:50:47 ] "GET /Givency HTTP/1.0" 200 3774 "-" "Mozilla/5.0 (Windows; U; Windows NT 6.1; rv:2.2) Gecko/20110201"
173.216.153.220 - - [15/Oct/2015:06:52:12 ] "GET /Gucci HTTP/1.0" 200 2548 "http://twitter.com" "Mozilla/5.0 (Windows; U; Windows NT 6.1; rv:2.2) Gecko/20110201"
148.12.180.110 - - [15/Oct/2015:06:53:36 ] "GET /Store/cart.jsp?productID=1400 HTTP/1.0" 200 2953 "http://facebook.com/" "Mozilla/5.0 (Linux; U; Android 2.3.5; en-us; HTC Vision Build/GRI40) AppleWebKit/533.1 (KHTML, like Gecko) Version/4.0 Mobile Safari/533.1"
137.89.53.3 - - [15/Oct/2015:06:56:54 ] "GET /Store/cart.jsp?productID=1078 HTTP/1.0" 200 2468 "http://twitter.com" "Mozilla/5.0 (Windows; U; MSIE 9.0; WIndows NT 9.0; en-US))"
179.203.132.160 - - [15/Oct/2015:06:57:32 ] "GET /Revlon HTTP/1.0" 200 2242 "http://twitter.com" "Mozilla/5.0 (Windows; U; MSIE 9.0; WIndows NT 9.0; en-US))"
181.3.249.130 - - [15/Oct/2015:06:58:50 ] "GET /Givency HTTP/1.0" 200 2152 "http://instagram.com" "Mozilla/5.0 (Linux; U; Android 2.3.5; en-us; HTC Vision Build/GRI40) AppleWebKit/533.1 (KHTML, like Gecko) Version/4.0 Mobile Safari/533.1"
154.14.161.138 - - [15/Oct/2015:07:01:59 ] "GET /Chanel HTTP/1.0" 200 2506 "-" "Mozilla/5.0 (Linux; U; Android 2.3.5; en-us; HTC Vision Build/GRI40) AppleWebKit/533.1 (KHTML, like Gecko) Version/4.0 Mobile Safari/533.1"
62.112.34.46 - - [15/Oct/2015:07:02:59 ] "GET /YSL HTTP/1.0" 200 2950 "-" "Mozilla/4.0 (compatible; MSIE 7.0; Windows NT 6.0)"
181.3.249.130 - - [15/Oct/2015:07:04:04 ] "GET /YSL HTTP/1.0" 200 3752 "http://instagram.com" "Mozilla/5.0 (Linux; U; Android 2.3.5; en-us; HTC Vision Build/GRI40) AppleWebKit/533.1 (KHTML, like Gecko) Version/4.0 Mobile Safari/533.1"
137.89.53.3 - - [15/Oct/2015:07:08:59 ] "GET /HugoBoss HTTP/1.0" 200 4322 "http://facebook.com/" "Mozilla/5.0 (Windows; U; MSIE 9.0; WIndows NT 9.0; en-US))"
148.12.180.110 - - [15/Oct/2015:07:12:13 ] "GET /Givency HTTP/1.0" 200 2564 "http://instagram.com" "Mozilla/5.0 (Windows; U; Windows NT 6.1; rv:2.2) Gecko/20110201"
179.203.132.160 - - [15/Oct/2015:07:15:47 ] "GET /Prada HTTP/1.0" 200 4193 "http://www.google.com" "Mozilla/5.0 (Linux; U; Android 2.3.5; en-us; HTC Vision Build/GRI40) AppleWebKit/533.1 (KHTML, like Gecko) Version/4.0 Mobile Safari/533.1"
181.3.249.130 - - [15/Oct/2015:07:16:27 ] "GET /Bvlgari HTTP/1.0" 200 2692 "http://instagram.com" "Mozilla/5.0 (Windows; U; MSIE 9.0; WIndows NT 9.0; en-US))"
154.14.161.138 - - [15/Oct/2015:07:17:40 ] "GET /Dior HTTP/1.0" 200 2246 "http://www.google.com" "Mozilla/5.0 (Windows NT 5.1; rv:31.0) Gecko/20100101 Firefox/31.0"
181.3.249.130 - - [15/Oct/2015:07:21:47 ] "GET /HugoBoss HTTP/1.0" 200 3486 "http://instagram.com" "Mozilla/5.0 (Windows; U; MSIE 9.0; WIndows NT 9.0; en-US))"
129.205.99.233 - - [15/Oct/2015:07:23:55 ] "GET /Store/cart.jsp?productID=1235 HTTP/1.0" 200 2192 "http://www.google.com" "Mozilla/4.0 (compatible; MSIE 7.0; Windows NT 6.0)"
129.205.99.233 - - [15/Oct/2015:07:28:02 ] "GET /Givency HTTP/1.0" 200 2936 "http://www.google.com" "Mozilla/5.0 (Windows; U; MSIE 9.0; WIndows NT 9.0; en-US))"
129.205.99.233 - - [15/Oct/2015:07:32:00 ] "GET /Bvlgari HTTP/1.0" 200 2328 "http://twitter.com" "Mozilla/4.0 (compatible; MSIE 7.0; Windows NT 6.0)"
179.203.132.160 - - [15/Oct/2015:07:36:42 ] "GET /Bvlgari HTTP/1.0" 200 4524 "http://www.google.com" "Mozilla/5.0 (Macintosh; Intel Mac OS X 10_9_2) AppleWebKit/537.36 (KHTML, like Gecko) Chrome/36.0.1944.0 Safari/537.36"
148.12.180.110 - - [15/Oct/2015:07:38:48 ] "GET /Store/cart.jsp?productID=1356 HTTP/1.0" 200 4374 "http://instagram.com" "Mozilla/4.0 (compatible; MSIE 7.0; Windows NT 6.0)"
62.112.34.46 - - [15/Oct/2015:07:39:48 ] "GET /YSL HTTP/1.0" 200 3366 "http://www.google.com" "Mozilla/5.0 (Windows; U; MSIE 9.0; WIndows NT 9.0; en-US))"
148.12.180.110 - - [15/Oct/2015:07:41:02 ] "GET /YSL HTTP/1.0" 200 2372 "http://facebook.com/" "Mozilla/5.0 (Windows; U; MSIE 9.0; WIndows NT 9.0; en-US))"
154.14.161.138 - - [15/Oct/2015:07:44:23 ] "GET /Bvlgari HTTP/1.0" 200 3839 "http://facebook.com/" "Mozilla/4.0 (compatible; MSIE 7.0; Windows NT 6.0)"
129.205.99.233 - - [15/Oct/2015:07:45:52 ] "GET /Chanel HTTP/1.0" 200 4957 "http://facebook.com/" "Mozilla/5.0 (Windows; U; MSIE 9.0; WIndows NT 9.0; en-US))"
62.112.34.46 - - [15/Oct/2015:07:47:11 ] "GET /Bvlgari HTTP/1.0" 200 3985 "http://facebook.com/" "Mozilla/5.0 (Windows; U; MSIE 9.0; WIndows NT 9.0; en-US))"
137.89.53.3 - - [15/Oct/2015:07:51:51 ] "GET /YSL HTTP/1.0" 200 2841 "http://www.google.com" "Mozilla/5.0 (Windows NT 5.1; rv:31.0) Gecko/20100101 Firefox/31.0"
20.149.200.80 - - [15/Oct/2015:07:56:43 ] "GET /Prada HTTP/1.0" 200 3180 "-" "Mozilla/5.0 (iPad; CPU OS 6_0 like Mac OS X) AppleWebKit/536.26 (KHTML, like Gecko) Version/6.0 Mobile/10A5355d Safari/8536.25"
148.12.180.110 - - [15/Oct/2015:08:00:36 ] "GET /CalvinKlein HTTP/1.0" 200 3452 "http://instagram.com" "Mozilla/4.0 (compatible; MSIE 7.0; Windows NT 6.0)"
179.203.132.160 - - [15/Oct/2015:08:02:43 ] "GET /Bvlgari HTTP/1.0" 200 4784 "http://twitter.com" "Mozilla/5.0 (Linux; U; Android 2.3.5; en-us; HTC Vision Build/GRI40) AppleWebKit/533.1 (KHTML, like Gecko) Version/4.0 Mobile Safari/533.1"
129.205.99.233 - - [15/Oct/2015:08:06:24 ] "GET /Chanel HTTP/1.0" 200 4799 "http://twitter.com" "Mozilla/4.0 (compatible; MSIE 7.0; Windows NT 6.0)"
181.3.249.130 - - [15/Oct/2015:08:10:02 ] "GET /CalvinKlein HTTP/1.0" 200 2002 "http://instagram.com" "Mozilla/5.0 (iPad; CPU OS 6_0 like Mac OS X) AppleWebKit/536.26 (KHTML, like Gecko) Version/6.0 Mobile/10A5355d Safari/8536.25"
137.89.53.3 - - [15/Oct/2015:08:13:10 ] "GET /Chanel HTTP/1.0" 200 2323 "http://twitter.com" "Mozilla/5.0 (Macintosh; Intel Mac OS X 10_9_2) AppleWebKit/537.36 (KHTML, like Gecko) Chrome/36.0.1944.0 Safari/537.36"
129.205.99.233 - - [15/Oct/2015:08:14:38 ] "GET /HugoBoss HTTP/1.0" 200 2827 "http://twitter.com" "Mozilla/4.0 (compatible; MSIE 7.0; Windows NT 6.0)"
137.89.53.3 - - [15/Oct/2015:08:19:07 ] "GET /Store/cart.jsp?productID=1036 HTTP/1.0" 200 4614 "-" "Mozilla/5.0 (Macintosh; Intel Mac OS X 10_9_2) AppleWebKit/537.36 (KHTML, like Gecko) Chrome/36.0.1944.0 Safari/537.36"
148.12.180.110 - - [15/Oct/2015:08:19:59 ] "GET /Prada HTTP/1.0" 200 3442 "http://instagram.com" "Mozilla/5.0 (Linux; U; Android 2.3.5; en-us; HTC Vision Build/GRI40) AppleWebKit/533.1 (KHTML, like Gecko) Version/4.0 Mobile Safari/533.1"
62.112.34.46 - - [15/Oct/2015:08:20:39 ] "GET /Gucci HTTP/1.0" 200 3073 "http://facebook.com/" "Mozilla/5.0 (Windows; U; Windows NT 6.1; rv:2.2) Gecko/20110201"
173.216.153.220 - - [15/Oct/2015:08:23:11 ] "GET /HugoBoss HTTP/1.0" 200 2928 "-" "Mozilla/5.0 (Macintosh; Intel Mac OS X 10_9_2) AppleWebKit/537.36 (KHTML, like Gecko) Chrome/36.0.1944.0 Safari/537.36"
129.205.99.233 - - [15/Oct/2015:08:27:10 ] "GET /Dior HTTP/1.0" 200 2288 "http://facebook.com/" "Mozilla/5.0 (Macintosh; Intel Mac OS X 10_9_2) AppleWebKit/537.36 (KHTML, like Gecko) Chrome/36.0.1944.0 Safari/537.36"
72.183.126.71 - - [15/Oct/2015:08:29:35 ] "GET /Prada HTTP/1.0" 200 4069 "-" "Mozilla/5.0 (Windows; U; MSIE 9.0; WIndows NT 9.0; en-US))"
129.205.99.233 - - [15/Oct/2015:08:34:13 ] "GET /YSL HTTP/1.0" 200 2793 "http://twitter.com" "Mozilla/5.0 (Windows; U; MSIE 9.0; WIndows NT 9.0; en-US))"
137.89.53.3 - - [15/Oct/2015:08:37:49 ] "GET /Revlon HTTP/1.0" 200 4356 "http://twitter.com" "Mozilla/5.0 (Macintosh; Intel Mac OS X 10_9_2) AppleWebKit/537.36 (KHTML, like Gecko) Chrome/36.0.1944.0 Safari/537.36"
129.205.99.233 - - [15/Oct/2015:08:40:11 ] "GET /Gucci HTTP/1.0" 200 2935 "http://twitter.com" "Mozilla/5.0 (Linux; U; Android 2.3.5; en-us; HTC Vision Build/GRI40) AppleWebKit/533.1 (KHTML, like Gecko) Version/4.0 Mobile Safari/533.1"
173.216.153.220 - - [15/Oct/2015:08:43:51 ] "GET /HugoBoss HTTP/1.0" 200 4248 "http://instagram.com" "Mozilla/5.0 (Windows NT 5.1; rv:31.0) Gecko/20100101 Firefox/31.0"
72.183.126.71 - - [15/Oct/2015:08:47:13 ] "GET /Dior HTTP/1.0" 200 4273 "http://instagram.com" "Mozilla/5.0 (Macintosh; Intel Mac OS X 10_9_2) AppleWebKit/537.36 (KHTML, like Gecko) Chrome/36.0.1944.0 Safari/537.36"
154.14.161.138 - - [15/Oct/2015:08:50:33 ] "GET /Chanel HTTP/1.0" 200 3237 "http://www.google.com" "Mozilla/5.0 (Macintosh; Intel Mac OS X 10_9_2) AppleWebKit/537.36 (KHTML, like Gecko) Chrome/36.0.1944.0 Safari/537.36"
137.89.53.3 - - [15/Oct/2015:08:54:14 ] "GET /HugoBoss HTTP/1.0" 200 4497 "-" "Mozilla/4.0 (compatible; MSIE 7.0; Windows NT 6.0)"
173.216.153.220 - - [15/Oct/2015:08:54:58 ] "GET /YSL HTTP/1.0" 200 4610 "http://www.google.com" "Mozilla/4.0 (compatible; MSIE 7.0; Windows NT 6.0)"
137.89.53.3 - - [15/Oct/2015:08:56:58 ] "GET /Revlon HTTP/1.0" 200 3123 "http://twitter.com" "Mozilla/5.0 (Windows NT 5.1; rv:31.0) Gecko/20100101 Firefox/31.0"
148.12.180.110 - - [15/Oct/2015:08:59:39 ] "GET /CalvinKlein HTTP/1.0" 200 4241 "http://instagram.com" "Mozilla/5.0 (Windows; U; Windows NT 6.1; rv:2.2) Gecko/20110201"
72.183.126.71 - - [15/Oct/2015:09:03:27 ] "GET /Bvlgari HTTP/1.0" 200 3751 "http://www.google.com" "Mozilla/5.0 (Linux; U; Android 2.3.5; en-us; HTC Vision Build/GRI40) AppleWebKit/533.1 (KHTML, like Gecko) Version/4.0 Mobile Safari/533.1"
173.216.153.220 - - [15/Oct/2015:09:05:15 ] "GET /HugoBoss HTTP/1.0" 200 2149 "http://instagram.com" "Mozilla/4.0 (compatible; MSIE 7.0; Windows NT 6.0)"
