154.14.161.138 - - [14/Oct/2015:08:46:20 ] "GET /Prada HTTP/1.0" 200 3608 "http://www.google.com" "Mozilla/5.0 (iPad; CPU OS 6_0 like Mac OS X) AppleWebKit/536.26 (KHTML, like Gecko) Version/6.0 Mobile/10A5355d Safari/8536.25"
181.3.249.130 - - [14/Oct/2015:08:50:46 ] "GET /Givency HTTP/1.0" 200 2940 "http://instagram.com" "Mozilla/5.0 (Macintosh; Intel Mac OS X 10_9_2) AppleWebKit/537.36 (KHTML, like Gecko) Chrome/36.0.1944.0 Safari/537.36"
154.14.161.138 - - [14/Oct/2015:08:52:22 ] "GET /Chanel HTTP/1.0" 200 3719 "http://www.google.com" "Mozilla/5.0 (Linux; U; Android 2.3.5; en-us; HTC Vision Build/GRI40) AppleWebKit/533.1 (KHTML, like Gecko) Version/4.0 Mobile Safari/533.1"
137.89.53.3 - - [14/Oct/2015:08:55:23 ] "GET /HugoBoss HTTP/1.0" 200 3387 "-" "Mozilla/5.0 (Macintosh; Intel Mac OS X 10_9_2) AppleWebKit/537.36 (KHTML, like Gecko) Chrome/36.0.1944.0 Safari/537.36"
173.216.153.220 - - [14/Oct/2015:08:56:30 ] "GET /Dior HTTP/1.0" 200 3190 "http://www.google.com" "Mozilla/5.0 (Windows; U; MSIE 9.0; WIndows NT 9.0; en-US))"
181.3.249.130 - - [14/Oct/2015:09:00:46 ] "GET /Dior HTTP/1.0" 200 2026 "http://instagram.com" "Mozilla/5.0 (Linux; U; Android 2.3.5; en-us; HTC Vision Build/GRI40) AppleWebKit/533.1 (KHTML, like Gecko) Version/4.0 Mobile Safari/533.1"
20.149.200.80 - - [14/Oct/2015:09:02:01 ] "GET /HugoBoss HTTP/1.0" 200 4501 "http://www.google.com" "Mozilla/5.0 (Windows; U; Windows NT 6.1; rv:2.2) Gecko/20110201"
20.149.200.80 - - [14/Oct/2015:09:06:31 ] "GET /Revlon HTTP/1.0" 200 4367 "http://instagram.com" "Mozilla/5.0 (iPad; CPU OS 6_0 like Mac OS X) AppleWebKit/536.26 (KHTML, like Gecko) Version/6.0 Mobile/10A5355d Safari/8536.25"
20.149.200.80 - - [14/Oct/2015:09:11:17 ] "GET /Chanel HTTP/1.0" 200 2762 "-" "Mozilla/4.0 (compatible; MSIE 7.0; Windows NT 6.0)"
179.203.132.160 - - [14/Oct/2015:09:13:33 ] "GET /YSL HTTP/1.0" 200 3480 "http://facebook.com/" "Mozilla/5.0 (iPad; CPU OS 6_0 like Mac OS X) AppleWebKit/536.26 (KHTML, like Gecko) Version/6.0 Mobile/10A5355d Safari/8536.25"
129.205.99.233 - - [14/Oct/2015:09:15:17 ] "GET /Store/cart.jsp?productID=1389 HTTP/1.0" 200 4872 "http://facebook.com/" "Mozilla/5.0 (Windows; U; MSIE 9.0; WIndows NT 9.0; en-US))"
173.216.153.220 - - [14/Oct/2015:09:17:35 ] "GET /Dior HTTP/1.0" 200 2509 "http://www.google.com" "Mozilla/5.0 (Windows; U; MSIE 9.0; WIndows NT 9.0; en-US))"
129.205.99.233 - - [14/Oct/2015:09:22:01 ] "GET /Gucci HTTP/1.0" 200 4435 "http://facebook.com/" "Mozilla/5.0 (Windows; U; Windows NT 6.1; rv:2.2) Gecko/20110201"
62.112.34.46 - - [14/Oct/2015:09:24:33 ] "GET /YSL HTTP/1.0" 200 3546 "-" "Mozilla/4.0 (compatible; MSIE 7.0; Windows NT 6.0)"
137.89.53.3 - - [14/Oct/2015:09:26:29 ] "GET /Chanel HTTP/1.0" 200 4108 "http://facebook.com/" "Mozilla/4.0 (compatible; MSIE 7.0; Windows NT 6.0)"
179.203.132.160 - - [14/Oct/2015:09:27:03 ] "GET /Prada HTTP/1.0" 200 3443 "-" "Mozilla/5.0 (Windows; U; MSIE 9.0; WIndows NT 9.0; en-US))"
20.149.200.80 - - [14/Oct/2015:09:30:11 ] "GET /Prada HTTP/1.0" 200 2017 "http://twitter.com" "Mozilla/5.0 (Windows; U; Windows NT 6.1; rv:2.2) Gecko/20110201"
137.89.53.3 - - [14/Oct/2015:09:34:48 ] "GET /Store/cart.jsp?productID=1143 HTTP/1.0" 200 2847 "http://twitter.com" "Mozilla/5.0 (Windows NT 5.1; rv:31.0) Gecko/20100101 Firefox/31.0"
154.14.161.138 - - [14/Oct/2015:09:39:27 ] "GET /Gucci HTTP/1.0" 200 2023 "http://www.google.com" "Mozilla/5.0 (Windows NT 5.1; rv:31.0) Gecko/20100101 Firefox/31.0"
181.3.249.130 - - [14/Oct/2015:09:41:19 ] "GET /Chanel HTTP/1.0" 200 3692 "-" "Mozilla/5.0 (Linux; U; Android 2.3.5; en-us; HTC Vision Build/GRI40) AppleWebKit/533.1 (KHTML, like Gecko) Version/4.0 Mobile Safari/533.1"
154.14.161.138 - - [14/Oct/2015:09:42:45 ] "GET /YSL HTTP/1.0" 200 2401 "http://www.google.com" "Mozilla/5.0 (iPad; CPU OS 6_0 like Mac OS X) AppleWebKit/536.26 (KHTML, like Gecko) Version/6.0 Mobile/10A5355d Safari/8536.25"
148.12.180.110 - - [14/Oct/2015:09:45:09 ] "GET /HugoBoss HTTP/1.0" 200 4938 "http://facebook.com/" "Mozilla/5.0 (Linux; U; Android 2.3.5; en-us; HTC Vision Build/GRI40) AppleWebKit/533.1 (KHTML, like Gecko) Version/4.0 Mobile Safari/533.1"
181.3.249.130 - - [14/Oct/2015:09:47:11 ] "GET /YSL HTTP/1.0" 200 3168 "http://instagram.com" "Mozilla/5.0 (Windows NT 5.1; rv:31.0) Gecko/20100101 Firefox/31.0"
129.205.99.233 - - [14/Oct/2015:09:50:07 ] "GET /Store/cart.jsp?productID=1198 HTTP/1.0" 200 3870 "http://facebook.com/" "Mozilla/5.0 (Windows NT 5.1; rv:31.0) Gecko/20100101 Firefox/31.0"
72.183.126.71 - - [14/Oct/2015:09:53:47 ] "GET /Dior HTTP/1.0" 200 4150 "http://instagram.com" "Mozilla/5.0 (Macintosh; Intel Mac OS X 10_9_2) AppleWebKit/537.36 (KHTML, like Gecko) Chrome/36.0.1944.0 Safari/537.36"
173.216.153.220 - - [14/Oct/2015:09:54:19 ] "GET /Bvlgari HTTP/1.0" 200 3096 "http://instagram.com" "Mozilla/4.0 (compatible; MSIE 7.0; Windows NT 6.0)"
173.216.153.220 - - [14/Oct/2015:09:59:17 ] "GET /Revlon HTTP/1.0" 200 2910 "-" "Mozilla/5.0 (Windows NT 5.1; rv:31.0) Gecko/20100101 Firefox/31.0"
137.89.53.3 - - [14/Oct/2015:10:02:53 ] "GET /Dior HTTP/1.0" 200 4175 "-" "Mozilla/5.0 (Windows NT 5.1; rv:31.0) Gecko/20100101 Firefox/31.0"
181.3.249.130 - - [14/Oct/2015:10:06:47 ] "GET /Chanel HTTP/1.0" 200 3515 "http://facebook.com/" "Mozilla/5.0 (Windows; U; Windows NT 6.1; rv:2.2) Gecko/20110201"
129.205.99.233 - - [14/Oct/2015:10:09:50 ] "GET /Givency HTTP/1.0" 200 3743 "-" "Mozilla/5.0 (Linux; U; Android 2.3.5; en-us; HTC Vision Build/GRI40) AppleWebKit/533.1 (KHTML, like Gecko) Version/4.0 Mobile Safari/533.1"
20.149.200.80 - - [14/Oct/2015:10:10:41 ] "GET /Givency HTTP/1.0" 200 4893 "http://facebook.com/" "Mozilla/5.0 (Windows NT 5.1; rv:31.0) Gecko/20100101 Firefox/31.0"
129.205.99.233 - - [14/Oct/2015:10:12:27 ] "GET /Givency HTTP/1.0" 200 3678 "http://facebook.com/" "Mozilla/5.0 (Windows; U; MSIE 9.0; WIndows NT 9.0; en-US))"
129.205.99.233 - - [14/Oct/2015:10:13:22 ] "GET /CalvinKlein HTTP/1.0" 200 2217 "http://facebook.com/" "Mozilla/5.0 (Linux; U; Android 2.3.5; en-us; HTC Vision Build/GRI40) AppleWebKit/533.1 (KHTML, like Gecko) Version/4.0 Mobile Safari/533.1"
72.183.126.71 - - [14/Oct/2015:10:18:09 ] "GET /YSL HTTP/1.0" 200 4181 "http://facebook.com/" "Mozilla/5.0 (Windows; U; Windows NT 6.1; rv:2.2) Gecko/20110201"
179.203.132.160 - - [14/Oct/2015:10:20:41 ] "GET /Givency HTTP/1.0" 200 3653 "http://instagram.com" "Mozilla/5.0 (Windows; U; MSIE 9.0; WIndows NT 9.0; en-US))"
173.216.153.220 - - [14/Oct/2015:10:21:46 ] "GET /Chanel HTTP/1.0" 200 3530 "-" "Mozilla/5.0 (Windows NT 5.1; rv:31.0) Gecko/20100101 Firefox/31.0"
173.216.153.220 - - [14/Oct/2015:10:24:35 ] "GET /Dior HTTP/1.0" 200 3491 "-" "Mozilla/4.0 (compatible; MSIE 7.0; Windows NT 6.0)"
129.205.99.233 - - [14/Oct/2015:10:27:48 ] "GET /Bvlgari HTTP/1.0" 200 3172 "-" "Mozilla/5.0 (Linux; U; Android 2.3.5; en-us; HTC Vision Build/GRI40) AppleWebKit/533.1 (KHTML, like Gecko) Version/4.0 Mobile Safari/533.1"
181.3.249.130 - - [14/Oct/2015:10:31:59 ] "GET /Dior HTTP/1.0" 200 2127 "-" "Mozilla/5.0 (iPad; CPU OS 6_0 like Mac OS X) AppleWebKit/536.26 (KHTML, like Gecko) Version/6.0 Mobile/10A5355d Safari/8536.25"
137.89.53.3 - - [14/Oct/2015:10:34:23 ] "GET /Gucci HTTP/1.0" 200 4291 "-" "Mozilla/5.0 (Linux; U; Android 2.3.5; en-us; HTC Vision Build/GRI40) AppleWebKit/533.1 (KHTML, like Gecko) Version/4.0 Mobile Safari/533.1"
137.89.53.3 - - [14/Oct/2015:10:39:16 ] "GET /Revlon HTTP/1.0" 200 3100 "http://www.google.com" "Mozilla/5.0 (Linux; U; Android 2.3.5; en-us; HTC Vision Build/GRI40) AppleWebKit/533.1 (KHTML, like Gecko) Version/4.0 Mobile Safari/533.1"
173.216.153.220 - - [14/Oct/2015:10:44:14 ] "GET /CalvinKlein HTTP/1.0" 200 2952 "http://twitter.com" "Mozilla/5.0 (Windows; U; Windows NT 6.1; rv:2.2) Gecko/20110201"
173.216.153.220 - - [14/Oct/2015:10:46:38 ] "GET /YSL HTTP/1.0" 200 2517 "-" "Mozilla/5.0 (Windows NT 5.1; rv:31.0) Gecko/20100101 Firefox/31.0"
179.203.132.160 - - [14/Oct/2015:10:48:15 ] "GET /Chanel HTTP/1.0" 200 2961 "http://twitter.com" "Mozilla/5.0 (iPad; CPU OS 6_0 like Mac OS X) AppleWebKit/536.26 (KHTML, like Gecko) Version/6.0 Mobile/10A5355d Safari/8536.25"
173.216.153.220 - - [14/Oct/2015:10:48:56 ] "GET /Dior HTTP/1.0" 200 3491 "http://www.google.com" "Mozilla/5.0 (Windows; U; Windows NT 6.1; rv:2.2) Gecko/20110201"
62.112.34.46 - - [14/Oct/2015:10:50:59 ] "GET /Gucci HTTP/1.0" 200 2543 "http://instagram.com" "Mozilla/4.0 (compatible; MSIE 7.0; Windows NT 6.0)"
154.14.161.138 - - [14/Oct/2015:10:52:11 ] "GET /Dior HTTP/1.0" 200 3759 "http://facebook.com/" "Mozilla/5.0 (iPad; CPU OS 6_0 like Mac OS X) AppleWebKit/536.26 (KHTML, like Gecko) Version/6.0 Mobile/10A5355d Safari/8536.25"
154.14.161.138 - - [14/Oct/2015:10:54:11 ] "GET /Gucci HTTP/1.0" 200 3142 "-" "Mozilla/5.0 (Windows; U; MSIE 9.0; WIndows NT 9.0; en-US))"
173.216.153.220 - - [14/Oct/2015:10:58:07 ] "GET /Store/cart.jsp?productID=1265 HTTP/1.0" 200 3065 "-" "Mozilla/5.0 (Macintosh; Intel Mac OS X 10_9_2) AppleWebKit/537.36 (KHTML, like Gecko) Chrome/36.0.1944.0 Safari/537.36"
137.89.53.3 - - [14/Oct/2015:11:01:16 ] "GET /CalvinKlein HTTP/1.0" 200 4663 "-" "Mozilla/5.0 (Windows NT 5.1; rv:31.0) Gecko/20100101 Firefox/31.0"
20.149.200.80 - - [14/Oct/2015:11:05:56 ] "GET /Bvlgari HTTP/1.0" 200 2637 "http://www.google.com" "Mozilla/5.0 (Windows; U; Windows NT 6.1; rv:2.2) Gecko/20110201"
72.183.126.71 - - [14/Oct/2015:11:08:12 ] "GET /HugoBoss HTTP/1.0" 200 3077 "http://twitter.com" "Mozilla/5.0 (Windows; U; Windows NT 6.1; rv:2.2) Gecko/20110201"
179.203.132.160 - - [14/Oct/2015:11:12:44 ] "GET /YSL HTTP/1.0" 200 2896 "http://twitter.com" "Mozilla/5.0 (Windows; U; Windows NT 6.1; rv:2.2) Gecko/20110201"
173.216.153.220 - - [14/Oct/2015:11:15:46 ] "GET /Bvlgari HTTP/1.0" 200 4060 "-" "Mozilla/5.0 (Macintosh; Intel Mac OS X 10_9_2) AppleWebKit/537.36 (KHTML, like Gecko) Chrome/36.0.1944.0 Safari/537.36"
148.12.180.110 - - [14/Oct/2015:11:16:27 ] "GET /YSL HTTP/1.0" 200 4835 "http://instagram.com" "Mozilla/5.0 (Windows NT 5.1; rv:31.0) Gecko/20100101 Firefox/31.0"
181.3.249.130 - - [14/Oct/2015:11:20:00 ] "GET /HugoBoss HTTP/1.0" 200 4838 "http://instagram.com" "Mozilla/5.0 (Macintosh; Intel Mac OS X 10_9_2) AppleWebKit/537.36 (KHTML, like Gecko) Chrome/36.0.1944.0 Safari/537.36"
154.14.161.138 - - [14/Oct/2015:11:20:51 ] "GET /Store/cart.jsp?productID=1175 HTTP/1.0" 200 4295 "http://twitter.com" "Mozilla/5.0 (Windows NT 5.1; rv:31.0) Gecko/20100101 Firefox/31.0"
148.12.180.110 - - [14/Oct/2015:11:24:21 ] "GET /Store/cart.jsp?productID=1070 HTTP/1.0" 200 3537 "http://facebook.com/" "Mozilla/5.0 (Windows; U; MSIE 9.0; WIndows NT 9.0; en-US))"
20.149.200.80 - - [14/Oct/2015:11:28:02 ] "GET /YSL HTTP/1.0" 200 2244 "http://twitter.com" "Mozilla/5.0 (Windows; U; MSIE 9.0; WIndows NT 9.0; en-US))"
62.112.34.46 - - [14/Oct/2015:11:31:06 ] "GET /Revlon HTTP/1.0" 200 2465 "http://twitter.com" "Mozilla/5.0 (Linux; U; Android 2.3.5; en-us; HTC Vision Build/GRI40) AppleWebKit/533.1 (KHTML, like Gecko) Version/4.0 Mobile Safari/533.1"
179.203.132.160 - - [14/Oct/2015:11:33:58 ] "GET /Givency HTTP/1.0" 200 2971 "http://twitter.com" "Mozilla/5.0 (Windows; U; MSIE 9.0; WIndows NT 9.0; en-US))"
62.112.34.46 - - [14/Oct/2015:11:34:35 ] "GET /Store/cart.jsp?productID=1239 HTTP/1.0" 200 3011 "http://facebook.com/" "Mozilla/5.0 (Windows NT 5.1; rv:31.0) Gecko/20100101 Firefox/31.0"
129.205.99.233 - - [14/Oct/2015:11:37:34 ] "GET /Gucci HTTP/1.0" 200 4814 "http://twitter.com" "Mozilla/5.0 (Windows; U; Windows NT 6.1; rv:2.2) Gecko/20110201"
72.183.126.71 - - [14/Oct/2015:11:41:18 ] "GET /Givency HTTP/1.0" 200 3679 "-" "Mozilla/5.0 (iPad; CPU OS 6_0 like Mac OS X) AppleWebKit/536.26 (KHTML, like Gecko) Version/6.0 Mobile/10A5355d Safari/8536.25"
181.3.249.130 - - [14/Oct/2015:11:42:51 ] "GET /Chanel HTTP/1.0" 200 3906 "-" "Mozilla/5.0 (Windows; U; MSIE 9.0; WIndows NT 9.0; en-US))"
181.3.249.130 - - [14/Oct/2015:11:45:56 ] "GET /Store/cart.jsp?productID=1100 HTTP/1.0" 200 2394 "-" "Mozilla/5.0 (Windows; U; MSIE 9.0; WIndows NT 9.0; en-US))"
137.89.53.3 - - [14/Oct/2015:11:47:20 ] "GET /CalvinKlein HTTP/1.0" 200 4860 "-" "Mozilla/5.0 (Windows NT 5.1; rv:31.0) Gecko/20100101 Firefox/31.0"
62.112.34.46 - - [14/Oct/2015:11:49:23 ] "GET /Bvlgari HTTP/1.0" 200 3969 "http://instagram.com" "Mozilla/4.0 (compatible; MSIE 7.0; Windows NT 6.0)"
154.14.161.138 - - [14/Oct/2015:11:50:44 ] "GET /Chanel HTTP/1.0" 200 2635 "http://facebook.com/" "Mozilla/5.0 (Macintosh; Intel Mac OS X 10_9_2) AppleWebKit/537.36 (KHTML, like Gecko) Chrome/36.0.1944.0 Safari/537.36"
62.112.34.46 - - [14/Oct/2015:11:53:53 ] "GET /HugoBoss HTTP/1.0" 200 3594 "-" "Mozilla/5.0 (Macintosh; Intel Mac OS X 10_9_2) AppleWebKit/537.36 (KHTML, like Gecko) Chrome/36.0.1944.0 Safari/537.36"
181.3.249.130 - - [14/Oct/2015:11:58:00 ] "GET /Prada HTTP/1.0" 200 4264 "http://www.google.com" "Mozilla/4.0 (compatible; MSIE 7.0; Windows NT 6.0)"
129.205.99.233 - - [14/Oct/2015:12:01:21 ] "GET /Chanel HTTP/1.0" 200 3280 "http://twitter.com" "Mozilla/5.0 (Windows; U; Windows NT 6.1; rv:2.2) Gecko/20110201"
20.149.200.80 - - [14/Oct/2015:12:04:47 ] "GET /HugoBoss HTTP/1.0" 200 2853 "http://instagram.com" "Mozilla/4.0 (compatible; MSIE 7.0; Windows NT 6.0)"
173.216.153.220 - - [14/Oct/2015:12:09:22 ] "GET /CalvinKlein HTTP/1.0" 200 4374 "-" "Mozilla/5.0 (Macintosh; Intel Mac OS X 10_9_2) AppleWebKit/537.36 (KHTML, like Gecko) Chrome/36.0.1944.0 Safari/537.36"
137.89.53.3 - - [14/Oct/2015:12:10:47 ] "GET /Revlon HTTP/1.0" 200 3121 "http://twitter.com" "Mozilla/5.0 (Macintosh; Intel Mac OS X 10_9_2) AppleWebKit/537.36 (KHTML, like Gecko) Chrome/36.0.1944.0 Safari/537.36"
181.3.249.130 - - [14/Oct/2015:12:14:22 ] "GET /Store/cart.jsp?productID=1098 HTTP/1.0" 200 2600 "http://facebook.com/" "Mozilla/5.0 (Windows; U; MSIE 9.0; WIndows NT 9.0; en-US))"
148.12.180.110 - - [14/Oct/2015:12:17:05 ] "GET /HugoBoss HTTP/1.0" 200 3588 "http://www.google.com" "Mozilla/5.0 (Windows; U; Windows NT 6.1; rv:2.2) Gecko/20110201"
72.183.126.71 - - [14/Oct/2015:12:18:49 ] "GET /HugoBoss HTTP/1.0" 200 2375 "-" "Mozilla/5.0 (Windows; U; MSIE 9.0; WIndows NT 9.0; en-US))"
154.14.161.138 - - [14/Oct/2015:12:22:09 ] "GET /Gucci HTTP/1.0" 200 4335 "http://twitter.com" "Mozilla/5.0 (iPad; CPU OS 6_0 like Mac OS X) AppleWebKit/536.26 (KHTML, like Gecko) Version/6.0 Mobile/10A5355d Safari/8536.25"
181.3.249.130 - - [14/Oct/2015:12:25:19 ] "GET /CalvinKlein HTTP/1.0" 200 2754 "http://instagram.com" "Mozilla/5.0 (Macintosh; Intel Mac OS X 10_9_2) AppleWebKit/537.36 (KHTML, like Gecko) Chrome/36.0.1944.0 Safari/537.36"
181.3.249.130 - - [14/Oct/2015:12:28:28 ] "GET /Bvlgari HTTP/1.0" 200 4897 "http://facebook.com/" "Mozilla/5.0 (iPad; CPU OS 6_0 like Mac OS X) AppleWebKit/536.26 (KHTML, like Gecko) Version/6.0 Mobile/10A5355d Safari/8536.25"
62.112.34.46 - - [14/Oct/2015:12:30:05 ] "GET /Bvlgari HTTP/1.0" 200 3248 "-" "Mozilla/5.0 (iPad; CPU OS 6_0 like Mac OS X) AppleWebKit/536.26 (KHTML, like Gecko) Version/6.0 Mobile/10A5355d Safari/8536.25"
137.89.53.3 - - [14/Oct/2015:12:32:25 ] "GET /Prada HTTP/1.0" 200 2496 "http://instagram.com" "Mozilla/5.0 (Windows; U; Windows NT 6.1; rv:2.2) Gecko/20110201"
72.183.126.71 - - [14/Oct/2015:12:34:59 ] "GET /Givency HTTP/1.0" 200 4657 "http://instagram.com" "Mozilla/4.0 (compatible; MSIE 7.0; Windows NT 6.0)"
129.205.99.233 - - [14/Oct/2015:12:37:03 ] "GET /Store/cart.jsp?productID=1134 HTTP/1.0" 200 2775 "http://facebook.com/" "Mozilla/5.0 (Macintosh; Intel Mac OS X 10_9_2) AppleWebKit/537.36 (KHTML, like Gecko) Chrome/36.0.1944.0 Safari/537.36"
179.203.132.160 - - [14/Oct/2015:12:40:21 ] "GET /Chanel HTTP/1.0" 200 2560 "http://instagram.com" "Mozilla/5.0 (Windows; U; Windows NT 6.1; rv:2.2) Gecko/20110201"
137.89.53.3 - - [14/Oct/2015:12:43:57 ] "GET /Gucci HTTP/1.0" 200 3682 "-" "Mozilla/4.0 (compatible; MSIE 7.0; Windows NT 6.0)"
181.3.249.130 - - [14/Oct/2015:12:45:29 ] "GET /Revlon HTTP/1.0" 200 3441 "-" "Mozilla/5.0 (iPad; CPU OS 6_0 like Mac OS X) AppleWebKit/536.26 (KHTML, like Gecko) Version/6.0 Mobile/10A5355d Safari/8536.25"
20.149.200.80 - - [14/Oct/2015:12:48:11 ] "GET /Bvlgari HTTP/1.0" 200 3715 "http://instagram.com" "Mozilla/4.0 (compatible; MSIE 7.0; Windows NT 6.0)"
154.14.161.138 - - [14/Oct/2015:12:48:41 ] "GET /Store/cart.jsp?productID=1316 HTTP/1.0" 200 3007 "http://facebook.com/" "Mozilla/5.0 (Macintosh; Intel Mac OS X 10_9_2) AppleWebKit/537.36 (KHTML, like Gecko) Chrome/36.0.1944.0 Safari/537.36"
62.112.34.46 - - [14/Oct/2015:12:51:13 ] "GET /CalvinKlein HTTP/1.0" 200 2231 "-" "Mozilla/5.0 (Macintosh; Intel Mac OS X 10_9_2) AppleWebKit/537.36 (KHTML, like Gecko) Chrome/36.0.1944.0 Safari/537.36"
154.14.161.138 - - [14/Oct/2015:12:54:27 ] "GET /Chanel HTTP/1.0" 200 2412 "http://instagram.com" "Mozilla/5.0 (Linux; U; Android 2.3.5; en-us; HTC Vision Build/GRI40) AppleWebKit/533.1 (KHTML, like Gecko) Version/4.0 Mobile Safari/533.1"
179.203.132.160 - - [14/Oct/2015:12:56:35 ] "GET /YSL HTTP/1.0" 200 4983 "http://www.google.com" "Mozilla/5.0 (Linux; U; Android 2.3.5; en-us; HTC Vision Build/GRI40) AppleWebKit/533.1 (KHTML, like Gecko) Version/4.0 Mobile Safari/533.1"
173.216.153.220 - - [14/Oct/2015:12:57:16 ] "GET /HugoBoss HTTP/1.0" 200 2148 "http://twitter.com" "Mozilla/5.0 (Windows; U; Windows NT 6.1; rv:2.2) Gecko/20110201"
72.183.126.71 - - [14/Oct/2015:12:58:00 ] "GET /YSL HTTP/1.0" 200 2560 "-" "Mozilla/4.0 (compatible; MSIE 7.0; Windows NT 6.0)"
173.216.153.220 - - [14/Oct/2015:13:01:26 ] "GET /Chanel HTTP/1.0" 200 4447 "http://instagram.com" "Mozilla/5.0 (Windows NT 5.1; rv:31.0) Gecko/20100101 Firefox/31.0"
137.89.53.3 - - [14/Oct/2015:13:01:56 ] "GET /Store/cart.jsp?productID=1245 HTTP/1.0" 200 3327 "http://facebook.com/" "Mozilla/5.0 (Windows; U; Windows NT 6.1; rv:2.2) Gecko/20110201"
173.216.153.220 - - [14/Oct/2015:13:06:52 ] "GET /Revlon HTTP/1.0" 200 4913 "-" "Mozilla/4.0 (compatible; MSIE 7.0; Windows NT 6.0)"
148.12.180.110 - - [14/Oct/2015:13:11:13 ] "GET /Prada HTTP/1.0" 200 4959 "http://www.google.com" "Mozilla/5.0 (iPad; CPU OS 6_0 like Mac OS X) AppleWebKit/536.26 (KHTML, like Gecko) Version/6.0 Mobile/10A5355d Safari/8536.25"
20.149.200.80 - - [14/Oct/2015:13:15:34 ] "GET /HugoBoss HTTP/1.0" 200 3807 "-" "Mozilla/5.0 (Windows; U; Windows NT 6.1; rv:2.2) Gecko/20110201"
72.183.126.71 - - [14/Oct/2015:13:16:24 ] "GET /CalvinKlein HTTP/1.0" 200 3486 "http://www.google.com" "Mozilla/5.0 (Windows NT 5.1; rv:31.0) Gecko/20100101 Firefox/31.0"
137.89.53.3 - - [14/Oct/2015:13:18:28 ] "GET /Store/cart.jsp?productID=1062 HTTP/1.0" 200 3519 "http://instagram.com" "Mozilla/4.0 (compatible; MSIE 7.0; Windows NT 6.0)"
137.89.53.3 - - [14/Oct/2015:13:22:34 ] "GET /HugoBoss HTTP/1.0" 200 2455 "-" "Mozilla/5.0 (Linux; U; Android 2.3.5; en-us; HTC Vision Build/GRI40) AppleWebKit/533.1 (KHTML, like Gecko) Version/4.0 Mobile Safari/533.1"
137.89.53.3 - - [14/Oct/2015:13:23:37 ] "GET /Gucci HTTP/1.0" 200 2530 "http://www.google.com" "Mozilla/5.0 (Macintosh; Intel Mac OS X 10_9_2) AppleWebKit/537.36 (KHTML, like Gecko) Chrome/36.0.1944.0 Safari/537.36"
173.216.153.220 - - [14/Oct/2015:13:28:21 ] "GET /Givency HTTP/1.0" 200 2086 "-" "Mozilla/5.0 (iPad; CPU OS 6_0 like Mac OS X) AppleWebKit/536.26 (KHTML, like Gecko) Version/6.0 Mobile/10A5355d Safari/8536.25"
181.3.249.130 - - [14/Oct/2015:13:31:23 ] "GET /CalvinKlein HTTP/1.0" 200 3630 "http://twitter.com" "Mozilla/5.0 (Linux; U; Android 2.3.5; en-us; HTC Vision Build/GRI40) AppleWebKit/533.1 (KHTML, like Gecko) Version/4.0 Mobile Safari/533.1"
154.14.161.138 - - [14/Oct/2015:13:34:07 ] "GET /Store/cart.jsp?productID=1313 HTTP/1.0" 200 4580 "http://facebook.com/" "Mozilla/5.0 (Linux; U; Android 2.3.5; en-us; HTC Vision Build/GRI40) AppleWebKit/533.1 (KHTML, like Gecko) Version/4.0 Mobile Safari/533.1"
181.3.249.130 - - [14/Oct/2015:13:37:20 ] "GET /Revlon HTTP/1.0" 200 3662 "http://instagram.com" "Mozilla/4.0 (compatible; MSIE 7.0; Windows NT 6.0)"
181.3.249.130 - - [14/Oct/2015:13:38:48 ] "GET /YSL HTTP/1.0" 200 3027 "http://instagram.com" "Mozilla/5.0 (Linux; U; Android 2.3.5; en-us; HTC Vision Build/GRI40) AppleWebKit/533.1 (KHTML, like Gecko) Version/4.0 Mobile Safari/533.1"
62.112.34.46 - - [14/Oct/2015:13:41:14 ] "GET /CalvinKlein HTTP/1.0" 200 4388 "http://facebook.com/" "Mozilla/4.0 (compatible; MSIE 7.0; Windows NT 6.0)"
62.112.34.46 - - [14/Oct/2015:13:43:51 ] "GET /Gucci HTTP/1.0" 200 3047 "http://facebook.com/" "Mozilla/5.0 (Macintosh; Intel Mac OS X 10_9_2) AppleWebKit/537.36 (KHTML, like Gecko) Chrome/36.0.1944.0 Safari/537.36"
148.12.180.110 - - [14/Oct/2015:13:44:50 ] "GET /HugoBoss HTTP/1.0" 200 3554 "http://www.google.com" "Mozilla/5.0 (Macintosh; Intel Mac OS X 10_9_2) AppleWebKit/537.36 (KHTML, like Gecko) Chrome/36.0.1944.0 Safari/537.36"
181.3.249.130 - - [14/Oct/2015:13:46:55 ] "GET /CalvinKlein HTTP/1.0" 200 2849 "http://twitter.com" "Mozilla/5.0 (Windows NT 5.1; rv:31.0) Gecko/20100101 Firefox/31.0"
148.12.180.110 - - [14/Oct/2015:13:48:20 ] "GET /Givency HTTP/1.0" 200 2044 "http://facebook.com/" "Mozilla/5.0 (Windows; U; MSIE 9.0; WIndows NT 9.0; en-US))"
181.3.249.130 - - [14/Oct/2015:13:52:29 ] "GET /HugoBoss HTTP/1.0" 200 3828 "http://twitter.com" "Mozilla/5.0 (Windows; U; Windows NT 6.1; rv:2.2) Gecko/20110201"
62.112.34.46 - - [14/Oct/2015:13:57:18 ] "GET /Store/cart.jsp?productID=1487 HTTP/1.0" 200 2178 "http://facebook.com/" "Mozilla/4.0 (compatible; MSIE 7.0; Windows NT 6.0)"
154.14.161.138 - - [14/Oct/2015:13:58:51 ] "GET /Gucci HTTP/1.0" 200 4806 "http://www.google.com" "Mozilla/5.0 (Windows NT 5.1; rv:31.0) Gecko/20100101 Firefox/31.0"
129.205.99.233 - - [14/Oct/2015:14:00:07 ] "GET /YSL HTTP/1.0" 200 2664 "-" "Mozilla/5.0 (Windows; U; MSIE 9.0; WIndows NT 9.0; en-US))"
20.149.200.80 - - [14/Oct/2015:14:04:37 ] "GET /Givency HTTP/1.0" 200 3028 "http://instagram.com" "Mozilla/5.0 (Macintosh; Intel Mac OS X 10_9_2) AppleWebKit/537.36 (KHTML, like Gecko) Chrome/36.0.1944.0 Safari/537.36"
179.203.132.160 - - [14/Oct/2015:14:07:04 ] "GET /YSL HTTP/1.0" 200 4293 "http://facebook.com/" "Mozilla/5.0 (iPad; CPU OS 6_0 like Mac OS X) AppleWebKit/536.26 (KHTML, like Gecko) Version/6.0 Mobile/10A5355d Safari/8536.25"
72.183.126.71 - - [14/Oct/2015:14:09:25 ] "GET /Givency HTTP/1.0" 200 3593 "http://www.google.com" "Mozilla/5.0 (Windows; U; MSIE 9.0; WIndows NT 9.0; en-US))"
179.203.132.160 - - [14/Oct/2015:14:11:31 ] "GET /CalvinKlein HTTP/1.0" 200 2050 "http://facebook.com/" "Mozilla/5.0 (Windows; U; Windows NT 6.1; rv:2.2) Gecko/20110201"
181.3.249.130 - - [14/Oct/2015:14:12:36 ] "GET /Revlon HTTP/1.0" 200 4366 "-" "Mozilla/5.0 (Windows NT 5.1; rv:31.0) Gecko/20100101 Firefox/31.0"
20.149.200.80 - - [14/Oct/2015:14:14:04 ] "GET /YSL HTTP/1.0" 200 2346 "http://twitter.com" "Mozilla/5.0 (iPad; CPU OS 6_0 like Mac OS X) AppleWebKit/536.26 (KHTML, like Gecko) Version/6.0 Mobile/10A5355d Safari/8536.25"
72.183.126.71 - - [14/Oct/2015:14:15:13 ] "GET /Bvlgari HTTP/1.0" 200 3887 "-" "Mozilla/5.0 (Windows; U; MSIE 9.0; WIndows NT 9.0; en-US))"
173.216.153.220 - - [14/Oct/2015:14:18:43 ] "GET /HugoBoss HTTP/1.0" 200 3331 "http://twitter.com" "Mozilla/5.0 (Windows NT 5.1; rv:31.0) Gecko/20100101 Firefox/31.0"
173.216.153.220 - - [14/Oct/2015:14:23:18 ] "GET /Givency HTTP/1.0" 200 4423 "-" "Mozilla/5.0 (Windows; U; MSIE 9.0; WIndows NT 9.0; en-US))"
154.14.161.138 - - [14/Oct/2015:14:24:19 ] "GET /Bvlgari HTTP/1.0" 200 4261 "http://facebook.com/" "Mozilla/5.0 (Windows; U; Windows NT 6.1; rv:2.2) Gecko/20110201"
129.205.99.233 - - [14/Oct/2015:14:24:53 ] "GET /Bvlgari HTTP/1.0" 200 4606 "http://instagram.com" "Mozilla/5.0 (Linux; U; Android 2.3.5; en-us; HTC Vision Build/GRI40) AppleWebKit/533.1 (KHTML, like Gecko) Version/4.0 Mobile Safari/533.1"
137.89.53.3 - - [14/Oct/2015:14:29:32 ] "GET /Chanel HTTP/1.0" 200 3758 "http://www.google.com" "Mozilla/5.0 (Macintosh; Intel Mac OS X 10_9_2) AppleWebKit/537.36 (KHTML, like Gecko) Chrome/36.0.1944.0 Safari/537.36"
179.203.132.160 - - [14/Oct/2015:14:32:06 ] "GET /HugoBoss HTTP/1.0" 200 4650 "-" "Mozilla/4.0 (compatible; MSIE 7.0; Windows NT 6.0)"
129.205.99.233 - - [14/Oct/2015:14:33:27 ] "GET /Bvlgari HTTP/1.0" 200 4377 "-" "Mozilla/5.0 (iPad; CPU OS 6_0 like Mac OS X) AppleWebKit/536.26 (KHTML, like Gecko) Version/6.0 Mobile/10A5355d Safari/8536.25"
137.89.53.3 - - [14/Oct/2015:14:37:31 ] "GET /YSL HTTP/1.0" 200 4900 "http://www.google.com" "Mozilla/5.0 (Windows; U; Windows NT 6.1; rv:2.2) Gecko/20110201"
129.205.99.233 - - [14/Oct/2015:14:38:36 ] "GET /Gucci HTTP/1.0" 200 4312 "http://twitter.com" "Mozilla/5.0 (Windows; U; Windows NT 6.1; rv:2.2) Gecko/20110201"
181.3.249.130 - - [14/Oct/2015:14:41:49 ] "GET /Givency HTTP/1.0" 200 2514 "http://twitter.com" "Mozilla/5.0 (Linux; U; Android 2.3.5; en-us; HTC Vision Build/GRI40) AppleWebKit/533.1 (KHTML, like Gecko) Version/4.0 Mobile Safari/533.1"
181.3.249.130 - - [14/Oct/2015:14:46:10 ] "GET /Prada HTTP/1.0" 200 3396 "-" "Mozilla/5.0 (Windows NT 5.1; rv:31.0) Gecko/20100101 Firefox/31.0"
179.203.132.160 - - [14/Oct/2015:14:49:50 ] "GET /Revlon HTTP/1.0" 200 2536 "http://facebook.com/" "Mozilla/5.0 (Windows; U; MSIE 9.0; WIndows NT 9.0; en-US))"
173.216.153.220 - - [14/Oct/2015:14:53:57 ] "GET /Gucci HTTP/1.0" 200 3886 "http://twitter.com" "Mozilla/5.0 (Linux; U; Android 2.3.5; en-us; HTC Vision Build/GRI40) AppleWebKit/533.1 (KHTML, like Gecko) Version/4.0 Mobile Safari/533.1"
137.89.53.3 - - [14/Oct/2015:14:57:46 ] "GET /YSL HTTP/1.0" 200 2336 "-" "Mozilla/5.0 (Linux; U; Android 2.3.5; en-us; HTC Vision Build/GRI40) AppleWebKit/533.1 (KHTML, like Gecko) Version/4.0 Mobile Safari/533.1"
148.12.180.110 - - [14/Oct/2015:15:02:17 ] "GET /YSL HTTP/1.0" 200 3315 "http://twitter.com" "Mozilla/4.0 (compatible; MSIE 7.0; Windows NT 6.0)"
62.112.34.46 - - [14/Oct/2015:15:02:59 ] "GET /Dior HTTP/1.0" 200 2319 "http://www.google.com" "Mozilla/5.0 (Linux; U; Android 2.3.5; en-us; HTC Vision Build/GRI40) AppleWebKit/533.1 (KHTML, like Gecko) Version/4.0 Mobile Safari/533.1"
181.3.249.130 - - [14/Oct/2015:15:07:22 ] "GET /Prada HTTP/1.0" 200 4981 "http://instagram.com" "Mozilla/5.0 (iPad; CPU OS 6_0 like Mac OS X) AppleWebKit/536.26 (KHTML, like Gecko) Version/6.0 Mobile/10A5355d Safari/8536.25"
62.112.34.46 - - [14/Oct/2015:15:11:30 ] "GET /Store/cart.jsp?productID=1112 HTTP/1.0" 200 4844 "http://facebook.com/" "Mozilla/5.0 (iPad; CPU OS 6_0 like Mac OS X) AppleWebKit/536.26 (KHTML, like Gecko) Version/6.0 Mobile/10A5355d Safari/8536.25"
129.205.99.233 - - [14/Oct/2015:15:14:17 ] "GET /YSL HTTP/1.0" 200 3121 "http://twitter.com" "Mozilla/5.0 (Linux; U; Android 2.3.5; en-us; HTC Vision Build/GRI40) AppleWebKit/533.1 (KHTML, like Gecko) Version/4.0 Mobile Safari/533.1"
62.112.34.46 - - [14/Oct/2015:15:16:40 ] "GET /Bvlgari HTTP/1.0" 200 3184 "http://twitter.com" "Mozilla/5.0 (Windows; U; Windows NT 6.1; rv:2.2) Gecko/20110201"
20.149.200.80 - - [14/Oct/2015:15:18:28 ] "GET /Gucci HTTP/1.0" 200 2349 "http://instagram.com" "Mozilla/5.0 (Windows NT 5.1; rv:31.0) Gecko/20100101 Firefox/31.0"
181.3.249.130 - - [14/Oct/2015:15:22:08 ] "GET /Dior HTTP/1.0" 200 3545 "http://www.google.com" "Mozilla/5.0 (Windows; U; MSIE 9.0; WIndows NT 9.0; en-US))"
179.203.132.160 - - [14/Oct/2015:15:24:47 ] "GET /Store/cart.jsp?productID=1317 HTTP/1.0" 200 2219 "http://instagram.com" "Mozilla/5.0 (Windows; U; Windows NT 6.1; rv:2.2) Gecko/20110201"
148.12.180.110 - - [14/Oct/2015:15:27:17 ] "GET /YSL HTTP/1.0" 200 3772 "-" "Mozilla/5.0 (iPad; CPU OS 6_0 like Mac OS X) AppleWebKit/536.26 (KHTML, like Gecko) Version/6.0 Mobile/10A5355d Safari/8536.25"
20.149.200.80 - - [14/Oct/2015:15:28:25 ] "GET /Chanel HTTP/1.0" 200 3147 "-" "Mozilla/5.0 (Windows NT 5.1; rv:31.0) Gecko/20100101 Firefox/31.0"
72.183.126.71 - - [14/Oct/2015:15:30:03 ] "GET /Revlon HTTP/1.0" 200 4399 "http://facebook.com/" "Mozilla/5.0 (iPad; CPU OS 6_0 like Mac OS X) AppleWebKit/536.26 (KHTML, like Gecko) Version/6.0 Mobile/10A5355d Safari/8536.25"
154.14.161.138 - - [14/Oct/2015:15:33:15 ] "GET /Prada HTTP/1.0" 200 2993 "http://facebook.com/" "Mozilla/5.0 (Linux; U; Android 2.3.5; en-us; HTC Vision Build/GRI40) AppleWebKit/533.1 (KHTML, like Gecko) Version/4.0 Mobile Safari/533.1"
154.14.161.138 - - [14/Oct/2015:15:35:26 ] "GET /Gucci HTTP/1.0" 200 4441 "http://facebook.com/" "Mozilla/5.0 (Linux; U; Android 2.3.5; en-us; HTC Vision Build/GRI40) AppleWebKit/533.1 (KHTML, like Gecko) Version/4.0 Mobile Safari/533.1"
181.3.249.130 - - [14/Oct/2015:15:39:54 ] "GET /CalvinKlein HTTP/1.0" 200 3430 "http://www.google.com" "Mozilla/5.0 (Macintosh; Intel Mac OS X 10_9_2) AppleWebKit/537.36 (KHTML, like Gecko) Chrome/36.0.1944.0 Safari/537.36"
137.89.53.3 - - [14/Oct/2015:15:44:08 ] "GET /HugoBoss HTTP/1.0" 200 2138 "http://instagram.com" "Mozilla/5.0 (Windows; U; MSIE 9.0; WIndows NT 9.0; en-US))"
154.14.161.138 - - [14/Oct/2015:15:45:23 ] "GET /Store/cart.jsp?productID=1188 HTTP/1.0" 200 4649 "http://instagram.com" "Mozilla/5.0 (Linux; U; Android 2.3.5; en-us; HTC Vision Build/GRI40) AppleWebKit/533.1 (KHTML, like Gecko) Version/4.0 Mobile Safari/533.1"
62.112.34.46 - - [14/Oct/2015:15:46:57 ] "GET /Givency HTTP/1.0" 200 4593 "http://twitter.com" "Mozilla/4.0 (compatible; MSIE 7.0; Windows NT 6.0)"
129.205.99.233 - - [14/Oct/2015:15:51:57 ] "GET /Gucci HTTP/1.0" 200 3040 "http://twitter.com" "Mozilla/5.0 (iPad; CPU OS 6_0 like Mac OS X) AppleWebKit/536.26 (KHTML, like Gecko) Version/6.0 Mobile/10A5355d Safari/8536.25"
179.203.132.160 - - [14/Oct/2015:15:56:46 ] "GET /CalvinKlein HTTP/1.0" 200 2804 "http://www.google.com" "Mozilla/5.0 (iPad; CPU OS 6_0 like Mac OS X) AppleWebKit/536.26 (KHTML, like Gecko) Version/6.0 Mobile/10A5355d Safari/8536.25"
179.203.132.160 - - [14/Oct/2015:16:00:31 ] "GET /Prada HTTP/1.0" 200 3142 "http://www.google.com" "Mozilla/5.0 (Windows; U; MSIE 9.0; WIndows NT 9.0; en-US))"
20.149.200.80 - - [14/Oct/2015:16:05:20 ] "GET /CalvinKlein HTTP/1.0" 200 3470 "http://instagram.com" "Mozilla/5.0 (Windows NT 5.1; rv:31.0) Gecko/20100101 Firefox/31.0"
72.183.126.71 - - [14/Oct/2015:16:05:52 ] "GET /Bvlgari HTTP/1.0" 200 4851 "http://www.google.com" "Mozilla/5.0 (iPad; CPU OS 6_0 like Mac OS X) AppleWebKit/536.26 (KHTML, like Gecko) Version/6.0 Mobile/10A5355d Safari/8536.25"
148.12.180.110 - - [14/Oct/2015:16:08:24 ] "GET /Prada HTTP/1.0" 200 3992 "http://twitter.com" "Mozilla/5.0 (Windows; U; MSIE 9.0; WIndows NT 9.0; en-US))"
72.183.126.71 - - [14/Oct/2015:16:10:39 ] "GET /Chanel HTTP/1.0" 200 3952 "http://instagram.com" "Mozilla/5.0 (Windows; U; Windows NT 6.1; rv:2.2) Gecko/20110201"
181.3.249.130 - - [14/Oct/2015:16:11:19 ] "GET /Store/cart.jsp?productID=1006 HTTP/1.0" 200 3427 "-" "Mozilla/4.0 (compatible; MSIE 7.0; Windows NT 6.0)"
72.183.126.71 - - [14/Oct/2015:16:16:13 ] "GET /Store/cart.jsp?productID=1197 HTTP/1.0" 200 3724 "http://facebook.com/" "Mozilla/4.0 (compatible; MSIE 7.0; Windows NT 6.0)"
72.183.126.71 - - [14/Oct/2015:16:20:39 ] "GET /Revlon HTTP/1.0" 200 3264 "-" "Mozilla/5.0 (Macintosh; Intel Mac OS X 10_9_2) AppleWebKit/537.36 (KHTML, like Gecko) Chrome/36.0.1944.0 Safari/537.36"
20.149.200.80 - - [14/Oct/2015:16:22:54 ] "GET /Dior HTTP/1.0" 200 2611 "http://twitter.com" "Mozilla/5.0 (iPad; CPU OS 6_0 like Mac OS X) AppleWebKit/536.26 (KHTML, like Gecko) Version/6.0 Mobile/10A5355d Safari/8536.25"
181.3.249.130 - - [14/Oct/2015:16:23:42 ] "GET /Chanel HTTP/1.0" 200 3762 "http://facebook.com/" "Mozilla/4.0 (compatible; MSIE 7.0; Windows NT 6.0)"
20.149.200.80 - - [14/Oct/2015:16:26:03 ] "GET /Gucci HTTP/1.0" 200 2836 "http://www.google.com" "Mozilla/5.0 (iPad; CPU OS 6_0 like Mac OS X) AppleWebKit/536.26 (KHTML, like Gecko) Version/6.0 Mobile/10A5355d Safari/8536.25"
62.112.34.46 - - [14/Oct/2015:16:30:34 ] "GET /Revlon HTTP/1.0" 200 3251 "http://instagram.com" "Mozilla/5.0 (Macintosh; Intel Mac OS X 10_9_2) AppleWebKit/537.36 (KHTML, like Gecko) Chrome/36.0.1944.0 Safari/537.36"
181.3.249.130 - - [14/Oct/2015:16:33:53 ] "GET /Store/cart.jsp?productID=1327 HTTP/1.0" 200 2881 "http://twitter.com" "Mozilla/5.0 (Windows; U; MSIE 9.0; WIndows NT 9.0; en-US))"
137.89.53.3 - - [14/Oct/2015:16:35:25 ] "GET /Bvlgari HTTP/1.0" 200 4623 "http://twitter.com" "Mozilla/5.0 (Linux; U; Android 2.3.5; en-us; HTC Vision Build/GRI40) AppleWebKit/533.1 (KHTML, like Gecko) Version/4.0 Mobile Safari/533.1"
173.216.153.220 - - [14/Oct/2015:16:38:31 ] "GET /Revlon HTTP/1.0" 200 3574 "http://twitter.com" "Mozilla/5.0 (Windows NT 5.1; rv:31.0) Gecko/20100101 Firefox/31.0"
179.203.132.160 - - [14/Oct/2015:16:40:01 ] "GET /Revlon HTTP/1.0" 200 2460 "-" "Mozilla/5.0 (Macintosh; Intel Mac OS X 10_9_2) AppleWebKit/537.36 (KHTML, like Gecko) Chrome/36.0.1944.0 Safari/537.36"
181.3.249.130 - - [14/Oct/2015:16:40:33 ] "GET /Store/cart.jsp?productID=1279 HTTP/1.0" 200 4591 "http://www.google.com" "Mozilla/5.0 (Windows NT 5.1; rv:31.0) Gecko/20100101 Firefox/31.0"
148.12.180.110 - - [14/Oct/2015:16:41:53 ] "GET /CalvinKlein HTTP/1.0" 200 4416 "http://www.google.com" "Mozilla/5.0 (iPad; CPU OS 6_0 like Mac OS X) AppleWebKit/536.26 (KHTML, like Gecko) Version/6.0 Mobile/10A5355d Safari/8536.25"
62.112.34.46 - - [14/Oct/2015:16:43:04 ] "GET /Gucci HTTP/1.0" 200 4821 "-" "Mozilla/5.0 (Windows; U; MSIE 9.0; WIndows NT 9.0; en-US))"
179.203.132.160 - - [14/Oct/2015:16:45:03 ] "GET /YSL HTTP/1.0" 200 4842 "-" "Mozilla/5.0 (Linux; U; Android 2.3.5; en-us; HTC Vision Build/GRI40) AppleWebKit/533.1 (KHTML, like Gecko) Version/4.0 Mobile Safari/533.1"
179.203.132.160 - - [14/Oct/2015:16:46:54 ] "GET /HugoBoss HTTP/1.0" 200 4049 "http://www.google.com" "Mozilla/5.0 (Windows; U; Windows NT 6.1; rv:2.2) Gecko/20110201"
179.203.132.160 - - [14/Oct/2015:16:48:06 ] "GET /Givency HTTP/1.0" 200 2213 "http://facebook.com/" "Mozilla/5.0 (Windows; U; Windows NT 6.1; rv:2.2) Gecko/20110201"
181.3.249.130 - - [14/Oct/2015:16:50:16 ] "GET /Bvlgari HTTP/1.0" 200 3011 "http://facebook.com/" "Mozilla/5.0 (iPad; CPU OS 6_0 like Mac OS X) AppleWebKit/536.26 (KHTML, like Gecko) Version/6.0 Mobile/10A5355d Safari/8536.25"
20.149.200.80 - - [14/Oct/2015:16:51:00 ] "GET /YSL HTTP/1.0" 200 2162 "http://twitter.com" "Mozilla/5.0 (Windows; U; Windows NT 6.1; rv:2.2) Gecko/20110201"
72.183.126.71 - - [14/Oct/2015:16:51:57 ] "GET /Gucci HTTP/1.0" 200 3315 "http://facebook.com/" "Mozilla/5.0 (Windows; U; Windows NT 6.1; rv:2.2) Gecko/20110201"
179.203.132.160 - - [14/Oct/2015:16:54:33 ] "GET /CalvinKlein HTTP/1.0" 200 2433 "http://twitter.com" "Mozilla/5.0 (Linux; U; Android 2.3.5; en-us; HTC Vision Build/GRI40) AppleWebKit/533.1 (KHTML, like Gecko) Version/4.0 Mobile Safari/533.1"
72.183.126.71 - - [14/Oct/2015:16:59:22 ] "GET /Gucci HTTP/1.0" 200 2852 "-" "Mozilla/5.0 (Windows NT 5.1; rv:31.0) Gecko/20100101 Firefox/31.0"
72.183.126.71 - - [14/Oct/2015:17:01:48 ] "GET /Dior HTTP/1.0" 200 2623 "http://www.google.com" "Mozilla/5.0 (Windows NT 5.1; rv:31.0) Gecko/20100101 Firefox/31.0"
62.112.34.46 - - [14/Oct/2015:17:06:30 ] "GET /Gucci HTTP/1.0" 200 2395 "http://twitter.com" "Mozilla/5.0 (Windows; U; Windows NT 6.1; rv:2.2) Gecko/20110201"
20.149.200.80 - - [14/Oct/2015:17:10:24 ] "GET /Prada HTTP/1.0" 200 3688 "-" "Mozilla/5.0 (Windows NT 5.1; rv:31.0) Gecko/20100101 Firefox/31.0"
148.12.180.110 - - [14/Oct/2015:17:13:42 ] "GET /Bvlgari HTTP/1.0" 200 3401 "http://twitter.com" "Mozilla/4.0 (compatible; MSIE 7.0; Windows NT 6.0)"
62.112.34.46 - - [14/Oct/2015:17:17:56 ] "GET /Store/cart.jsp?productID=1175 HTTP/1.0" 200 2526 "-" "Mozilla/5.0 (iPad; CPU OS 6_0 like Mac OS X) AppleWebKit/536.26 (KHTML, like Gecko) Version/6.0 Mobile/10A5355d Safari/8536.25"
148.12.180.110 - - [14/Oct/2015:17:22:03 ] "GET /Chanel HTTP/1.0" 200 4974 "http://facebook.com/" "Mozilla/5.0 (iPad; CPU OS 6_0 like Mac OS X) AppleWebKit/536.26 (KHTML, like Gecko) Version/6.0 Mobile/10A5355d Safari/8536.25"
129.205.99.233 - - [14/Oct/2015:17:25:43 ] "GET /Gucci HTTP/1.0" 200 2538 "http://www.google.com" "Mozilla/4.0 (compatible; MSIE 7.0; Windows NT 6.0)"
179.203.132.160 - - [14/Oct/2015:17:29:05 ] "GET /Givency HTTP/1.0" 200 4613 "http://www.google.com" "Mozilla/5.0 (iPad; CPU OS 6_0 like Mac OS X) AppleWebKit/536.26 (KHTML, like Gecko) Version/6.0 Mobile/10A5355d Safari/8536.25"
179.203.132.160 - - [14/Oct/2015:17:33:01 ] "GET /Chanel HTTP/1.0" 200 3358 "http://twitter.com" "Mozilla/5.0 (Windows; U; Windows NT 6.1; rv:2.2) Gecko/20110201"
62.112.34.46 - - [14/Oct/2015:17:37:24 ] "GET /Revlon HTTP/1.0" 200 3494 "http://instagram.com" "Mozilla/5.0 (Windows; U; Windows NT 6.1; rv:2.2) Gecko/20110201"
181.3.249.130 - - [14/Oct/2015:17:41:14 ] "GET /Chanel HTTP/1.0" 200 2796 "http://instagram.com" "Mozilla/5.0 (Windows; U; MSIE 9.0; WIndows NT 9.0; en-US))"
72.183.126.71 - - [14/Oct/2015:17:45:34 ] "GET /Bvlgari HTTP/1.0" 200 2821 "-" "Mozilla/5.0 (Macintosh; Intel Mac OS X 10_9_2) AppleWebKit/537.36 (KHTML, like Gecko) Chrome/36.0.1944.0 Safari/537.36"
129.205.99.233 - - [14/Oct/2015:17:47:38 ] "GET /Store/cart.jsp?productID=1055 HTTP/1.0" 200 3864 "http://facebook.com/" "Mozilla/5.0 (Linux; U; Android 2.3.5; en-us; HTC Vision Build/GRI40) AppleWebKit/533.1 (KHTML, like Gecko) Version/4.0 Mobile Safari/533.1"
72.183.126.71 - - [14/Oct/2015:17:49:55 ] "GET /Prada HTTP/1.0" 200 3572 "http://instagram.com" "Mozilla/5.0 (iPad; CPU OS 6_0 like Mac OS X) AppleWebKit/536.26 (KHTML, like Gecko) Version/6.0 Mobile/10A5355d Safari/8536.25"
62.112.34.46 - - [14/Oct/2015:17:51:37 ] "GET /Givency HTTP/1.0" 200 4309 "-" "Mozilla/5.0 (Windows; U; Windows NT 6.1; rv:2.2) Gecko/20110201"
72.183.126.71 - - [14/Oct/2015:17:55:45 ] "GET /Revlon HTTP/1.0" 200 4964 "-" "Mozilla/5.0 (Linux; U; Android 2.3.5; en-us; HTC Vision Build/GRI40) AppleWebKit/533.1 (KHTML, like Gecko) Version/4.0 Mobile Safari/533.1"
181.3.249.130 - - [14/Oct/2015:18:00:30 ] "GET /Gucci HTTP/1.0" 200 3066 "http://facebook.com/" "Mozilla/5.0 (Macintosh; Intel Mac OS X 10_9_2) AppleWebKit/537.36 (KHTML, like Gecko) Chrome/36.0.1944.0 Safari/537.36"
72.183.126.71 - - [14/Oct/2015:18:01:07 ] "GET /Chanel HTTP/1.0" 200 2184 "http://twitter.com" "Mozilla/4.0 (compatible; MSIE 7.0; Windows NT 6.0)"
137.89.53.3 - - [14/Oct/2015:18:04:41 ] "GET /Chanel HTTP/1.0" 200 3486 "http://facebook.com/" "Mozilla/5.0 (Windows NT 5.1; rv:31.0) Gecko/20100101 Firefox/31.0"
137.89.53.3 - - [14/Oct/2015:18:09:31 ] "GET /Store/cart.jsp?productID=1163 HTTP/1.0" 200 2677 "http://twitter.com" "Mozilla/5.0 (Windows NT 5.1; rv:31.0) Gecko/20100101 Firefox/31.0"
20.149.200.80 - - [14/Oct/2015:18:10:15 ] "GET /Dior HTTP/1.0" 200 3970 "http://www.google.com" "Mozilla/5.0 (Windows NT 5.1; rv:31.0) Gecko/20100101 Firefox/31.0"
62.112.34.46 - - [14/Oct/2015:18:14:39 ] "GET /Dior HTTP/1.0" 200 3814 "http://www.google.com" "Mozilla/5.0 (Linux; U; Android 2.3.5; en-us; HTC Vision Build/GRI40) AppleWebKit/533.1 (KHTML, like Gecko) Version/4.0 Mobile Safari/533.1"
154.14.161.138 - - [14/Oct/2015:18:19:07 ] "GET /CalvinKlein HTTP/1.0" 200 4503 "-" "Mozilla/4.0 (compatible; MSIE 7.0; Windows NT 6.0)"
148.12.180.110 - - [14/Oct/2015:18:22:41 ] "GET /Chanel HTTP/1.0" 200 3567 "http://twitter.com" "Mozilla/4.0 (compatible; MSIE 7.0; Windows NT 6.0)"
154.14.161.138 - - [14/Oct/2015:18:25:44 ] "GET /Givency HTTP/1.0" 200 2663 "http://instagram.com" "Mozilla/5.0 (Windows; U; Windows NT 6.1; rv:2.2) Gecko/20110201"
62.112.34.46 - - [14/Oct/2015:18:26:44 ] "GET /YSL HTTP/1.0" 200 3938 "-" "Mozilla/5.0 (Windows NT 5.1; rv:31.0) Gecko/20100101 Firefox/31.0"
72.183.126.71 - - [14/Oct/2015:18:28:41 ] "GET /Store/cart.jsp?productID=1187 HTTP/1.0" 200 4769 "http://instagram.com" "Mozilla/5.0 (Windows; U; MSIE 9.0; WIndows NT 9.0; en-US))"
62.112.34.46 - - [14/Oct/2015:18:33:34 ] "GET /Gucci HTTP/1.0" 200 3279 "-" "Mozilla/5.0 (Macintosh; Intel Mac OS X 10_9_2) AppleWebKit/537.36 (KHTML, like Gecko) Chrome/36.0.1944.0 Safari/537.36"
173.216.153.220 - - [14/Oct/2015:18:38:05 ] "GET /Chanel HTTP/1.0" 200 2955 "http://facebook.com/" "Mozilla/5.0 (Windows; U; Windows NT 6.1; rv:2.2) Gecko/20110201"
129.205.99.233 - - [14/Oct/2015:18:40:16 ] "GET /Store/cart.jsp?productID=1000 HTTP/1.0" 200 3579 "http://twitter.com" "Mozilla/5.0 (iPad; CPU OS 6_0 like Mac OS X) AppleWebKit/536.26 (KHTML, like Gecko) Version/6.0 Mobile/10A5355d Safari/8536.25"
154.14.161.138 - - [14/Oct/2015:18:44:49 ] "GET /Givency HTTP/1.0" 200 3609 "http://twitter.com" "Mozilla/5.0 (Windows; U; Windows NT 6.1; rv:2.2) Gecko/20110201"
72.183.126.71 - - [14/Oct/2015:18:48:50 ] "GET /Chanel HTTP/1.0" 200 4791 "http://twitter.com" "Mozilla/5.0 (Linux; U; Android 2.3.5; en-us; HTC Vision Build/GRI40) AppleWebKit/533.1 (KHTML, like Gecko) Version/4.0 Mobile Safari/533.1"
181.3.249.130 - - [14/Oct/2015:18:49:42 ] "GET /Chanel HTTP/1.0" 200 2753 "-" "Mozilla/5.0 (Windows NT 5.1; rv:31.0) Gecko/20100101 Firefox/31.0"
129.205.99.233 - - [14/Oct/2015:18:53:42 ] "GET /Chanel HTTP/1.0" 200 3939 "-" "Mozilla/5.0 (Windows; U; Windows NT 6.1; rv:2.2) Gecko/20110201"
129.205.99.233 - - [14/Oct/2015:18:54:38 ] "GET /Bvlgari HTTP/1.0" 200 3360 "http://twitter.com" "Mozilla/4.0 (compatible; MSIE 7.0; Windows NT 6.0)"
148.12.180.110 - - [14/Oct/2015:18:59:00 ] "GET /Bvlgari HTTP/1.0" 200 3281 "-" "Mozilla/5.0 (Windows; U; MSIE 9.0; WIndows NT 9.0; en-US))"
173.216.153.220 - - [14/Oct/2015:19:03:38 ] "GET /YSL HTTP/1.0" 200 2802 "http://twitter.com" "Mozilla/5.0 (Windows NT 5.1; rv:31.0) Gecko/20100101 Firefox/31.0"
179.203.132.160 - - [14/Oct/2015:19:07:13 ] "GET /Revlon HTTP/1.0" 200 3289 "http://facebook.com/" "Mozilla/5.0 (Macintosh; Intel Mac OS X 10_9_2) AppleWebKit/537.36 (KHTML, like Gecko) Chrome/36.0.1944.0 Safari/537.36"
137.89.53.3 - - [14/Oct/2015:19:08:30 ] "GET /Prada HTTP/1.0" 200 4143 "http://www.google.com" "Mozilla/5.0 (Macintosh; Intel Mac OS X 10_9_2) AppleWebKit/537.36 (KHTML, like Gecko) Chrome/36.0.1944.0 Safari/537.36"
179.203.132.160 - - [14/Oct/2015:19:12:39 ] "GET /Chanel HTTP/1.0" 200 4031 "http://www.google.com" "Mozilla/5.0 (Linux; U; Android 2.3.5; en-us; HTC Vision Build/GRI40) AppleWebKit/533.1 (KHTML, like Gecko) Version/4.0 Mobile Safari/533.1"
129.205.99.233 - - [14/Oct/2015:19:15:20 ] "GET /Gucci HTTP/1.0" 200 3061 "http://instagram.com" "Mozilla/5.0 (Windows NT 5.1; rv:31.0) Gecko/20100101 Firefox/31.0"
72.183.126.71 - - [14/Oct/2015:19:17:50 ] "GET /CalvinKlein HTTP/1.0" 200 3178 "http://instagram.com" "Mozilla/4.0 (compatible; MSIE 7.0; Windows NT 6.0)"
173.216.153.220 - - [14/Oct/2015:19:18:42 ] "GET /Chanel HTTP/1.0" 200 4806 "http://twitter.com" "Mozilla/5.0 (Windows; U; Windows NT 6.1; rv:2.2) Gecko/20110201"
154.14.161.138 - - [14/Oct/2015:19:20:30 ] "GET /Gucci HTTP/1.0" 200 4981 "http://instagram.com" "Mozilla/5.0 (Linux; U; Android 2.3.5; en-us; HTC Vision Build/GRI40) AppleWebKit/533.1 (KHTML, like Gecko) Version/4.0 Mobile Safari/533.1"
154.14.161.138 - - [14/Oct/2015:19:21:12 ] "GET /HugoBoss HTTP/1.0" 200 3066 "http://www.google.com" "Mozilla/5.0 (Linux; U; Android 2.3.5; en-us; HTC Vision Build/GRI40) AppleWebKit/533.1 (KHTML, like Gecko) Version/4.0 Mobile Safari/533.1"
137.89.53.3 - - [14/Oct/2015:19:22:35 ] "GET /Prada HTTP/1.0" 200 4757 "http://facebook.com/" "Mozilla/4.0 (compatible; MSIE 7.0; Windows NT 6.0)"
154.14.161.138 - - [14/Oct/2015:19:26:01 ] "GET /Revlon HTTP/1.0" 200 3778 "-" "Mozilla/5.0 (iPad; CPU OS 6_0 like Mac OS X) AppleWebKit/536.26 (KHTML, like Gecko) Version/6.0 Mobile/10A5355d Safari/8536.25"
179.203.132.160 - - [14/Oct/2015:19:28:30 ] "GET /HugoBoss HTTP/1.0" 200 2763 "http://facebook.com/" "Mozilla/5.0 (Windows; U; MSIE 9.0; WIndows NT 9.0; en-US))"
179.203.132.160 - - [14/Oct/2015:19:31:29 ] "GET /Gucci HTTP/1.0" 200 4314 "-" "Mozilla/5.0 (Macintosh; Intel Mac OS X 10_9_2) AppleWebKit/537.36 (KHTML, like Gecko) Chrome/36.0.1944.0 Safari/537.36"
148.12.180.110 - - [14/Oct/2015:19:34:00 ] "GET /CalvinKlein HTTP/1.0" 200 3614 "http://www.google.com" "Mozilla/5.0 (Windows NT 5.1; rv:31.0) Gecko/20100101 Firefox/31.0"
154.14.161.138 - - [14/Oct/2015:19:36:41 ] "GET /Bvlgari HTTP/1.0" 200 2922 "-" "Mozilla/5.0 (Linux; U; Android 2.3.5; en-us; HTC Vision Build/GRI40) AppleWebKit/533.1 (KHTML, like Gecko) Version/4.0 Mobile Safari/533.1"
181.3.249.130 - - [14/Oct/2015:19:37:30 ] "GET /Gucci HTTP/1.0" 200 4877 "http://instagram.com" "Mozilla/5.0 (Windows; U; MSIE 9.0; WIndows NT 9.0; en-US))"
20.149.200.80 - - [14/Oct/2015:19:38:53 ] "GET /YSL HTTP/1.0" 200 4254 "-" "Mozilla/5.0 (Windows; U; MSIE 9.0; WIndows NT 9.0; en-US))"
179.203.132.160 - - [14/Oct/2015:19:42:30 ] "GET /Gucci HTTP/1.0" 200 3380 "http://www.google.com" "Mozilla/4.0 (compatible; MSIE 7.0; Windows NT 6.0)"
148.12.180.110 - - [14/Oct/2015:19:43:49 ] "GET /Gucci HTTP/1.0" 200 2912 "-" "Mozilla/5.0 (Macintosh; Intel Mac OS X 10_9_2) AppleWebKit/537.36 (KHTML, like Gecko) Chrome/36.0.1944.0 Safari/537.36"
181.3.249.130 - - [14/Oct/2015:19:47:59 ] "GET /Bvlgari HTTP/1.0" 200 4026 "http://facebook.com/" "Mozilla/5.0 (Macintosh; Intel Mac OS X 10_9_2) AppleWebKit/537.36 (KHTML, like Gecko) Chrome/36.0.1944.0 Safari/537.36"
179.203.132.160 - - [14/Oct/2015:19:52:15 ] "GET /Revlon HTTP/1.0" 200 4317 "-" "Mozilla/5.0 (Windows; U; Windows NT 6.1; rv:2.2) Gecko/20110201"
72.183.126.71 - - [14/Oct/2015:19:53:28 ] "GET /Prada HTTP/1.0" 200 3983 "http://twitter.com" "Mozilla/5.0 (Windows; U; MSIE 9.0; WIndows NT 9.0; en-US))"
154.14.161.138 - - [14/Oct/2015:19:58:18 ] "GET /Bvlgari HTTP/1.0" 200 4004 "http://www.google.com" "Mozilla/5.0 (Linux; U; Android 2.3.5; en-us; HTC Vision Build/GRI40) AppleWebKit/533.1 (KHTML, like Gecko) Version/4.0 Mobile Safari/533.1"
179.203.132.160 - - [14/Oct/2015:20:02:19 ] "GET /Dior HTTP/1.0" 200 4213 "http://facebook.com/" "Mozilla/5.0 (Linux; U; Android 2.3.5; en-us; HTC Vision Build/GRI40) AppleWebKit/533.1 (KHTML, like Gecko) Version/4.0 Mobile Safari/533.1"
154.14.161.138 - - [14/Oct/2015:20:05:42 ] "GET /Prada HTTP/1.0" 200 2304 "-" "Mozilla/5.0 (Linux; U; Android 2.3.5; en-us; HTC Vision Build/GRI40) AppleWebKit/533.1 (KHTML, like Gecko) Version/4.0 Mobile Safari/533.1"
72.183.126.71 - - [14/Oct/2015:20:10:41 ] "GET /Chanel HTTP/1.0" 200 3733 "http://instagram.com" "Mozilla/5.0 (Linux; U; Android 2.3.5; en-us; HTC Vision Build/GRI40) AppleWebKit/533.1 (KHTML, like Gecko) Version/4.0 Mobile Safari/533.1"
179.203.132.160 - - [14/Oct/2015:20:13:56 ] "GET /Store/cart.jsp?productID=1337 HTTP/1.0" 200 3672 "http://instagram.com" "Mozilla/5.0 (Linux; U; Android 2.3.5; en-us; HTC Vision Build/GRI40) AppleWebKit/533.1 (KHTML, like Gecko) Version/4.0 Mobile Safari/533.1"
72.183.126.71 - - [14/Oct/2015:20:16:06 ] "GET /Bvlgari HTTP/1.0" 200 2575 "http://instagram.com" "Mozilla/5.0 (Windows NT 5.1; rv:31.0) Gecko/20100101 Firefox/31.0"
154.14.161.138 - - [14/Oct/2015:20:20:41 ] "GET /Store/cart.jsp?productID=1464 HTTP/1.0" 200 2880 "http://www.google.com" "Mozilla/5.0 (Windows NT 5.1; rv:31.0) Gecko/20100101 Firefox/31.0"
137.89.53.3 - - [14/Oct/2015:20:24:43 ] "GET /Revlon HTTP/1.0" 200 4229 "http://facebook.com/" "Mozilla/5.0 (Macintosh; Intel Mac OS X 10_9_2) AppleWebKit/537.36 (KHTML, like Gecko) Chrome/36.0.1944.0 Safari/537.36"
137.89.53.3 - - [14/Oct/2015:20:26:51 ] "GET /Dior HTTP/1.0" 200 3260 "http://www.google.com" "Mozilla/5.0 (iPad; CPU OS 6_0 like Mac OS X) AppleWebKit/536.26 (KHTML, like Gecko) Version/6.0 Mobile/10A5355d Safari/8536.25"
129.205.99.233 - - [14/Oct/2015:20:29:40 ] "GET /Givency HTTP/1.0" 200 4270 "http://facebook.com/" "Mozilla/5.0 (Windows; U; MSIE 9.0; WIndows NT 9.0; en-US))"
179.203.132.160 - - [14/Oct/2015:20:31:37 ] "GET /CalvinKlein HTTP/1.0" 200 4725 "http://www.google.com" "Mozilla/5.0 (Macintosh; Intel Mac OS X 10_9_2) AppleWebKit/537.36 (KHTML, like Gecko) Chrome/36.0.1944.0 Safari/537.36"
173.216.153.220 - - [14/Oct/2015:20:35:23 ] "GET /Dior HTTP/1.0" 200 4497 "-" "Mozilla/5.0 (Windows; U; MSIE 9.0; WIndows NT 9.0; en-US))"
20.149.200.80 - - [14/Oct/2015:20:36:27 ] "GET /Dior HTTP/1.0" 200 4800 "http://twitter.com" "Mozilla/5.0 (Linux; U; Android 2.3.5; en-us; HTC Vision Build/GRI40) AppleWebKit/533.1 (KHTML, like Gecko) Version/4.0 Mobile Safari/533.1"
137.89.53.3 - - [14/Oct/2015:20:40:33 ] "GET /YSL HTTP/1.0" 200 3328 "http://facebook.com/" "Mozilla/5.0 (Windows NT 5.1; rv:31.0) Gecko/20100101 Firefox/31.0"
148.12.180.110 - - [14/Oct/2015:20:42:49 ] "GET /Chanel HTTP/1.0" 200 2644 "http://facebook.com/" "Mozilla/4.0 (compatible; MSIE 7.0; Windows NT 6.0)"
179.203.132.160 - - [14/Oct/2015:20:47:20 ] "GET /Gucci HTTP/1.0" 200 4925 "-" "Mozilla/5.0 (Linux; U; Android 2.3.5; en-us; HTC Vision Build/GRI40) AppleWebKit/533.1 (KHTML, like Gecko) Version/4.0 Mobile Safari/533.1"
154.14.161.138 - - [14/Oct/2015:20:49:41 ] "GET /Givency HTTP/1.0" 200 4394 "-" "Mozilla/5.0 (Windows; U; Windows NT 6.1; rv:2.2) Gecko/20110201"
179.203.132.160 - - [14/Oct/2015:20:51:52 ] "GET /CalvinKlein HTTP/1.0" 200 4773 "http://facebook.com/" "Mozilla/5.0 (Windows; U; MSIE 9.0; WIndows NT 9.0; en-US))"
137.89.53.3 - - [14/Oct/2015:20:53:04 ] "GET /Gucci HTTP/1.0" 200 2218 "-" "Mozilla/4.0 (compatible; MSIE 7.0; Windows NT 6.0)"
179.203.132.160 - - [14/Oct/2015:20:57:42 ] "GET /Revlon HTTP/1.0" 200 4425 "http://instagram.com" "Mozilla/5.0 (Windows NT 5.1; rv:31.0) Gecko/20100101 Firefox/31.0"
20.149.200.80 - - [14/Oct/2015:21:02:10 ] "GET /Givency HTTP/1.0" 200 3211 "-" "Mozilla/5.0 (Macintosh; Intel Mac OS X 10_9_2) AppleWebKit/537.36 (KHTML, like Gecko) Chrome/36.0.1944.0 Safari/537.36"
179.203.132.160 - - [14/Oct/2015:21:02:55 ] "GET /Dior HTTP/1.0" 200 4757 "http://instagram.com" "Mozilla/5.0 (Macintosh; Intel Mac OS X 10_9_2) AppleWebKit/537.36 (KHTML, like Gecko) Chrome/36.0.1944.0 Safari/537.36"
62.112.34.46 - - [14/Oct/2015:21:05:09 ] "GET /Chanel HTTP/1.0" 200 2769 "http://www.google.com" "Mozilla/5.0 (Linux; U; Android 2.3.5; en-us; HTC Vision Build/GRI40) AppleWebKit/533.1 (KHTML, like Gecko) Version/4.0 Mobile Safari/533.1"
137.89.53.3 - - [14/Oct/2015:21:07:53 ] "GET /Bvlgari HTTP/1.0" 200 2463 "http://facebook.com/" "Mozilla/5.0 (Windows; U; Windows NT 6.1; rv:2.2) Gecko/20110201"
